Archive member included to satisfy reference by file (symbol)

/opt/st/stm32cubeide_1.5.1/plugins/com.st.stm32cube.ide.mcu.externaltools.gnu-tools-for-stm32.7-2018-q2-update.linux64_1.5.0.202011040924/tools/bin/../lib/gcc/arm-none-eabi/7.3.1/../../../../arm-none-eabi/lib/thumb/v7e-m/fpv4-sp/hard/libc_nano.a(lib_a-errno.o)
                              Core/Src/syscalls.o (__errno)
/opt/st/stm32cubeide_1.5.1/plugins/com.st.stm32cube.ide.mcu.externaltools.gnu-tools-for-stm32.7-2018-q2-update.linux64_1.5.0.202011040924/tools/bin/../lib/gcc/arm-none-eabi/7.3.1/../../../../arm-none-eabi/lib/thumb/v7e-m/fpv4-sp/hard/libc_nano.a(lib_a-exit.o)
                              /opt/st/stm32cubeide_1.5.1/plugins/com.st.stm32cube.ide.mcu.externaltools.gnu-tools-for-stm32.7-2018-q2-update.linux64_1.5.0.202011040924/tools/bin/../lib/gcc/arm-none-eabi/7.3.1/../../../../arm-none-eabi/lib/thumb/v7e-m/fpv4-sp/hard/crt0.o (exit)
/opt/st/stm32cubeide_1.5.1/plugins/com.st.stm32cube.ide.mcu.externaltools.gnu-tools-for-stm32.7-2018-q2-update.linux64_1.5.0.202011040924/tools/bin/../lib/gcc/arm-none-eabi/7.3.1/../../../../arm-none-eabi/lib/thumb/v7e-m/fpv4-sp/hard/libc_nano.a(lib_a-impure.o)
                              /opt/st/stm32cubeide_1.5.1/plugins/com.st.stm32cube.ide.mcu.externaltools.gnu-tools-for-stm32.7-2018-q2-update.linux64_1.5.0.202011040924/tools/bin/../lib/gcc/arm-none-eabi/7.3.1/../../../../arm-none-eabi/lib/thumb/v7e-m/fpv4-sp/hard/libc_nano.a(lib_a-exit.o) (_global_impure_ptr)
/opt/st/stm32cubeide_1.5.1/plugins/com.st.stm32cube.ide.mcu.externaltools.gnu-tools-for-stm32.7-2018-q2-update.linux64_1.5.0.202011040924/tools/bin/../lib/gcc/arm-none-eabi/7.3.1/../../../../arm-none-eabi/lib/thumb/v7e-m/fpv4-sp/hard/libc_nano.a(lib_a-init.o)
                              /opt/st/stm32cubeide_1.5.1/plugins/com.st.stm32cube.ide.mcu.externaltools.gnu-tools-for-stm32.7-2018-q2-update.linux64_1.5.0.202011040924/tools/bin/../lib/gcc/arm-none-eabi/7.3.1/../../../../arm-none-eabi/lib/thumb/v7e-m/fpv4-sp/hard/crt0.o (__libc_init_array)
/opt/st/stm32cubeide_1.5.1/plugins/com.st.stm32cube.ide.mcu.externaltools.gnu-tools-for-stm32.7-2018-q2-update.linux64_1.5.0.202011040924/tools/bin/../lib/gcc/arm-none-eabi/7.3.1/../../../../arm-none-eabi/lib/thumb/v7e-m/fpv4-sp/hard/libc_nano.a(lib_a-memset.o)
                              /opt/st/stm32cubeide_1.5.1/plugins/com.st.stm32cube.ide.mcu.externaltools.gnu-tools-for-stm32.7-2018-q2-update.linux64_1.5.0.202011040924/tools/bin/../lib/gcc/arm-none-eabi/7.3.1/../../../../arm-none-eabi/lib/thumb/v7e-m/fpv4-sp/hard/crt0.o (memset)
/opt/st/stm32cubeide_1.5.1/plugins/com.st.stm32cube.ide.mcu.externaltools.gnu-tools-for-stm32.7-2018-q2-update.linux64_1.5.0.202011040924/tools/bin/../lib/gcc/arm-none-eabi/7.3.1/../../../../arm-none-eabi/lib/thumb/v7e-m/fpv4-sp/hard/libc_nano.a(lib_a-strlen.o)
                              Core/Src/LiquidCrystal.o (strlen)

Allocating common symbols
Common symbol       size              file

_row_offsets        0x4               Core/Src/LiquidCrystal.o
map                 0x3c0             Core/Src/stm32f3xx_it.o
_rw_pin             0x2               Core/Src/LiquidCrystal.o
hi2c1               0x4c              Core/Src/main.o
_port               0x4               Core/Src/LiquidCrystal.o
_displaycontrol     0x1               Core/Src/LiquidCrystal.o
_numlines           0x1               Core/Src/LiquidCrystal.o
uwTick              0x4               Drivers/STM32F3xx_HAL_Driver/Src/stm32f3xx_hal.o
pFlash              0x20              Drivers/STM32F3xx_HAL_Driver/Src/stm32f3xx_hal_flash.o
htim3               0x4c              Core/Src/main.o
_data_pins          0x10              Core/Src/LiquidCrystal.o
_displaymode        0x1               Core/Src/LiquidCrystal.o
_displayfunction    0x1               Core/Src/LiquidCrystal.o
data                0x1               Core/Src/main.o
_enable_pin         0x2               Core/Src/LiquidCrystal.o
hspi1               0x64              Core/Src/main.o
_rs_pin             0x2               Core/Src/LiquidCrystal.o
huart2              0x84              Core/Src/main.o
hpcd_USB_FS         0x2ec             Core/Src/main.o
_initialized        0x1               Core/Src/LiquidCrystal.o
lastLcd             0x140             Core/Src/stm32f3xx_it.o

Discarded input sections

 .text          0x0000000000000000        0x0 /opt/st/stm32cubeide_1.5.1/plugins/com.st.stm32cube.ide.mcu.externaltools.gnu-tools-for-stm32.7-2018-q2-update.linux64_1.5.0.202011040924/tools/bin/../lib/gcc/arm-none-eabi/7.3.1/thumb/v7e-m/fpv4-sp/hard/crti.o
 .data          0x0000000000000000        0x0 /opt/st/stm32cubeide_1.5.1/plugins/com.st.stm32cube.ide.mcu.externaltools.gnu-tools-for-stm32.7-2018-q2-update.linux64_1.5.0.202011040924/tools/bin/../lib/gcc/arm-none-eabi/7.3.1/thumb/v7e-m/fpv4-sp/hard/crti.o
[...]
Memory Configuration

Name             Origin             Length             Attributes
CCMRAM           0x0000000010000000 0x0000000000002000 xrw
RAM              0x0000000020000000 0x000000000000a000 xrw
FLASH            0x0000000008000000 0x0000000000040000 xr
*default*        0x0000000000000000 0xffffffffffffffff

Linker script and memory map

LOAD /opt/st/stm32cubeide_1.5.1/plugins/com.st.stm32cube.ide.mcu.externaltools.gnu-tools-for-stm32.7-2018-q2-update.linux64_1.5.0.202011040924/tools/bin/../lib/gcc/arm-none-eabi/7.3.1/thumb/v7e-m/fpv4-sp/hard/crti.o
LOAD /opt/st/stm32cubeide_1.5.1/plugins/com.st.stm32cube.ide.mcu.externaltools.gnu-tools-for-stm32.7-2018-q2-update.linux64_1.5.0.202011040924/tools/bin/../lib/gcc/arm-none-eabi/7.3.1/thumb/v7e-m/fpv4-sp/hard/crtbegin.o
LOAD /opt/st/stm32cubeide_1.5.1/plugins/com.st.stm32cube.ide.mcu.externaltools.gnu-tools-for-stm32.7-2018-q2-update.linux64_1.5.0.202011040924/tools/bin/../lib/gcc/arm-none-eabi/7.3.1/../../../../arm-none-eabi/lib/thumb/v7e-m/fpv4-sp/hard/crt0.o
LOAD Core/Src/LiquidCrystal.o
LOAD Core/Src/main.o
LOAD Core/Src/stm32f3xx_hal_msp.o
LOAD Core/Src/stm32f3xx_it.o
LOAD Core/Src/syscalls.o
LOAD Core/Src/sysmem.o
LOAD Core/Src/system_stm32f3xx.o
LOAD Core/Startup/startup_stm32f303vctx.o
LOAD Drivers/STM32F3xx_HAL_Driver/Src/stm32f3xx_hal.o
LOAD Drivers/STM32F3xx_HAL_Driver/Src/stm32f3xx_hal_cortex.o
LOAD Drivers/STM32F3xx_HAL_Driver/Src/stm32f3xx_hal_dma.o
LOAD Drivers/STM32F3xx_HAL_Driver/Src/stm32f3xx_hal_exti.o
LOAD Drivers/STM32F3xx_HAL_Driver/Src/stm32f3xx_hal_flash.o
LOAD Drivers/STM32F3xx_HAL_Driver/Src/stm32f3xx_hal_flash_ex.o
LOAD Drivers/STM32F3xx_HAL_Driver/Src/stm32f3xx_hal_gpio.o
LOAD Drivers/STM32F3xx_HAL_Driver/Src/stm32f3xx_hal_i2c.o
LOAD Drivers/STM32F3xx_HAL_Driver/Src/stm32f3xx_hal_i2c_ex.o
LOAD Drivers/STM32F3xx_HAL_Driver/Src/stm32f3xx_hal_pcd.o
LOAD Drivers/STM32F3xx_HAL_Driver/Src/stm32f3xx_hal_pcd_ex.o
LOAD Drivers/STM32F3xx_HAL_Driver/Src/stm32f3xx_hal_pwr.o
LOAD Drivers/STM32F3xx_HAL_Driver/Src/stm32f3xx_hal_pwr_ex.o
LOAD Drivers/STM32F3xx_HAL_Driver/Src/stm32f3xx_hal_rcc.o
LOAD Drivers/STM32F3xx_HAL_Driver/Src/stm32f3xx_hal_rcc_ex.o
LOAD Drivers/STM32F3xx_HAL_Driver/Src/stm32f3xx_hal_spi.o
LOAD Drivers/STM32F3xx_HAL_Driver/Src/stm32f3xx_hal_spi_ex.o
LOAD Drivers/STM32F3xx_HAL_Driver/Src/stm32f3xx_hal_tim.o
LOAD Drivers/STM32F3xx_HAL_Driver/Src/stm32f3xx_hal_tim_ex.o
LOAD Drivers/STM32F3xx_HAL_Driver/Src/stm32f3xx_hal_uart.o
LOAD Drivers/STM32F3xx_HAL_Driver/Src/stm32f3xx_hal_uart_ex.o
LOAD Drivers/STM32F3xx_HAL_Driver/Src/stm32f3xx_ll_usb.o
START GROUP
LOAD /opt/st/stm32cubeide_1.5.1/plugins/com.st.stm32cube.ide.mcu.externaltools.gnu-tools-for-stm32.7-2018-q2-update.linux64_1.5.0.202011040924/tools/bin/../lib/gcc/arm-none-eabi/7.3.1/../../../../arm-none-eabi/lib/thumb/v7e-m/fpv4-sp/hard/libc_nano.a
LOAD /opt/st/stm32cubeide_1.5.1/plugins/com.st.stm32cube.ide.mcu.externaltools.gnu-tools-for-stm32.7-2018-q2-update.linux64_1.5.0.202011040924/tools/bin/../lib/gcc/arm-none-eabi/7.3.1/../../../../arm-none-eabi/lib/thumb/v7e-m/fpv4-sp/hard/libm.a
END GROUP
START GROUP
LOAD /opt/st/stm32cubeide_1.5.1/plugins/com.st.stm32cube.ide.mcu.externaltools.gnu-tools-for-stm32.7-2018-q2-update.linux64_1.5.0.202011040924/tools/bin/../lib/gcc/arm-none-eabi/7.3.1/thumb/v7e-m/fpv4-sp/hard/libgcc.a
LOAD /opt/st/stm32cubeide_1.5.1/plugins/com.st.stm32cube.ide.mcu.externaltools.gnu-tools-for-stm32.7-2018-q2-update.linux64_1.5.0.202011040924/tools/bin/../lib/gcc/arm-none-eabi/7.3.1/../../../../arm-none-eabi/lib/thumb/v7e-m/fpv4-sp/hard/libc_nano.a
END GROUP
START GROUP
LOAD /opt/st/stm32cubeide_1.5.1/plugins/com.st.stm32cube.ide.mcu.externaltools.gnu-tools-for-stm32.7-2018-q2-update.linux64_1.5.0.202011040924/tools/bin/../lib/gcc/arm-none-eabi/7.3.1/thumb/v7e-m/fpv4-sp/hard/libgcc.a
LOAD /opt/st/stm32cubeide_1.5.1/plugins/com.st.stm32cube.ide.mcu.externaltools.gnu-tools-for-stm32.7-2018-q2-update.linux64_1.5.0.202011040924/tools/bin/../lib/gcc/arm-none-eabi/7.3.1/../../../../arm-none-eabi/lib/thumb/v7e-m/fpv4-sp/hard/libc_nano.a
LOAD /opt/st/stm32cubeide_1.5.1/plugins/com.st.stm32cube.ide.mcu.externaltools.gnu-tools-for-stm32.7-2018-q2-update.linux64_1.5.0.202011040924/tools/bin/../lib/gcc/arm-none-eabi/7.3.1/../../../../arm-none-eabi/lib/thumb/v7e-m/fpv4-sp/hard/libnosys.a
END GROUP
START GROUP
LOAD /opt/st/stm32cubeide_1.5.1/plugins/com.st.stm32cube.ide.mcu.externaltools.gnu-tools-for-stm32.7-2018-q2-update.linux64_1.5.0.202011040924/tools/bin/../lib/gcc/arm-none-eabi/7.3.1/thumb/v7e-m/fpv4-sp/hard/libgcc.a
LOAD /opt/st/stm32cubeide_1.5.1/plugins/com.st.stm32cube.ide.mcu.externaltools.gnu-tools-for-stm32.7-2018-q2-update.linux64_1.5.0.202011040924/tools/bin/../lib/gcc/arm-none-eabi/7.3.1/../../../../arm-none-eabi/lib/thumb/v7e-m/fpv4-sp/hard/libc_nano.a
LOAD /opt/st/stm32cubeide_1.5.1/plugins/com.st.stm32cube.ide.mcu.externaltools.gnu-tools-for-stm32.7-2018-q2-update.linux64_1.5.0.202011040924/tools/bin/../lib/gcc/arm-none-eabi/7.3.1/../../../../arm-none-eabi/lib/thumb/v7e-m/fpv4-sp/hard/libnosys.a
END GROUP
LOAD /opt/st/stm32cubeide_1.5.1/plugins/com.st.stm32cube.ide.mcu.externaltools.gnu-tools-for-stm32.7-2018-q2-update.linux64_1.5.0.202011040924/tools/bin/../lib/gcc/arm-none-eabi/7.3.1/thumb/v7e-m/fpv4-sp/hard/crtend.o
LOAD /opt/st/stm32cubeide_1.5.1/plugins/com.st.stm32cube.ide.mcu.externaltools.gnu-tools-for-stm32.7-2018-q2-update.linux64_1.5.0.202011040924/tools/bin/../lib/gcc/arm-none-eabi/7.3.1/thumb/v7e-m/fpv4-sp/hard/crtn.o
                0x000000002000a000                _estack = (ORIGIN (RAM) + LENGTH (RAM))
                0x0000000000000200                _Min_Heap_Size = 0x200
                0x0000000000000400                _Min_Stack_Size = 0x400

.isr_vector     0x0000000008000000      0x188
                0x0000000008000000                . = ALIGN (0x4)
 *(.isr_vector)
 .isr_vector    0x0000000008000000      0x188 Core/Startup/startup_stm32f303vctx.o
                0x0000000008000000                g_pfnVectors
                0x0000000008000188                . = ALIGN (0x4)

.text           0x0000000008000188     0x53b0
                0x0000000008000188                . = ALIGN (0x4)
 *(.text)
 .text          0x0000000008000188       0x40 /opt/st/stm32cubeide_1.5.1/plugins/com.st.stm32cube.ide.mcu.externaltools.gnu-tools-for-stm32.7-2018-q2-update.linux64_1.5.0.202011040924/tools/bin/../lib/gcc/arm-none-eabi/7.3.1/thumb/v7e-m/fpv4-sp/hard/crtbegin.o
 *(.text*)
 .text.LiquidCrystal
                0x00000000080001c8       0x94 Core/Src/LiquidCrystal.o
                0x00000000080001c8                LiquidCrystal
 .text.init     0x000000000800025c       0x9c Core/Src/LiquidCrystal.o
                0x000000000800025c                init
 .text.begin    0x00000000080002f8      0x220 Core/Src/LiquidCrystal.o
                0x00000000080002f8                begin
 .text.enableClock
                0x0000000008000518      0x128 Core/Src/LiquidCrystal.o
                0x0000000008000518                enableClock
 .text.setRowOffsets
                0x0000000008000640       0x40 Core/Src/LiquidCrystal.o
                0x0000000008000640                setRowOffsets
 .text.clear    0x0000000008000680       0x14 Core/Src/LiquidCrystal.o
                0x0000000008000680                clear
 .text.setCursor
                0x0000000008000694       0x64 Core/Src/LiquidCrystal.o
                0x0000000008000694                setCursor
 .text.display  0x00000000080006f8       0x2c Core/Src/LiquidCrystal.o
                0x00000000080006f8                display
 .text.createChar
                0x0000000008000724       0x50 Core/Src/LiquidCrystal.o
                0x0000000008000724                createChar
 .text.command  0x0000000008000774       0x1c Core/Src/LiquidCrystal.o
                0x0000000008000774                command
 .text.write    0x0000000008000790       0x1e Core/Src/LiquidCrystal.o
                0x0000000008000790                write
 *fill*         0x00000000080007ae        0x2 
 .text.send     0x00000000080007b0       0x7c Core/Src/LiquidCrystal.o
                0x00000000080007b0                send
 .text.pulseEnable
                0x000000000800082c       0x54 Core/Src/LiquidCrystal.o
                0x000000000800082c                pulseEnable
 .text.write4bits
                0x0000000008000880       0x54 Core/Src/LiquidCrystal.o
                0x0000000008000880                write4bits
 .text.write8bits
                0x00000000080008d4       0x54 Core/Src/LiquidCrystal.o
                0x00000000080008d4                write8bits
 .text.main     0x0000000008000928      0x144 Core/Src/main.o
                0x0000000008000928                main
 .text.SystemClock_Config
                0x0000000008000a6c       0xc8 Core/Src/main.o
                0x0000000008000a6c                SystemClock_Config
 .text.MX_I2C1_Init
                0x0000000008000b34       0x80 Core/Src/main.o
 .text.MX_SPI1_Init
                0x0000000008000bb4       0x7c Core/Src/main.o
 .text.MX_TIM3_Init
                0x0000000008000c30       0xa0 Core/Src/main.o
 .text.MX_USART2_UART_Init
                0x0000000008000cd0       0x60 Core/Src/main.o
 .text.MX_USB_PCD_Init
                0x0000000008000d30       0x44 Core/Src/main.o
 .text.MX_GPIO_Init
                0x0000000008000d74      0x100 Core/Src/main.o
 .text.Error_Handler
                0x0000000008000e74        0x8 Core/Src/main.o
                0x0000000008000e74                Error_Handler
 .text.HAL_MspInit
                0x0000000008000e7c       0x48 Core/Src/stm32f3xx_hal_msp.o
                0x0000000008000e7c                HAL_MspInit
 .text.HAL_I2C_MspInit
                0x0000000008000ec4       0x88 Core/Src/stm32f3xx_hal_msp.o
                0x0000000008000ec4                HAL_I2C_MspInit
 .text.HAL_SPI_MspInit
                0x0000000008000f4c       0x84 Core/Src/stm32f3xx_hal_msp.o
                0x0000000008000f4c                HAL_SPI_MspInit
 .text.HAL_TIM_Base_MspInit
                0x0000000008000fd0       0x4c Core/Src/stm32f3xx_hal_msp.o
                0x0000000008000fd0                HAL_TIM_Base_MspInit
 .text.HAL_UART_MspInit
                0x000000000800101c       0x94 Core/Src/stm32f3xx_hal_msp.o
                0x000000000800101c                HAL_UART_MspInit
 .text.HAL_PCD_MspInit
                0x00000000080010b0       0x88 Core/Src/stm32f3xx_hal_msp.o
                0x00000000080010b0                HAL_PCD_MspInit
 .text.NMI_Handler
                0x0000000008001138        0x6 Core/Src/stm32f3xx_it.o
                0x0000000008001138                NMI_Handler
 .text.HardFault_Handler
                0x000000000800113e        0x6 Core/Src/stm32f3xx_it.o
                0x000000000800113e                HardFault_Handler
 .text.MemManage_Handler
                0x0000000008001144        0x6 Core/Src/stm32f3xx_it.o
                0x0000000008001144                MemManage_Handler
 .text.BusFault_Handler
                0x000000000800114a        0x6 Core/Src/stm32f3xx_it.o
                0x000000000800114a                BusFault_Handler
 .text.UsageFault_Handler
                0x0000000008001150        0x6 Core/Src/stm32f3xx_it.o
                0x0000000008001150                UsageFault_Handler
 .text.SVC_Handler
                0x0000000008001156        0xe Core/Src/stm32f3xx_it.o
                0x0000000008001156                SVC_Handler
 .text.DebugMon_Handler
                0x0000000008001164        0xe Core/Src/stm32f3xx_it.o
                0x0000000008001164                DebugMon_Handler
 .text.PendSV_Handler
                0x0000000008001172        0xe Core/Src/stm32f3xx_it.o
                0x0000000008001172                PendSV_Handler
 .text.SysTick_Handler
                0x0000000008001180        0xc Core/Src/stm32f3xx_it.o
                0x0000000008001180                SysTick_Handler
 .text.TIM3_IRQHandler
                0x000000000800118c       0xc4 Core/Src/stm32f3xx_it.o
                0x000000000800118c                TIM3_IRQHandler
 .text.USART2_IRQHandler
                0x0000000008001250       0x80 Core/Src/stm32f3xx_it.o
                0x0000000008001250                USART2_IRQHandler
 .text.updateWindowMarioPosition
                0x00000000080012d0      0x130 Core/Src/stm32f3xx_it.o
                0x00000000080012d0                updateWindowMarioPosition
 .text.updateMarioPosition
                0x0000000008001400       0x3c Core/Src/stm32f3xx_it.o
                0x0000000008001400                updateMarioPosition
 .text.updateMap
                0x000000000800143c      0x218 Core/Src/stm32f3xx_it.o
                0x000000000800143c                updateMap
 .text.showMap  0x0000000008001654      0x19c Core/Src/stm32f3xx_it.o
                0x0000000008001654                showMap
 .text.fillTestMap
                0x00000000080017f0      0x100 Core/Src/stm32f3xx_it.o
                0x00000000080017f0                fillTestMap
 .text.SystemInit
                0x00000000080018f0       0x24 Core/Src/system_stm32f3xx.o
                0x00000000080018f0                SystemInit
 .text.Reset_Handler
                0x0000000008001914       0x50 Core/Startup/startup_stm32f303vctx.o
                0x0000000008001914                Reset_Handler
 .text.Default_Handler
                0x0000000008001964        0x2 Core/Startup/startup_stm32f303vctx.o
                0x0000000008001964                RTC_Alarm_IRQHandler
                0x0000000008001964                TIM8_TRG_COM_IRQHandler
                0x0000000008001964                TIM8_CC_IRQHandler
                0x0000000008001964                TIM1_CC_IRQHandler
                0x0000000008001964                USB_HP_IRQHandler
                0x0000000008001964                PVD_IRQHandler
                0x0000000008001964                TAMP_STAMP_IRQHandler
                0x0000000008001964                EXTI3_IRQHandler
                0x0000000008001964                USB_HP_CAN_TX_IRQHandler
                0x0000000008001964                EXTI0_IRQHandler
                0x0000000008001964                I2C2_EV_IRQHandler
                0x0000000008001964                FPU_IRQHandler
                0x0000000008001964                TIM1_UP_TIM16_IRQHandler
                0x0000000008001964                ADC1_2_IRQHandler
                0x0000000008001964                SPI1_IRQHandler
                0x0000000008001964                CAN_SCE_IRQHandler
                0x0000000008001964                TIM6_DAC_IRQHandler
                0x0000000008001964                TIM8_UP_IRQHandler
                0x0000000008001964                DMA2_Channel2_IRQHandler
                0x0000000008001964                DMA1_Channel4_IRQHandler
                0x0000000008001964                USART3_IRQHandler
                0x0000000008001964                DMA1_Channel7_IRQHandler
                0x0000000008001964                UART5_IRQHandler
                0x0000000008001964                ADC3_IRQHandler
                0x0000000008001964                TIM4_IRQHandler
                0x0000000008001964                CAN_RX1_IRQHandler
                0x0000000008001964                DMA2_Channel1_IRQHandler
                0x0000000008001964                I2C1_EV_IRQHandler
                0x0000000008001964                DMA1_Channel6_IRQHandler
                0x0000000008001964                UART4_IRQHandler
                0x0000000008001964                DMA2_Channel4_IRQHandler
                0x0000000008001964                RCC_IRQHandler
                0x0000000008001964                DMA1_Channel1_IRQHandler
                0x0000000008001964                Default_Handler
                0x0000000008001964                USBWakeUp_RMP_IRQHandler
                0x0000000008001964                EXTI15_10_IRQHandler
                0x0000000008001964                TIM7_IRQHandler
                0x0000000008001964                EXTI9_5_IRQHandler
                0x0000000008001964                RTC_WKUP_IRQHandler
                0x0000000008001964                SPI2_IRQHandler
                0x0000000008001964                USB_LP_CAN_RX0_IRQHandler
                0x0000000008001964                DMA2_Channel5_IRQHandler
                0x0000000008001964                DMA1_Channel5_IRQHandler
                0x0000000008001964                USB_LP_IRQHandler
                0x0000000008001964                EXTI4_IRQHandler
                0x0000000008001964                TIM1_TRG_COM_TIM17_IRQHandler
                0x0000000008001964                DMA1_Channel3_IRQHandler
                0x0000000008001964                ADC4_IRQHandler
                0x0000000008001964                WWDG_IRQHandler
                0x0000000008001964                TIM2_IRQHandler
                0x0000000008001964                COMP7_IRQHandler
                0x0000000008001964                COMP1_2_3_IRQHandler
                0x0000000008001964                EXTI1_IRQHandler
                0x0000000008001964                COMP4_5_6_IRQHandler
                0x0000000008001964                I2C2_ER_IRQHandler
                0x0000000008001964                DMA1_Channel2_IRQHandler
                0x0000000008001964                TIM8_BRK_IRQHandler
                0x0000000008001964                FLASH_IRQHandler
                0x0000000008001964                USART1_IRQHandler
                0x0000000008001964                SPI3_IRQHandler
                0x0000000008001964                I2C1_ER_IRQHandler
                0x0000000008001964                USBWakeUp_IRQHandler
                0x0000000008001964                DMA2_Channel3_IRQHandler
                0x0000000008001964                EXTI2_TSC_IRQHandler
                0x0000000008001964                TIM1_BRK_TIM15_IRQHandler
 *fill*         0x0000000008001966        0x2 
 .text.HAL_Init
                0x0000000008001968       0x2c Drivers/STM32F3xx_HAL_Driver/Src/stm32f3xx_hal.o
                0x0000000008001968                HAL_Init
 .text.HAL_InitTick
                0x0000000008001994       0x60 Drivers/STM32F3xx_HAL_Driver/Src/stm32f3xx_hal.o
                0x0000000008001994                HAL_InitTick
 .text.HAL_IncTick
                0x00000000080019f4       0x28 Drivers/STM32F3xx_HAL_Driver/Src/stm32f3xx_hal.o
                0x00000000080019f4                HAL_IncTick
 .text.HAL_GetTick
                0x0000000008001a1c       0x18 Drivers/STM32F3xx_HAL_Driver/Src/stm32f3xx_hal.o
                0x0000000008001a1c                HAL_GetTick
 .text.HAL_Delay
                0x0000000008001a34       0x44 Drivers/STM32F3xx_HAL_Driver/Src/stm32f3xx_hal.o
                0x0000000008001a34                HAL_Delay
 .text.__NVIC_SetPriorityGrouping
                0x0000000008001a78       0x48 Drivers/STM32F3xx_HAL_Driver/Src/stm32f3xx_hal_cortex.o
 .text.__NVIC_GetPriorityGrouping
                0x0000000008001ac0       0x1c Drivers/STM32F3xx_HAL_Driver/Src/stm32f3xx_hal_cortex.o
 .text.__NVIC_EnableIRQ
                0x0000000008001adc       0x3c Drivers/STM32F3xx_HAL_Driver/Src/stm32f3xx_hal_cortex.o
 .text.__NVIC_SetPriority
                0x0000000008001b18       0x54 Drivers/STM32F3xx_HAL_Driver/Src/stm32f3xx_hal_cortex.o
 .text.NVIC_EncodePriority
                0x0000000008001b6c       0x66 Drivers/STM32F3xx_HAL_Driver/Src/stm32f3xx_hal_cortex.o
 *fill*         0x0000000008001bd2        0x2 
 .text.SysTick_Config
                0x0000000008001bd4       0x44 Drivers/STM32F3xx_HAL_Driver/Src/stm32f3xx_hal_cortex.o
 .text.HAL_NVIC_SetPriorityGrouping
                0x0000000008001c18       0x16 Drivers/STM32F3xx_HAL_Driver/Src/stm32f3xx_hal_cortex.o
                0x0000000008001c18                HAL_NVIC_SetPriorityGrouping
 .text.HAL_NVIC_SetPriority
                0x0000000008001c2e       0x38 Drivers/STM32F3xx_HAL_Driver/Src/stm32f3xx_hal_cortex.o
                0x0000000008001c2e                HAL_NVIC_SetPriority
 .text.HAL_NVIC_EnableIRQ
                0x0000000008001c66       0x1c Drivers/STM32F3xx_HAL_Driver/Src/stm32f3xx_hal_cortex.o
                0x0000000008001c66                HAL_NVIC_EnableIRQ
 .text.HAL_SYSTICK_Config
                0x0000000008001c82       0x18 Drivers/STM32F3xx_HAL_Driver/Src/stm32f3xx_hal_cortex.o
                0x0000000008001c82                HAL_SYSTICK_Config
 .text.HAL_DMA_Abort
                0x0000000008001c9a       0x72 Drivers/STM32F3xx_HAL_Driver/Src/stm32f3xx_hal_dma.o
                0x0000000008001c9a                HAL_DMA_Abort
 .text.HAL_DMA_Abort_IT
                0x0000000008001d0c       0x7c Drivers/STM32F3xx_HAL_Driver/Src/stm32f3xx_hal_dma.o
                0x0000000008001d0c                HAL_DMA_Abort_IT
 .text.HAL_GPIO_Init
                0x0000000008001d88      0x2f4 Drivers/STM32F3xx_HAL_Driver/Src/stm32f3xx_hal_gpio.o
                0x0000000008001d88                HAL_GPIO_Init
 .text.HAL_GPIO_WritePin
                0x000000000800207c       0x30 Drivers/STM32F3xx_HAL_Driver/Src/stm32f3xx_hal_gpio.o
                0x000000000800207c                HAL_GPIO_WritePin
 .text.HAL_I2C_Init
                0x00000000080020ac      0x11e Drivers/STM32F3xx_HAL_Driver/Src/stm32f3xx_hal_i2c.o
                0x00000000080020ac                HAL_I2C_Init
 .text.HAL_I2CEx_ConfigAnalogFilter
                0x00000000080021ca       0x96 Drivers/STM32F3xx_HAL_Driver/Src/stm32f3xx_hal_i2c_ex.o
                0x00000000080021ca                HAL_I2CEx_ConfigAnalogFilter
 .text.HAL_I2CEx_ConfigDigitalFilter
                0x0000000008002260       0x98 Drivers/STM32F3xx_HAL_Driver/Src/stm32f3xx_hal_i2c_ex.o
                0x0000000008002260                HAL_I2CEx_ConfigDigitalFilter
 .text.HAL_PCD_Init
                0x00000000080022f8      0x1bc Drivers/STM32F3xx_HAL_Driver/Src/stm32f3xx_hal_pcd.o
                0x00000000080022f8                HAL_PCD_Init
 .text.HAL_RCC_OscConfig
                0x00000000080024b4      0xe10 Drivers/STM32F3xx_HAL_Driver/Src/stm32f3xx_hal_rcc.o
                0x00000000080024b4                HAL_RCC_OscConfig
 .text.HAL_RCC_ClockConfig
                0x00000000080032c4      0x2f8 Drivers/STM32F3xx_HAL_Driver/Src/stm32f3xx_hal_rcc.o
                0x00000000080032c4                HAL_RCC_ClockConfig
 .text.HAL_RCC_GetSysClockFreq
                0x00000000080035bc       0xd4 Drivers/STM32F3xx_HAL_Driver/Src/stm32f3xx_hal_rcc.o
                0x00000000080035bc                HAL_RCC_GetSysClockFreq
 .text.HAL_RCC_GetHCLKFreq
                0x0000000008003690       0x18 Drivers/STM32F3xx_HAL_Driver/Src/stm32f3xx_hal_rcc.o
                0x0000000008003690                HAL_RCC_GetHCLKFreq
 .text.HAL_RCC_GetPCLK1Freq
                0x00000000080036a8       0x44 Drivers/STM32F3xx_HAL_Driver/Src/stm32f3xx_hal_rcc.o
                0x00000000080036a8                HAL_RCC_GetPCLK1Freq
 .text.HAL_RCC_GetPCLK2Freq
                0x00000000080036ec       0x44 Drivers/STM32F3xx_HAL_Driver/Src/stm32f3xx_hal_rcc.o
                0x00000000080036ec                HAL_RCC_GetPCLK2Freq
 .text.HAL_RCCEx_PeriphCLKConfig
                0x0000000008003730      0x360 Drivers/STM32F3xx_HAL_Driver/Src/stm32f3xx_hal_rcc_ex.o
                0x0000000008003730                HAL_RCCEx_PeriphCLKConfig
 .text.HAL_SPI_Init
                0x0000000008003a90      0x156 Drivers/STM32F3xx_HAL_Driver/Src/stm32f3xx_hal_spi.o
                0x0000000008003a90                HAL_SPI_Init
 .text.HAL_TIM_Base_Init
                0x0000000008003be6       0xae Drivers/STM32F3xx_HAL_Driver/Src/stm32f3xx_hal_tim.o
                0x0000000008003be6                HAL_TIM_Base_Init
 .text.HAL_TIM_Base_Start_IT
                0x0000000008003c94       0xd4 Drivers/STM32F3xx_HAL_Driver/Src/stm32f3xx_hal_tim.o
                0x0000000008003c94                HAL_TIM_Base_Start_IT
 .text.HAL_TIM_IRQHandler
                0x0000000008003d68      0x23e Drivers/STM32F3xx_HAL_Driver/Src/stm32f3xx_hal_tim.o
                0x0000000008003d68                HAL_TIM_IRQHandler
 .text.HAL_TIM_ConfigClockSource
                0x0000000008003fa6      0x172 Drivers/STM32F3xx_HAL_Driver/Src/stm32f3xx_hal_tim.o
                0x0000000008003fa6                HAL_TIM_ConfigClockSource
 .text.HAL_TIM_PeriodElapsedCallback
                0x0000000008004118       0x14 Drivers/STM32F3xx_HAL_Driver/Src/stm32f3xx_hal_tim.o
                0x0000000008004118                HAL_TIM_PeriodElapsedCallback
 .text.HAL_TIM_OC_DelayElapsedCallback
                0x000000000800412c       0x14 Drivers/STM32F3xx_HAL_Driver/Src/stm32f3xx_hal_tim.o
                0x000000000800412c                HAL_TIM_OC_DelayElapsedCallback
 .text.HAL_TIM_IC_CaptureCallback
                0x0000000008004140       0x14 Drivers/STM32F3xx_HAL_Driver/Src/stm32f3xx_hal_tim.o
                0x0000000008004140                HAL_TIM_IC_CaptureCallback
 .text.HAL_TIM_PWM_PulseFinishedCallback
                0x0000000008004154       0x14 Drivers/STM32F3xx_HAL_Driver/Src/stm32f3xx_hal_tim.o
                0x0000000008004154                HAL_TIM_PWM_PulseFinishedCallback
 .text.HAL_TIM_TriggerCallback
                0x0000000008004168       0x14 Drivers/STM32F3xx_HAL_Driver/Src/stm32f3xx_hal_tim.o
                0x0000000008004168                HAL_TIM_TriggerCallback
 .text.TIM_Base_SetConfig
                0x000000000800417c      0x120 Drivers/STM32F3xx_HAL_Driver/Src/stm32f3xx_hal_tim.o
                0x000000000800417c                TIM_Base_SetConfig
 .text.TIM_TI1_ConfigInputStage
                0x000000000800429c       0x5e Drivers/STM32F3xx_HAL_Driver/Src/stm32f3xx_hal_tim.o
 .text.TIM_TI2_ConfigInputStage
                0x00000000080042fa       0x60 Drivers/STM32F3xx_HAL_Driver/Src/stm32f3xx_hal_tim.o
 .text.TIM_ITRx_SetConfig
                0x000000000800435a       0x36 Drivers/STM32F3xx_HAL_Driver/Src/stm32f3xx_hal_tim.o
 .text.TIM_ETR_SetConfig
                0x0000000008004390       0x40 Drivers/STM32F3xx_HAL_Driver/Src/stm32f3xx_hal_tim.o
                0x0000000008004390                TIM_ETR_SetConfig
 .text.HAL_TIMEx_MasterConfigSynchronization
                0x00000000080043d0      0x100 Drivers/STM32F3xx_HAL_Driver/Src/stm32f3xx_hal_tim_ex.o
                0x00000000080043d0                HAL_TIMEx_MasterConfigSynchronization
 .text.HAL_TIMEx_CommutCallback
                0x00000000080044d0       0x14 Drivers/STM32F3xx_HAL_Driver/Src/stm32f3xx_hal_tim_ex.o
                0x00000000080044d0                HAL_TIMEx_CommutCallback
 .text.HAL_TIMEx_BreakCallback
                0x00000000080044e4       0x14 Drivers/STM32F3xx_HAL_Driver/Src/stm32f3xx_hal_tim_ex.o
                0x00000000080044e4                HAL_TIMEx_BreakCallback
 .text.HAL_TIMEx_Break2Callback
                0x00000000080044f8       0x14 Drivers/STM32F3xx_HAL_Driver/Src/stm32f3xx_hal_tim_ex.o
                0x00000000080044f8                HAL_TIMEx_Break2Callback
 .text.HAL_UART_Init
                0x000000000800450c       0x9c Drivers/STM32F3xx_HAL_Driver/Src/stm32f3xx_hal_uart.o
                0x000000000800450c                HAL_UART_Init
 .text.HAL_UART_Receive_IT
                0x00000000080045a8       0x7a Drivers/STM32F3xx_HAL_Driver/Src/stm32f3xx_hal_uart.o
                0x00000000080045a8                HAL_UART_Receive_IT
 *fill*         0x0000000008004622        0x2 
 .text.HAL_UART_IRQHandler
                0x0000000008004624      0x400 Drivers/STM32F3xx_HAL_Driver/Src/stm32f3xx_hal_uart.o
                0x0000000008004624                HAL_UART_IRQHandler
 .text.HAL_UART_TxCpltCallback
                0x0000000008004a24       0x14 Drivers/STM32F3xx_HAL_Driver/Src/stm32f3xx_hal_uart.o
                0x0000000008004a24                HAL_UART_TxCpltCallback
 .text.HAL_UART_RxCpltCallback
                0x0000000008004a38       0x14 Drivers/STM32F3xx_HAL_Driver/Src/stm32f3xx_hal_uart.o
                0x0000000008004a38                HAL_UART_RxCpltCallback
 .text.HAL_UART_ErrorCallback
                0x0000000008004a4c       0x14 Drivers/STM32F3xx_HAL_Driver/Src/stm32f3xx_hal_uart.o
                0x0000000008004a4c                HAL_UART_ErrorCallback
 .text.HAL_UARTEx_RxEventCallback
                0x0000000008004a60       0x18 Drivers/STM32F3xx_HAL_Driver/Src/stm32f3xx_hal_uart.o
                0x0000000008004a60                HAL_UARTEx_RxEventCallback
 .text.UART_SetConfig
                0x0000000008004a78      0x3a4 Drivers/STM32F3xx_HAL_Driver/Src/stm32f3xx_hal_uart.o
                0x0000000008004a78                UART_SetConfig
 .text.UART_AdvFeatureConfig
                0x0000000008004e1c      0x144 Drivers/STM32F3xx_HAL_Driver/Src/stm32f3xx_hal_uart.o
                0x0000000008004e1c                UART_AdvFeatureConfig
 .text.UART_CheckIdleState
                0x0000000008004f60       0x92 Drivers/STM32F3xx_HAL_Driver/Src/stm32f3xx_hal_uart.o
                0x0000000008004f60                UART_CheckIdleState
 .text.UART_WaitOnFlagUntilTimeout
                0x0000000008004ff2       0xf8 Drivers/STM32F3xx_HAL_Driver/Src/stm32f3xx_hal_uart.o
                0x0000000008004ff2                UART_WaitOnFlagUntilTimeout
 *fill*         0x00000000080050ea        0x2 
 .text.UART_Start_Receive_IT
                0x00000000080050ec       0xec Drivers/STM32F3xx_HAL_Driver/Src/stm32f3xx_hal_uart.o
                0x00000000080050ec                UART_Start_Receive_IT
 .text.UART_EndRxTransfer
                0x00000000080051d8       0x5e Drivers/STM32F3xx_HAL_Driver/Src/stm32f3xx_hal_uart.o
 .text.UART_DMAAbortOnError
                0x0000000008005236       0x2c Drivers/STM32F3xx_HAL_Driver/Src/stm32f3xx_hal_uart.o
 .text.UART_EndTransmit_IT
                0x0000000008005262       0x32 Drivers/STM32F3xx_HAL_Driver/Src/stm32f3xx_hal_uart.o
 .text.UART_RxISR_8BIT
                0x0000000008005294       0xd4 Drivers/STM32F3xx_HAL_Driver/Src/stm32f3xx_hal_uart.o
 .text.UART_RxISR_16BIT
                0x0000000008005368       0xd4 Drivers/STM32F3xx_HAL_Driver/Src/stm32f3xx_hal_uart.o
 .text.HAL_UARTEx_WakeupCallback
                0x000000000800543c       0x14 Drivers/STM32F3xx_HAL_Driver/Src/stm32f3xx_hal_uart_ex.o
                0x000000000800543c                HAL_UARTEx_WakeupCallback
 .text.USB_DisableGlobalInt
                0x0000000008005450       0x36 Drivers/STM32F3xx_HAL_Driver/Src/stm32f3xx_ll_usb.o
                0x0000000008005450                USB_DisableGlobalInt
 .text.USB_DevInit
                0x0000000008005486       0x42 Drivers/STM32F3xx_HAL_Driver/Src/stm32f3xx_ll_usb.o
                0x0000000008005486                USB_DevInit
 .text.__libc_init_array
                0x00000000080054c8       0x48 /opt/st/stm32cubeide_1.5.1/plugins/com.st.stm32cube.ide.mcu.externaltools.gnu-tools-for-stm32.7-2018-q2-update.linux64_1.5.0.202011040924/tools/bin/../lib/gcc/arm-none-eabi/7.3.1/../../../../arm-none-eabi/lib/thumb/v7e-m/fpv4-sp/hard/libc_nano.a(lib_a-init.o)
                0x00000000080054c8                __libc_init_array
 .text.memset   0x0000000008005510       0x10 /opt/st/stm32cubeide_1.5.1/plugins/com.st.stm32cube.ide.mcu.externaltools.gnu-tools-for-stm32.7-2018-q2-update.linux64_1.5.0.202011040924/tools/bin/../lib/gcc/arm-none-eabi/7.3.1/../../../../arm-none-eabi/lib/thumb/v7e-m/fpv4-sp/hard/libc_nano.a(lib_a-memset.o)
                0x0000000008005510                memset
 *(.glue_7)
 .glue_7        0x0000000008005520        0x0 linker stubs
 *(.glue_7t)
 .glue_7t       0x0000000008005520        0x0 linker stubs
 *(.eh_frame)
 .eh_frame      0x0000000008005520        0x0 /opt/st/stm32cubeide_1.5.1/plugins/com.st.stm32cube.ide.mcu.externaltools.gnu-tools-for-stm32.7-2018-q2-update.linux64_1.5.0.202011040924/tools/bin/../lib/gcc/arm-none-eabi/7.3.1/thumb/v7e-m/fpv4-sp/hard/crtbegin.o
 *(.init)
 .init          0x0000000008005520        0x4 /opt/st/stm32cubeide_1.5.1/plugins/com.st.stm32cube.ide.mcu.externaltools.gnu-tools-for-stm32.7-2018-q2-update.linux64_1.5.0.202011040924/tools/bin/../lib/gcc/arm-none-eabi/7.3.1/thumb/v7e-m/fpv4-sp/hard/crti.o
                0x0000000008005520                _init
 .init          0x0000000008005524        0x8 /opt/st/stm32cubeide_1.5.1/plugins/com.st.stm32cube.ide.mcu.externaltools.gnu-tools-for-stm32.7-2018-q2-update.linux64_1.5.0.202011040924/tools/bin/../lib/gcc/arm-none-eabi/7.3.1/thumb/v7e-m/fpv4-sp/hard/crtn.o
 *(.fini)
 .fini          0x000000000800552c        0x4 /opt/st/stm32cubeide_1.5.1/plugins/com.st.stm32cube.ide.mcu.externaltools.gnu-tools-for-stm32.7-2018-q2-update.linux64_1.5.0.202011040924/tools/bin/../lib/gcc/arm-none-eabi/7.3.1/thumb/v7e-m/fpv4-sp/hard/crti.o
                0x000000000800552c                _fini
 .fini          0x0000000008005530        0x8 /opt/st/stm32cubeide_1.5.1/plugins/com.st.stm32cube.ide.mcu.externaltools.gnu-tools-for-stm32.7-2018-q2-update.linux64_1.5.0.202011040924/tools/bin/../lib/gcc/arm-none-eabi/7.3.1/thumb/v7e-m/fpv4-sp/hard/crtn.o
                0x0000000008005538                . = ALIGN (0x4)
                0x0000000008005538                _etext = .

.vfp11_veneer   0x0000000008005538        0x0
 .vfp11_veneer  0x0000000008005538        0x0 linker stubs

.v4_bx          0x0000000008005538        0x0
 .v4_bx         0x0000000008005538        0x0 linker stubs

.iplt           0x0000000008005538        0x0
 .iplt          0x0000000008005538        0x0 /opt/st/stm32cubeide_1.5.1/plugins/com.st.stm32cube.ide.mcu.externaltools.gnu-tools-for-stm32.7-2018-q2-update.linux64_1.5.0.202011040924/tools/bin/../lib/gcc/arm-none-eabi/7.3.1/thumb/v7e-m/fpv4-sp/hard/crtbegin.o

.rodata         0x0000000008005538       0x68
                0x0000000008005538                . = ALIGN (0x4)
 *(.rodata)
 .rodata        0x0000000008005538       0x30 Core/Src/main.o
 *(.rodata*)
 .rodata.AHBPrescTable
                0x0000000008005568       0x10 Core/Src/system_stm32f3xx.o
                0x0000000008005568                AHBPrescTable
 .rodata.APBPrescTable
                0x0000000008005578        0x8 Core/Src/system_stm32f3xx.o
                0x0000000008005578                APBPrescTable
 .rodata.aPLLMULFactorTable
                0x0000000008005580       0x10 Drivers/STM32F3xx_HAL_Driver/Src/stm32f3xx_hal_rcc.o
                0x0000000008005580                aPLLMULFactorTable
 .rodata.aPredivFactorTable
                0x0000000008005590       0x10 Drivers/STM32F3xx_HAL_Driver/Src/stm32f3xx_hal_rcc.o
                0x0000000008005590                aPredivFactorTable
                0x00000000080055a0                . = ALIGN (0x4)

.rel.dyn        0x00000000080055a0        0x0
 .rel.iplt      0x00000000080055a0        0x0 /opt/st/stm32cubeide_1.5.1/plugins/com.st.stm32cube.ide.mcu.externaltools.gnu-tools-for-stm32.7-2018-q2-update.linux64_1.5.0.202011040924/tools/bin/../lib/gcc/arm-none-eabi/7.3.1/thumb/v7e-m/fpv4-sp/hard/crtbegin.o

.ARM.extab      0x00000000080055a0        0x0
                0x00000000080055a0                . = ALIGN (0x4)
 *(.ARM.extab* .gnu.linkonce.armextab.*)
                0x00000000080055a0                . = ALIGN (0x4)

.ARM            0x00000000080055a0        0x0
                0x00000000080055a0                . = ALIGN (0x4)
                0x00000000080055a0                __exidx_start = .
 *(.ARM.exidx*)
                0x00000000080055a0                __exidx_end = .
                0x00000000080055a0                . = ALIGN (0x4)

.preinit_array  0x00000000080055a0        0x0
                0x00000000080055a0                . = ALIGN (0x4)
                0x00000000080055a0                PROVIDE (__preinit_array_start = .)
 *(.preinit_array*)
                0x00000000080055a0                PROVIDE (__preinit_array_end = .)
                0x00000000080055a0                . = ALIGN (0x4)

.init_array     0x00000000080055a0        0x4
                0x00000000080055a0                . = ALIGN (0x4)
                0x00000000080055a0                PROVIDE (__init_array_start = .)
 *(SORT_BY_NAME(.init_array.*))
 *(.init_array*)
 .init_array    0x00000000080055a0        0x4 /opt/st/stm32cubeide_1.5.1/plugins/com.st.stm32cube.ide.mcu.externaltools.gnu-tools-for-stm32.7-2018-q2-update.linux64_1.5.0.202011040924/tools/bin/../lib/gcc/arm-none-eabi/7.3.1/thumb/v7e-m/fpv4-sp/hard/crtbegin.o
                0x00000000080055a4                PROVIDE (__init_array_end = .)
                0x00000000080055a4                . = ALIGN (0x4)

.fini_array     0x00000000080055a4        0x4
                0x00000000080055a4                . = ALIGN (0x4)
                [!provide]                        PROVIDE (__fini_array_start = .)
 *(SORT_BY_NAME(.fini_array.*))
 *(.fini_array*)
 .fini_array    0x00000000080055a4        0x4 /opt/st/stm32cubeide_1.5.1/plugins/com.st.stm32cube.ide.mcu.externaltools.gnu-tools-for-stm32.7-2018-q2-update.linux64_1.5.0.202011040924/tools/bin/../lib/gcc/arm-none-eabi/7.3.1/thumb/v7e-m/fpv4-sp/hard/crtbegin.o
                [!provide]                        PROVIDE (__fini_array_end = .)
                0x00000000080055a8                . = ALIGN (0x4)
                0x00000000080055a8                _sidata = LOADADDR (.data)

.data           0x0000000020000000       0x1c load address 0x00000000080055a8
                0x0000000020000000                . = ALIGN (0x4)
                0x0000000020000000                _sdata = .
 *(.data)
 *(.data*)
 .data._fourbit_mode
                0x0000000020000000        0x1 Core/Src/LiquidCrystal.o
                0x0000000020000000                _fourbit_mode
 *fill*         0x0000000020000001        0x3 
 .data.gameSpeed
                0x0000000020000004        0x4 Core/Src/stm32f3xx_it.o
                0x0000000020000004                gameSpeed
 .data.windowEnd
                0x0000000020000008        0x4 Core/Src/stm32f3xx_it.o
                0x0000000020000008                windowEnd
 .data.jump     0x000000002000000c        0x4 Core/Src/stm32f3xx_it.o
                0x000000002000000c                jump
 .data.SystemCoreClock
                0x0000000020000010        0x4 Core/Src/system_stm32f3xx.o
                0x0000000020000010                SystemCoreClock
 .data.uwTickPrio
                0x0000000020000014        0x4 Drivers/STM32F3xx_HAL_Driver/Src/stm32f3xx_hal.o
                0x0000000020000014                uwTickPrio
 .data.uwTickFreq
                0x0000000020000018        0x1 Drivers/STM32F3xx_HAL_Driver/Src/stm32f3xx_hal.o
                0x0000000020000018                uwTickFreq
 *(.RamFunc)
 *(.RamFunc*)
                0x000000002000001c                . = ALIGN (0x4)
 *fill*         0x0000000020000019        0x3 
                0x000000002000001c                _edata = .

.igot.plt       0x000000002000001c        0x0 load address 0x00000000080055c4
 .igot.plt      0x000000002000001c        0x0 /opt/st/stm32cubeide_1.5.1/plugins/com.st.stm32cube.ide.mcu.externaltools.gnu-tools-for-stm32.7-2018-q2-update.linux64_1.5.0.202011040924/tools/bin/../lib/gcc/arm-none-eabi/7.3.1/thumb/v7e-m/fpv4-sp/hard/crtbegin.o
                0x000000002000001c                . = ALIGN (0x4)

.bss            0x000000002000001c      0x9e4 load address 0x00000000080055c4
                0x000000002000001c                _sbss = .
                0x000000002000001c                __bss_start__ = _sbss
 *(.bss)
 .bss           0x000000002000001c       0x1c /opt/st/stm32cubeide_1.5.1/plugins/com.st.stm32cube.ide.mcu.externaltools.gnu-tools-for-stm32.7-2018-q2-update.linux64_1.5.0.202011040924/tools/bin/../lib/gcc/arm-none-eabi/7.3.1/thumb/v7e-m/fpv4-sp/hard/crtbegin.o
 *(.bss*)
 .bss.dotsize   0x0000000020000038        0x1 Core/Src/LiquidCrystal.o
                0x0000000020000038                dotsize
 *fill*         0x0000000020000039        0x3 
 .bss.gameMode  0x000000002000003c        0x4 Core/Src/stm32f3xx_it.o
                0x000000002000003c                gameMode
 .bss.windowStart
                0x0000000020000040        0x4 Core/Src/stm32f3xx_it.o
                0x0000000020000040                windowStart
 .bss.marioX    0x0000000020000044        0x4 Core/Src/stm32f3xx_it.o
                0x0000000020000044                marioX
 .bss.marioY    0x0000000020000048        0x4 Core/Src/stm32f3xx_it.o
                0x0000000020000048                marioY
 .bss.timer     0x000000002000004c        0x4 Core/Src/stm32f3xx_it.o
                0x000000002000004c                timer
 .bss.dir       0x0000000020000050        0x4 Core/Src/stm32f3xx_it.o
                0x0000000020000050                dir
 .bss.marioYTmp
                0x0000000020000054        0x4 Core/Src/stm32f3xx_it.o
                0x0000000020000054                marioYTmp
 .bss.marioLeftRight
                0x0000000020000058        0x4 Core/Src/stm32f3xx_it.o
                0x0000000020000058                marioLeftRight
 .bss.w         0x000000002000005c        0x4 Core/Src/stm32f3xx_it.o
                0x000000002000005c                w
 .bss.willChangeMario
                0x0000000020000060        0x4 Core/Src/stm32f3xx_it.o
                0x0000000020000060                willChangeMario
 *(COMMON)
 COMMON         0x0000000020000064       0x27 Core/Src/LiquidCrystal.o
                0x0000000020000064                _row_offsets
                0x0000000020000068                _rw_pin
                0x000000002000006c                _port
                0x0000000020000070                _displaycontrol
                0x0000000020000071                _numlines
                0x0000000020000074                _data_pins
                0x0000000020000084                _displaymode
                0x0000000020000085                _displayfunction
                0x0000000020000086                _enable_pin
                0x0000000020000088                _rs_pin
                0x000000002000008a                _initialized
 *fill*         0x000000002000008b        0x1 
 COMMON         0x000000002000008c      0x470 Core/Src/main.o
                0x000000002000008c                hi2c1
                0x00000000200000d8                htim3
                0x0000000020000124                data
                0x0000000020000128                hspi1
                0x000000002000018c                huart2
                0x0000000020000210                hpcd_USB_FS
 COMMON         0x00000000200004fc      0x500 Core/Src/stm32f3xx_it.o
                0x00000000200004fc                map
                0x00000000200008bc                lastLcd
 COMMON         0x00000000200009fc        0x4 Drivers/STM32F3xx_HAL_Driver/Src/stm32f3xx_hal.o
                0x00000000200009fc                uwTick
                0x0000000020000a00                . = ALIGN (0x4)
                0x0000000020000a00                _ebss = .
                0x0000000020000a00                __bss_end__ = _ebss

._user_heap_stack
                0x0000000020000a00      0x600 load address 0x00000000080055c4
                0x0000000020000a00                . = ALIGN (0x8)
                [!provide]                        PROVIDE (end = .)
                0x0000000020000a00                PROVIDE (_end = .)
                0x0000000020000c00                . = (. + _Min_Heap_Size)
 *fill*         0x0000000020000a00      0x200 
                0x0000000020001000                . = (. + _Min_Stack_Size)
 *fill*         0x0000000020000c00      0x400 
                0x0000000020001000                . = ALIGN (0x8)

/DISCARD/
 libc.a(*)
 libm.a(*)
 libgcc.a(*)

.ARM.attributes
                0x0000000000000000       0x30
 *(.ARM.attributes)
 .ARM.attributes
                0x0000000000000000       0x22 /opt/st/stm32cubeide_1.5.1/plugins/com.st.stm32cube.ide.mcu.externaltools.gnu-tools-for-stm32.7-2018-q2-update.linux64_1.5.0.202011040924/tools/bin/../lib/gcc/arm-none-eabi/7.3.1/thumb/v7e-m/fpv4-sp/hard/crti.o
 .ARM.attributes
                0x0000000000000022       0x34 /opt/st/stm32cubeide_1.5.1/plugins/com.st.stm32cube.ide.mcu.externaltools.gnu-tools-for-stm32.7-2018-q2-update.linux64_1.5.0.202011040924/tools/bin/../lib/gcc/arm-none-eabi/7.3.1/thumb/v7e-m/fpv4-sp/hard/crtbegin.o
 .ARM.attributes
                0x0000000000000056       0x39 Core/Src/LiquidCrystal.o
 .ARM.attributes
                0x000000000000008f       0x39 Core/Src/main.o
 .ARM.attributes
                0x00000000000000c8       0x39 Core/Src/stm32f3xx_hal_msp.o
 .ARM.attributes
                0x0000000000000101       0x39 Core/Src/stm32f3xx_it.o
 .ARM.attributes
                0x000000000000013a       0x39 Core/Src/system_stm32f3xx.o
 .ARM.attributes
                0x0000000000000173       0x21 Core/Startup/startup_stm32f303vctx.o
 .ARM.attributes
                0x0000000000000194       0x39 Drivers/STM32F3xx_HAL_Driver/Src/stm32f3xx_hal.o
 .ARM.attributes
                0x00000000000001cd       0x39 Drivers/STM32F3xx_HAL_Driver/Src/stm32f3xx_hal_cortex.o
 .ARM.attributes
                0x0000000000000206       0x39 Drivers/STM32F3xx_HAL_Driver/Src/stm32f3xx_hal_dma.o
 .ARM.attributes
                0x000000000000023f       0x39 Drivers/STM32F3xx_HAL_Driver/Src/stm32f3xx_hal_gpio.o
 .ARM.attributes
                0x0000000000000278       0x39 Drivers/STM32F3xx_HAL_Driver/Src/stm32f3xx_hal_i2c.o
 .ARM.attributes
                0x00000000000002b1       0x39 Drivers/STM32F3xx_HAL_Driver/Src/stm32f3xx_hal_i2c_ex.o
 .ARM.attributes
                0x00000000000002ea       0x39 Drivers/STM32F3xx_HAL_Driver/Src/stm32f3xx_hal_pcd.o
 .ARM.attributes
                0x0000000000000323       0x39 Drivers/STM32F3xx_HAL_Driver/Src/stm32f3xx_hal_rcc.o
 .ARM.attributes
                0x000000000000035c       0x39 Drivers/STM32F3xx_HAL_Driver/Src/stm32f3xx_hal_rcc_ex.o
 .ARM.attributes
                0x0000000000000395       0x39 Drivers/STM32F3xx_HAL_Driver/Src/stm32f3xx_hal_spi.o
 .ARM.attributes
                0x00000000000003ce       0x39 Drivers/STM32F3xx_HAL_Driver/Src/stm32f3xx_hal_tim.o
 .ARM.attributes
                0x0000000000000407       0x39 Drivers/STM32F3xx_HAL_Driver/Src/stm32f3xx_hal_tim_ex.o
 .ARM.attributes
                0x0000000000000440       0x39 Drivers/STM32F3xx_HAL_Driver/Src/stm32f3xx_hal_uart.o
 .ARM.attributes
                0x0000000000000479       0x39 Drivers/STM32F3xx_HAL_Driver/Src/stm32f3xx_hal_uart_ex.o
 .ARM.attributes
                0x00000000000004b2       0x39 Drivers/STM32F3xx_HAL_Driver/Src/stm32f3xx_ll_usb.o
 .ARM.attributes
                0x00000000000004eb       0x34 /opt/st/stm32cubeide_1.5.1/plugins/com.st.stm32cube.ide.mcu.externaltools.gnu-tools-for-stm32.7-2018-q2-update.linux64_1.5.0.202011040924/tools/bin/../lib/gcc/arm-none-eabi/7.3.1/../../../../arm-none-eabi/lib/thumb/v7e-m/fpv4-sp/hard/libc_nano.a(lib_a-init.o)
 .ARM.attributes
                0x000000000000051f       0x34 /opt/st/stm32cubeide_1.5.1/plugins/com.st.stm32cube.ide.mcu.externaltools.gnu-tools-for-stm32.7-2018-q2-update.linux64_1.5.0.202011040924/tools/bin/../lib/gcc/arm-none-eabi/7.3.1/../../../../arm-none-eabi/lib/thumb/v7e-m/fpv4-sp/hard/libc_nano.a(lib_a-memset.o)
 .ARM.attributes
                0x0000000000000553       0x22 /opt/st/stm32cubeide_1.5.1/plugins/com.st.stm32cube.ide.mcu.externaltools.gnu-tools-for-stm32.7-2018-q2-update.linux64_1.5.0.202011040924/tools/bin/../lib/gcc/arm-none-eabi/7.3.1/thumb/v7e-m/fpv4-sp/hard/crtn.o
OUTPUT(super_mario.elf elf32-littlearm)

.debug_info     0x0000000000000000    0x163b9
 .debug_info    0x0000000000000000     0x1221 Core/Src/LiquidCrystal.o
 .debug_info    0x0000000000001221     0x1a67 Core/Src/main.o
 .debug_info    0x0000000000002c88     0x19f6 Core/Src/stm32f3xx_hal_msp.o
 .debug_info    0x000000000000467e     0x1005 Core/Src/stm32f3xx_it.o
 .debug_info    0x0000000000005683      0x45c Core/Src/system_stm32f3xx.o
 .debug_info    0x0000000000005adf       0x22 Core/Startup/startup_stm32f303vctx.o
 .debug_info    0x0000000000005b01      0x7e2 Drivers/STM32F3xx_HAL_Driver/Src/stm32f3xx_hal.o
 .debug_info    0x00000000000062e3      0xd99 Drivers/STM32F3xx_HAL_Driver/Src/stm32f3xx_hal_cortex.o
 .debug_info    0x000000000000707c      0x7cb Drivers/STM32F3xx_HAL_Driver/Src/stm32f3xx_hal_dma.o
 .debug_info    0x0000000000007847      0x70b Drivers/STM32F3xx_HAL_Driver/Src/stm32f3xx_hal_gpio.o
 .debug_info    0x0000000000007f52     0x1fe5 Drivers/STM32F3xx_HAL_Driver/Src/stm32f3xx_hal_i2c.o
 .debug_info    0x0000000000009f37      0x8de Drivers/STM32F3xx_HAL_Driver/Src/stm32f3xx_hal_i2c_ex.o
 .debug_info    0x000000000000a815     0x124b Drivers/STM32F3xx_HAL_Driver/Src/stm32f3xx_hal_pcd.o
 .debug_info    0x000000000000ba60     0x180f Drivers/STM32F3xx_HAL_Driver/Src/stm32f3xx_hal_rcc.o
 .debug_info    0x000000000000d26f      0x6ad Drivers/STM32F3xx_HAL_Driver/Src/stm32f3xx_hal_rcc_ex.o
 .debug_info    0x000000000000d91c     0x167f Drivers/STM32F3xx_HAL_Driver/Src/stm32f3xx_hal_spi.o
 .debug_info    0x000000000000ef9b     0x2901 Drivers/STM32F3xx_HAL_Driver/Src/stm32f3xx_hal_tim.o
 .debug_info    0x000000000001189c     0x144c Drivers/STM32F3xx_HAL_Driver/Src/stm32f3xx_hal_tim_ex.o
 .debug_info    0x0000000000012ce8     0x16a2 Drivers/STM32F3xx_HAL_Driver/Src/stm32f3xx_hal_uart.o
 .debug_info    0x000000000001438a      0xa11 Drivers/STM32F3xx_HAL_Driver/Src/stm32f3xx_hal_uart_ex.o
 .debug_info    0x0000000000014d9b     0x161e Drivers/STM32F3xx_HAL_Driver/Src/stm32f3xx_ll_usb.o

.debug_abbrev   0x0000000000000000     0x2b0c
 .debug_abbrev  0x0000000000000000      0x2ca Core/Src/LiquidCrystal.o
 .debug_abbrev  0x00000000000002ca      0x255 Core/Src/main.o
 .debug_abbrev  0x000000000000051f      0x205 Core/Src/stm32f3xx_hal_msp.o
 .debug_abbrev  0x0000000000000724      0x273 Core/Src/stm32f3xx_it.o
 .debug_abbrev  0x0000000000000997      0x12b Core/Src/system_stm32f3xx.o
 .debug_abbrev  0x0000000000000ac2       0x12 Core/Startup/startup_stm32f303vctx.o
 .debug_abbrev  0x0000000000000ad4      0x1c7 Drivers/STM32F3xx_HAL_Driver/Src/stm32f3xx_hal.o
 .debug_abbrev  0x0000000000000c9b      0x2fa Drivers/STM32F3xx_HAL_Driver/Src/stm32f3xx_hal_cortex.o
 .debug_abbrev  0x0000000000000f95      0x1fe Drivers/STM32F3xx_HAL_Driver/Src/stm32f3xx_hal_dma.o
 .debug_abbrev  0x0000000000001193      0x1c0 Drivers/STM32F3xx_HAL_Driver/Src/stm32f3xx_hal_gpio.o
 .debug_abbrev  0x0000000000001353      0x22a Drivers/STM32F3xx_HAL_Driver/Src/stm32f3xx_hal_i2c.o
 .debug_abbrev  0x000000000000157d      0x1b9 Drivers/STM32F3xx_HAL_Driver/Src/stm32f3xx_hal_i2c_ex.o
 .debug_abbrev  0x0000000000001736      0x282 Drivers/STM32F3xx_HAL_Driver/Src/stm32f3xx_hal_pcd.o
 .debug_abbrev  0x00000000000019b8      0x28c Drivers/STM32F3xx_HAL_Driver/Src/stm32f3xx_hal_rcc.o
 .debug_abbrev  0x0000000000001c44      0x219 Drivers/STM32F3xx_HAL_Driver/Src/stm32f3xx_hal_rcc_ex.o
 .debug_abbrev  0x0000000000001e5d      0x228 Drivers/STM32F3xx_HAL_Driver/Src/stm32f3xx_hal_spi.o
 .debug_abbrev  0x0000000000002085      0x230 Drivers/STM32F3xx_HAL_Driver/Src/stm32f3xx_hal_tim.o
 .debug_abbrev  0x00000000000022b5      0x236 Drivers/STM32F3xx_HAL_Driver/Src/stm32f3xx_hal_tim_ex.o
 .debug_abbrev  0x00000000000024eb      0x215 Drivers/STM32F3xx_HAL_Driver/Src/stm32f3xx_hal_uart.o
 .debug_abbrev  0x0000000000002700      0x1e2 Drivers/STM32F3xx_HAL_Driver/Src/stm32f3xx_hal_uart_ex.o
 .debug_abbrev  0x00000000000028e2      0x22a Drivers/STM32F3xx_HAL_Driver/Src/stm32f3xx_ll_usb.o

.debug_aranges  0x0000000000000000     0x14c8
 .debug_aranges
                0x0000000000000000       0xf8 Core/Src/LiquidCrystal.o
 .debug_aranges
                0x00000000000000f8       0x60 Core/Src/main.o
 .debug_aranges
                0x0000000000000158       0x70 Core/Src/stm32f3xx_hal_msp.o
 .debug_aranges
                0x00000000000001c8       0x98 Core/Src/stm32f3xx_it.o
 .debug_aranges
                0x0000000000000260       0x28 Core/Src/system_stm32f3xx.o
 .debug_aranges
                0x0000000000000288       0x28 Core/Startup/startup_stm32f303vctx.o
 .debug_aranges
                0x00000000000002b0       0xe0 Drivers/STM32F3xx_HAL_Driver/Src/stm32f3xx_hal.o
 .debug_aranges
                0x0000000000000390      0x118 Drivers/STM32F3xx_HAL_Driver/Src/stm32f3xx_hal_cortex.o
 .debug_aranges
                0x00000000000004a8       0x88 Drivers/STM32F3xx_HAL_Driver/Src/stm32f3xx_hal_dma.o
 .debug_aranges
                0x0000000000000530       0x58 Drivers/STM32F3xx_HAL_Driver/Src/stm32f3xx_hal_gpio.o
 .debug_aranges
                0x0000000000000588      0x290 Drivers/STM32F3xx_HAL_Driver/Src/stm32f3xx_hal_i2c.o
 .debug_aranges
                0x0000000000000818       0x48 Drivers/STM32F3xx_HAL_Driver/Src/stm32f3xx_hal_i2c_ex.o
 .debug_aranges
                0x0000000000000860      0x138 Drivers/STM32F3xx_HAL_Driver/Src/stm32f3xx_hal_pcd.o
 .debug_aranges
                0x0000000000000998       0x88 Drivers/STM32F3xx_HAL_Driver/Src/stm32f3xx_hal_rcc.o
 .debug_aranges
                0x0000000000000a20       0x38 Drivers/STM32F3xx_HAL_Driver/Src/stm32f3xx_hal_rcc_ex.o
 .debug_aranges
                0x0000000000000a58      0x1d8 Drivers/STM32F3xx_HAL_Driver/Src/stm32f3xx_hal_spi.o
 .debug_aranges
                0x0000000000000c30      0x3e0 Drivers/STM32F3xx_HAL_Driver/Src/stm32f3xx_hal_tim.o
 .debug_aranges
                0x0000000000001010      0x178 Drivers/STM32F3xx_HAL_Driver/Src/stm32f3xx_hal_tim_ex.o
 .debug_aranges
                0x0000000000001188      0x228 Drivers/STM32F3xx_HAL_Driver/Src/stm32f3xx_hal_uart.o
 .debug_aranges
                0x00000000000013b0       0x68 Drivers/STM32F3xx_HAL_Driver/Src/stm32f3xx_hal_uart_ex.o
 .debug_aranges
                0x0000000000001418       0xb0 Drivers/STM32F3xx_HAL_Driver/Src/stm32f3xx_ll_usb.o

.debug_ranges   0x0000000000000000     0x13b0
 .debug_ranges  0x0000000000000000       0xe8 Core/Src/LiquidCrystal.o
 .debug_ranges  0x00000000000000e8       0x50 Core/Src/main.o
 .debug_ranges  0x0000000000000138       0x60 Core/Src/stm32f3xx_hal_msp.o
 .debug_ranges  0x0000000000000198       0x88 Core/Src/stm32f3xx_it.o
 .debug_ranges  0x0000000000000220       0x18 Core/Src/system_stm32f3xx.o
 .debug_ranges  0x0000000000000238       0x20 Core/Startup/startup_stm32f303vctx.o
 .debug_ranges  0x0000000000000258       0xd0 Drivers/STM32F3xx_HAL_Driver/Src/stm32f3xx_hal.o
 .debug_ranges  0x0000000000000328      0x108 Drivers/STM32F3xx_HAL_Driver/Src/stm32f3xx_hal_cortex.o
 .debug_ranges  0x0000000000000430       0x78 Drivers/STM32F3xx_HAL_Driver/Src/stm32f3xx_hal_dma.o
 .debug_ranges  0x00000000000004a8       0x48 Drivers/STM32F3xx_HAL_Driver/Src/stm32f3xx_hal_gpio.o
 .debug_ranges  0x00000000000004f0      0x280 Drivers/STM32F3xx_HAL_Driver/Src/stm32f3xx_hal_i2c.o
 .debug_ranges  0x0000000000000770       0x38 Drivers/STM32F3xx_HAL_Driver/Src/stm32f3xx_hal_i2c_ex.o
 .debug_ranges  0x00000000000007a8      0x128 Drivers/STM32F3xx_HAL_Driver/Src/stm32f3xx_hal_pcd.o
 .debug_ranges  0x00000000000008d0       0x78 Drivers/STM32F3xx_HAL_Driver/Src/stm32f3xx_hal_rcc.o
 .debug_ranges  0x0000000000000948       0x28 Drivers/STM32F3xx_HAL_Driver/Src/stm32f3xx_hal_rcc_ex.o
 .debug_ranges  0x0000000000000970      0x1c8 Drivers/STM32F3xx_HAL_Driver/Src/stm32f3xx_hal_spi.o
 .debug_ranges  0x0000000000000b38      0x3d0 Drivers/STM32F3xx_HAL_Driver/Src/stm32f3xx_hal_tim.o
 .debug_ranges  0x0000000000000f08      0x168 Drivers/STM32F3xx_HAL_Driver/Src/stm32f3xx_hal_tim_ex.o
 .debug_ranges  0x0000000000001070      0x248 Drivers/STM32F3xx_HAL_Driver/Src/stm32f3xx_hal_uart.o
 .debug_ranges  0x00000000000012b8       0x58 Drivers/STM32F3xx_HAL_Driver/Src/stm32f3xx_hal_uart_ex.o
 .debug_ranges  0x0000000000001310       0xa0 Drivers/STM32F3xx_HAL_Driver/Src/stm32f3xx_ll_usb.o

.debug_macro    0x0000000000000000    0x1f6fe
 .debug_macro   0x0000000000000000      0x39f Core/Src/LiquidCrystal.o
 .debug_macro   0x000000000000039f      0xa5a Core/Src/LiquidCrystal.o
 .debug_macro   0x0000000000000df9      0x163 Core/Src/LiquidCrystal.o
 .debug_macro   0x0000000000000f5c       0x2e Core/Src/LiquidCrystal.o
 .debug_macro   0x0000000000000f8a       0x28 Core/Src/LiquidCrystal.o
 .debug_macro   0x0000000000000fb2       0x22 Core/Src/LiquidCrystal.o
 .debug_macro   0x0000000000000fd4       0x8e Core/Src/LiquidCrystal.o
 .debug_macro   0x0000000000001062       0x51 Core/Src/LiquidCrystal.o
 .debug_macro   0x00000000000010b3       0xef Core/Src/LiquidCrystal.o
 .debug_macro   0x00000000000011a2       0x6a Core/Src/LiquidCrystal.o
 .debug_macro   0x000000000000120c      0x1df Core/Src/LiquidCrystal.o
 .debug_macro   0x00000000000013eb       0x1c Core/Src/LiquidCrystal.o
 .debug_macro   0x0000000000001407       0x22 Core/Src/LiquidCrystal.o
 .debug_macro   0x0000000000001429       0xdf Core/Src/LiquidCrystal.o
 .debug_macro   0x0000000000001508     0x102d Core/Src/LiquidCrystal.o
 .debug_macro   0x0000000000002535      0x11f Core/Src/LiquidCrystal.o
 .debug_macro   0x0000000000002654    0x12a33 Core/Src/LiquidCrystal.o
 .debug_macro   0x0000000000015087       0x43 Core/Src/LiquidCrystal.o
 .debug_macro   0x00000000000150ca     0x35e9 Core/Src/LiquidCrystal.o
 .debug_macro   0x00000000000186b3      0x174 Core/Src/LiquidCrystal.o
 .debug_macro   0x0000000000018827       0x55 Core/Src/LiquidCrystal.o
 .debug_macro   0x000000000001887c      0x962 Core/Src/LiquidCrystal.o
 .debug_macro   0x00000000000191de      0x5fe Core/Src/LiquidCrystal.o
 .debug_macro   0x00000000000197dc      0x12f Core/Src/LiquidCrystal.o
 .debug_macro   0x000000000001990b      0x1fb Core/Src/LiquidCrystal.o
 .debug_macro   0x0000000000019b06      0x1dc Core/Src/LiquidCrystal.o
 .debug_macro   0x0000000000019ce2      0x1bc Core/Src/LiquidCrystal.o
 .debug_macro   0x0000000000019e9e       0x30 Core/Src/LiquidCrystal.o
 .debug_macro   0x0000000000019ece       0x3c Core/Src/LiquidCrystal.o
 .debug_macro   0x0000000000019f0a      0x236 Core/Src/LiquidCrystal.o
 .debug_macro   0x000000000001a140       0xc5 Core/Src/LiquidCrystal.o
 .debug_macro   0x000000000001a205      0x21d Core/Src/LiquidCrystal.o
 .debug_macro   0x000000000001a422      0x22c Core/Src/LiquidCrystal.o
 .debug_macro   0x000000000001a64e       0x5b Core/Src/LiquidCrystal.o
 .debug_macro   0x000000000001a6a9       0xa5 Core/Src/LiquidCrystal.o
 .debug_macro   0x000000000001a74e       0x65 Core/Src/LiquidCrystal.o
 .debug_macro   0x000000000001a7b3      0x249 Core/Src/LiquidCrystal.o
 .debug_macro   0x000000000001a9fc       0x81 Core/Src/LiquidCrystal.o
 .debug_macro   0x000000000001aa7d       0xd3 Core/Src/LiquidCrystal.o
 .debug_macro   0x000000000001ab50      0x2fe Core/Src/LiquidCrystal.o
 .debug_macro   0x000000000001ae4e      0xa3d Core/Src/LiquidCrystal.o
 .debug_macro   0x000000000001b88b       0x89 Core/Src/LiquidCrystal.o
 .debug_macro   0x000000000001b914      0x5a5 Core/Src/LiquidCrystal.o
 .debug_macro   0x000000000001beb9       0x3e Core/Src/LiquidCrystal.o
 .debug_macro   0x000000000001bef7      0x275 Core/Src/LiquidCrystal.o
 .debug_macro   0x000000000001c16c       0xb2 Core/Src/LiquidCrystal.o
 .debug_macro   0x000000000001c21e       0x46 Core/Src/LiquidCrystal.o
 .debug_macro   0x000000000001c264       0x18 Core/Src/LiquidCrystal.o
 .debug_macro   0x000000000001c27c       0x3c Core/Src/LiquidCrystal.o
 .debug_macro   0x000000000001c2b8       0x34 Core/Src/LiquidCrystal.o
 .debug_macro   0x000000000001c2ec       0x16 Core/Src/LiquidCrystal.o
 .debug_macro   0x000000000001c302       0x35 Core/Src/LiquidCrystal.o
 .debug_macro   0x000000000001c337      0x32a Core/Src/LiquidCrystal.o
 .debug_macro   0x000000000001c661       0x10 Core/Src/LiquidCrystal.o
 .debug_macro   0x000000000001c671       0x52 Core/Src/LiquidCrystal.o
 .debug_macro   0x000000000001c6c3       0x1f Core/Src/LiquidCrystal.o
 .debug_macro   0x000000000001c6e2       0x43 Core/Src/LiquidCrystal.o
 .debug_macro   0x000000000001c725       0x20 Core/Src/LiquidCrystal.o
 .debug_macro   0x000000000001c745      0x1a3 Core/Src/LiquidCrystal.o
 .debug_macro   0x000000000001c8e8       0x10 Core/Src/LiquidCrystal.o
 .debug_macro   0x000000000001c8f8       0x1c Core/Src/LiquidCrystal.o
 .debug_macro   0x000000000001c914       0x52 Core/Src/LiquidCrystal.o
 .debug_macro   0x000000000001c966       0x40 Core/Src/LiquidCrystal.o
 .debug_macro   0x000000000001c9a6       0x10 Core/Src/LiquidCrystal.o
 .debug_macro   0x000000000001c9b6       0x40 Core/Src/LiquidCrystal.o
 .debug_macro   0x000000000001c9f6       0xd7 Core/Src/LiquidCrystal.o
 .debug_macro   0x000000000001cacd       0x1c Core/Src/LiquidCrystal.o
 .debug_macro   0x000000000001cae9       0x3d Core/Src/LiquidCrystal.o
 .debug_macro   0x000000000001cb26       0x16 Core/Src/LiquidCrystal.o
 .debug_macro   0x000000000001cb3c      0x145 Core/Src/LiquidCrystal.o
 .debug_macro   0x000000000001cc81       0x16 Core/Src/LiquidCrystal.o
 .debug_macro   0x000000000001cc97       0x20 Core/Src/LiquidCrystal.o
 .debug_macro   0x000000000001ccb7      0x228 Core/Src/main.o
 .debug_macro   0x000000000001cedf      0x160 Core/Src/main.o
 .debug_macro   0x000000000001d03f      0x21f Core/Src/stm32f3xx_hal_msp.o
 .debug_macro   0x000000000001d25e      0x229 Core/Src/stm32f3xx_it.o
 .debug_macro   0x000000000001d487      0x210 Core/Src/system_stm32f3xx.o
 .debug_macro   0x000000000001d697      0x234 Drivers/STM32F3xx_HAL_Driver/Src/stm32f3xx_hal.o
 .debug_macro   0x000000000001d8cb      0x210 Drivers/STM32F3xx_HAL_Driver/Src/stm32f3xx_hal_cortex.o
 .debug_macro   0x000000000001dadb      0x210 Drivers/STM32F3xx_HAL_Driver/Src/stm32f3xx_hal_dma.o
 .debug_macro   0x000000000001dceb      0x248 Drivers/STM32F3xx_HAL_Driver/Src/stm32f3xx_hal_gpio.o
 .debug_macro   0x000000000001df33      0x2d5 Drivers/STM32F3xx_HAL_Driver/Src/stm32f3xx_hal_i2c.o
 .debug_macro   0x000000000001e208      0x210 Drivers/STM32F3xx_HAL_Driver/Src/stm32f3xx_hal_i2c_ex.o
 .debug_macro   0x000000000001e418      0x21c Drivers/STM32F3xx_HAL_Driver/Src/stm32f3xx_hal_pcd.o
 .debug_macro   0x000000000001e634      0x234 Drivers/STM32F3xx_HAL_Driver/Src/stm32f3xx_hal_rcc.o
 .debug_macro   0x000000000001e868      0x210 Drivers/STM32F3xx_HAL_Driver/Src/stm32f3xx_hal_rcc_ex.o
 .debug_macro   0x000000000001ea78      0x218 Drivers/STM32F3xx_HAL_Driver/Src/stm32f3xx_hal_spi.o
 .debug_macro   0x000000000001ec90      0x211 Drivers/STM32F3xx_HAL_Driver/Src/stm32f3xx_hal_tim.o
 .debug_macro   0x000000000001eea1      0x210 Drivers/STM32F3xx_HAL_Driver/Src/stm32f3xx_hal_tim_ex.o
 .debug_macro   0x000000000001f0b1      0x22d Drivers/STM32F3xx_HAL_Driver/Src/stm32f3xx_hal_uart.o
 .debug_macro   0x000000000001f2de      0x210 Drivers/STM32F3xx_HAL_Driver/Src/stm32f3xx_hal_uart_ex.o
 .debug_macro   0x000000000001f4ee      0x210 Drivers/STM32F3xx_HAL_Driver/Src/stm32f3xx_ll_usb.o

.debug_line     0x0000000000000000    0x1155e
 .debug_line    0x0000000000000000      0xc03 Core/Src/LiquidCrystal.o
 .debug_line    0x0000000000000c03      0x877 Core/Src/main.o
 .debug_line    0x000000000000147a      0x82a Core/Src/stm32f3xx_hal_msp.o
 .debug_line    0x0000000000001ca4      0x9ae Core/Src/stm32f3xx_it.o
 .debug_line    0x0000000000002652      0x75d Core/Src/system_stm32f3xx.o
 .debug_line    0x0000000000002daf       0x88 Core/Startup/startup_stm32f303vctx.o
 .debug_line    0x0000000000002e37      0x91b Drivers/STM32F3xx_HAL_Driver/Src/stm32f3xx_hal.o
 .debug_line    0x0000000000003752      0xa50 Drivers/STM32F3xx_HAL_Driver/Src/stm32f3xx_hal_cortex.o
 .debug_line    0x00000000000041a2      0x95a Drivers/STM32F3xx_HAL_Driver/Src/stm32f3xx_hal_dma.o
 .debug_line    0x0000000000004afc      0x8ce Drivers/STM32F3xx_HAL_Driver/Src/stm32f3xx_hal_gpio.o
 .debug_line    0x00000000000053ca     0x1b23 Drivers/STM32F3xx_HAL_Driver/Src/stm32f3xx_hal_i2c.o
 .debug_line    0x0000000000006eed      0x884 Drivers/STM32F3xx_HAL_Driver/Src/stm32f3xx_hal_i2c_ex.o
 .debug_line    0x0000000000007771      0xd30 Drivers/STM32F3xx_HAL_Driver/Src/stm32f3xx_hal_pcd.o
 .debug_line    0x00000000000084a1      0xe93 Drivers/STM32F3xx_HAL_Driver/Src/stm32f3xx_hal_rcc.o
 .debug_line    0x0000000000009334      0xa0e Drivers/STM32F3xx_HAL_Driver/Src/stm32f3xx_hal_rcc_ex.o
 .debug_line    0x0000000000009d42     0x11f0 Drivers/STM32F3xx_HAL_Driver/Src/stm32f3xx_hal_spi.o
 .debug_line    0x000000000000af32     0x27af Drivers/STM32F3xx_HAL_Driver/Src/stm32f3xx_hal_tim.o
 .debug_line    0x000000000000d6e1     0x1536 Drivers/STM32F3xx_HAL_Driver/Src/stm32f3xx_hal_tim_ex.o
 .debug_line    0x000000000000ec17     0x12cd Drivers/STM32F3xx_HAL_Driver/Src/stm32f3xx_hal_uart.o
 .debug_line    0x000000000000fee4      0x959 Drivers/STM32F3xx_HAL_Driver/Src/stm32f3xx_hal_uart_ex.o
 .debug_line    0x000000000001083d      0xd21 Drivers/STM32F3xx_HAL_Driver/Src/stm32f3xx_ll_usb.o

.debug_str      0x0000000000000000    0xbe1c6
 .debug_str     0x0000000000000000    0xb7f4e Core/Src/LiquidCrystal.o
                                      0xb86ac (size before relaxing)
 .debug_str     0x00000000000b7f4e     0x1620 Core/Src/main.o
                                      0xb5ac4 (size before relaxing)
 .debug_str     0x00000000000b956e      0x425 Core/Src/stm32f3xx_hal_msp.o
                                      0xb5975 (size before relaxing)
 .debug_str     0x00000000000b9993      0x1de Core/Src/stm32f3xx_it.o
                                      0xb4e68 (size before relaxing)
 .debug_str     0x00000000000b9b71       0xb3 Core/Src/system_stm32f3xx.o
                                      0xb4104 (size before relaxing)
 .debug_str     0x00000000000b9c24       0x36 Core/Startup/startup_stm32f303vctx.o
                                         0x73 (size before relaxing)
 .debug_str     0x00000000000b9c5a      0x2fb Drivers/STM32F3xx_HAL_Driver/Src/stm32f3xx_hal.o
                                      0xb48a0 (size before relaxing)
 .debug_str     0x00000000000b9f55      0x393 Drivers/STM32F3xx_HAL_Driver/Src/stm32f3xx_hal_cortex.o
                                      0xb49ae (size before relaxing)
 .debug_str     0x00000000000ba2e8      0x248 Drivers/STM32F3xx_HAL_Driver/Src/stm32f3xx_hal_dma.o
                                      0xb447e (size before relaxing)
 .debug_str     0x00000000000ba530      0x216 Drivers/STM32F3xx_HAL_Driver/Src/stm32f3xx_hal_gpio.o
                                      0xb436a (size before relaxing)
 .debug_str     0x00000000000ba746      0xdaf Drivers/STM32F3xx_HAL_Driver/Src/stm32f3xx_hal_i2c.o
                                      0xb5358 (size before relaxing)
 .debug_str     0x00000000000bb4f5       0xb8 Drivers/STM32F3xx_HAL_Driver/Src/stm32f3xx_hal_i2c_ex.o
                                      0xb463b (size before relaxing)
 .debug_str     0x00000000000bb5ad      0x3a5 Drivers/STM32F3xx_HAL_Driver/Src/stm32f3xx_hal_pcd.o
                                      0xb47e2 (size before relaxing)
 .debug_str     0x00000000000bb952      0x2e5 Drivers/STM32F3xx_HAL_Driver/Src/stm32f3xx_hal_rcc.o
                                      0xb4572 (size before relaxing)
 .debug_str     0x00000000000bbc37       0xd8 Drivers/STM32F3xx_HAL_Driver/Src/stm32f3xx_hal_rcc_ex.o
                                      0xb4336 (size before relaxing)
 .debug_str     0x00000000000bbd0f      0x571 Drivers/STM32F3xx_HAL_Driver/Src/stm32f3xx_hal_spi.o
                                      0xb49f9 (size before relaxing)
 .debug_str     0x00000000000bc280      0xdfc Drivers/STM32F3xx_HAL_Driver/Src/stm32f3xx_hal_tim.o
                                      0xb54c0 (size before relaxing)
 .debug_str     0x00000000000bd07c      0x579 Drivers/STM32F3xx_HAL_Driver/Src/stm32f3xx_hal_tim_ex.o
                                      0xb4ced (size before relaxing)
 .debug_str     0x00000000000bd5f5      0x844 Drivers/STM32F3xx_HAL_Driver/Src/stm32f3xx_hal_uart.o
                                      0xb4d5f (size before relaxing)
 .debug_str     0x00000000000bde39      0x19e Drivers/STM32F3xx_HAL_Driver/Src/stm32f3xx_hal_uart_ex.o
                                      0xb4648 (size before relaxing)
 .debug_str     0x00000000000bdfd7      0x1ef Drivers/STM32F3xx_HAL_Driver/Src/stm32f3xx_ll_usb.o
                                      0xb4496 (size before relaxing)

.comment        0x0000000000000000       0x7b
 .comment       0x0000000000000000       0x7b Core/Src/LiquidCrystal.o
                                         0x7c (size before relaxing)
 .comment       0x000000000000007b       0x7c Core/Src/main.o
 .comment       0x000000000000007b       0x7c Core/Src/stm32f3xx_hal_msp.o
 .comment       0x000000000000007b       0x7c Core/Src/stm32f3xx_it.o
 .comment       0x000000000000007b       0x7c Core/Src/system_stm32f3xx.o
 .comment       0x000000000000007b       0x7c Drivers/STM32F3xx_HAL_Driver/Src/stm32f3xx_hal.o
 .comment       0x000000000000007b       0x7c Drivers/STM32F3xx_HAL_Driver/Src/stm32f3xx_hal_cortex.o
 .comment       0x000000000000007b       0x7c Drivers/STM32F3xx_HAL_Driver/Src/stm32f3xx_hal_dma.o
 .comment       0x000000000000007b       0x7c Drivers/STM32F3xx_HAL_Driver/Src/stm32f3xx_hal_gpio.o
 .comment       0x000000000000007b       0x7c Drivers/STM32F3xx_HAL_Driver/Src/stm32f3xx_hal_i2c.o
 .comment       0x000000000000007b       0x7c Drivers/STM32F3xx_HAL_Driver/Src/stm32f3xx_hal_i2c_ex.o
 .comment       0x000000000000007b       0x7c Drivers/STM32F3xx_HAL_Driver/Src/stm32f3xx_hal_pcd.o
 .comment       0x000000000000007b       0x7c Drivers/STM32F3xx_HAL_Driver/Src/stm32f3xx_hal_rcc.o
 .comment       0x000000000000007b       0x7c Drivers/STM32F3xx_HAL_Driver/Src/stm32f3xx_hal_rcc_ex.o
 .comment       0x000000000000007b       0x7c Drivers/STM32F3xx_HAL_Driver/Src/stm32f3xx_hal_spi.o
 .comment       0x000000000000007b       0x7c Drivers/STM32F3xx_HAL_Driver/Src/stm32f3xx_hal_tim.o
 .comment       0x000000000000007b       0x7c Drivers/STM32F3xx_HAL_Driver/Src/stm32f3xx_hal_tim_ex.o
 .comment       0x000000000000007b       0x7c Drivers/STM32F3xx_HAL_Driver/Src/stm32f3xx_hal_uart.o
 .comment       0x000000000000007b       0x7c Drivers/STM32F3xx_HAL_Driver/Src/stm32f3xx_hal_uart_ex.o
 .comment       0x000000000000007b       0x7c Drivers/STM32F3xx_HAL_Driver/Src/stm32f3xx_ll_usb.o

.debug_frame    0x0000000000000000     0x58e4
 .debug_frame   0x0000000000000000      0x394 Core/Src/LiquidCrystal.o
 .debug_frame   0x0000000000000394      0x128 Core/Src/main.o
 .debug_frame   0x00000000000004bc      0x19c Core/Src/stm32f3xx_hal_msp.o
 .debug_frame   0x0000000000000658      0x204 Core/Src/stm32f3xx_it.o
 .debug_frame   0x000000000000085c       0x58 Core/Src/system_stm32f3xx.o
 .debug_frame   0x00000000000008b4      0x334 Drivers/STM32F3xx_HAL_Driver/Src/stm32f3xx_hal.o
 .debug_frame   0x0000000000000be8      0x498 Drivers/STM32F3xx_HAL_Driver/Src/stm32f3xx_hal_cortex.o
 .debug_frame   0x0000000000001080      0x224 Drivers/STM32F3xx_HAL_Driver/Src/stm32f3xx_hal_dma.o
 .debug_frame   0x00000000000012a4      0x14c Drivers/STM32F3xx_HAL_Driver/Src/stm32f3xx_hal_gpio.o
 .debug_frame   0x00000000000013f0      0xbe8 Drivers/STM32F3xx_HAL_Driver/Src/stm32f3xx_hal_i2c.o
 .debug_frame   0x0000000000001fd8      0x100 Drivers/STM32F3xx_HAL_Driver/Src/stm32f3xx_hal_i2c_ex.o
 .debug_frame   0x00000000000020d8      0x578 Drivers/STM32F3xx_HAL_Driver/Src/stm32f3xx_hal_pcd.o
 .debug_frame   0x0000000000002650      0x214 Drivers/STM32F3xx_HAL_Driver/Src/stm32f3xx_hal_rcc.o
 .debug_frame   0x0000000000002864       0xb4 Drivers/STM32F3xx_HAL_Driver/Src/stm32f3xx_hal_rcc_ex.o
 .debug_frame   0x0000000000002918      0x860 Drivers/STM32F3xx_HAL_Driver/Src/stm32f3xx_hal_spi.o
 .debug_frame   0x0000000000003178     0x121c Drivers/STM32F3xx_HAL_Driver/Src/stm32f3xx_hal_tim.o
 .debug_frame   0x0000000000004394      0x688 Drivers/STM32F3xx_HAL_Driver/Src/stm32f3xx_hal_tim_ex.o
 .debug_frame   0x0000000000004a1c      0x9e0 Drivers/STM32F3xx_HAL_Driver/Src/stm32f3xx_hal_uart.o
 .debug_frame   0x00000000000053fc      0x18c Drivers/STM32F3xx_HAL_Driver/Src/stm32f3xx_hal_uart_ex.o
 .debug_frame   0x0000000000005588      0x310 Drivers/STM32F3xx_HAL_Driver/Src/stm32f3xx_ll_usb.o
 .debug_frame   0x0000000000005898       0x2c /opt/st/stm32cubeide_1.5.1/plugins/com.st.stm32cube.ide.mcu.externaltools.gnu-tools-for-stm32.7-2018-q2-update.linux64_1.5.0.202011040924/tools/bin/../lib/gcc/arm-none-eabi/7.3.1/../../../../arm-none-eabi/lib/thumb/v7e-m/fpv4-sp/hard/libc_nano.a(lib_a-init.o)
 .debug_frame   0x00000000000058c4       0x20 /opt/st/stm32cubeide_1.5.1/plugins/com.st.stm32cube.ide.mcu.externaltools.gnu-tools-for-stm32.7-2018-q2-update.linux64_1.5.0.202011040924/tools/bin/../lib/gcc/arm-none-eabi/7.3.1/../../../../arm-none-eabi/lib/thumb/v7e-m/fpv4-sp/hard/libc_nano.a(lib_a-memset.o)
