Archive member included to satisfy reference by file (symbol)

/opt/st/stm32cubeide_1.5.1/plugins/com.st.stm32cube.ide.mcu.externaltools.gnu-tools-for-stm32.7-2018-q2-update.linux64_1.5.0.202011040924/tools/bin/../lib/gcc/arm-none-eabi/7.3.1/../../../../arm-none-eabi/lib/thumb/v7e-m/fpv4-sp/hard/libc_nano.a(lib_a-errno.o)
                              Core/Src/syscalls.o (__errno)
/opt/st/stm32cubeide_1.5.1/plugins/com.st.stm32cube.ide.mcu.externaltools.gnu-tools-for-stm32.7-2018-q2-update.linux64_1.5.0.202011040924/tools/bin/../lib/gcc/arm-none-eabi/7.3.1/../../../../arm-none-eabi/lib/thumb/v7e-m/fpv4-sp/hard/libc_nano.a(lib_a-exit.o)
                              /opt/st/stm32cubeide_1.5.1/plugins/com.st.stm32cube.ide.mcu.externaltools.gnu-tools-for-stm32.7-2018-q2-update.linux64_1.5.0.202011040924/tools/bin/../lib/gcc/arm-none-eabi/7.3.1/../../../../arm-none-eabi/lib/thumb/v7e-m/fpv4-sp/hard/crt0.o (exit)
/opt/st/stm32cubeide_1.5.1/plugins/com.st.stm32cube.ide.mcu.externaltools.gnu-tools-for-stm32.7-2018-q2-update.linux64_1.5.0.202011040924/tools/bin/../lib/gcc/arm-none-eabi/7.3.1/../../../../arm-none-eabi/lib/thumb/v7e-m/fpv4-sp/hard/libc_nano.a(lib_a-impure.o)
                              /opt/st/stm32cubeide_1.5.1/plugins/com.st.stm32cube.ide.mcu.externaltools.gnu-tools-for-stm32.7-2018-q2-update.linux64_1.5.0.202011040924/tools/bin/../lib/gcc/arm-none-eabi/7.3.1/../../../../arm-none-eabi/lib/thumb/v7e-m/fpv4-sp/hard/libc_nano.a(lib_a-exit.o) (_global_impure_ptr)
/opt/st/stm32cubeide_1.5.1/plugins/com.st.stm32cube.ide.mcu.externaltools.gnu-tools-for-stm32.7-2018-q2-update.linux64_1.5.0.202011040924/tools/bin/../lib/gcc/arm-none-eabi/7.3.1/../../../../arm-none-eabi/lib/thumb/v7e-m/fpv4-sp/hard/libc_nano.a(lib_a-init.o)
                              /opt/st/stm32cubeide_1.5.1/plugins/com.st.stm32cube.ide.mcu.externaltools.gnu-tools-for-stm32.7-2018-q2-update.linux64_1.5.0.202011040924/tools/bin/../lib/gcc/arm-none-eabi/7.3.1/../../../../arm-none-eabi/lib/thumb/v7e-m/fpv4-sp/hard/crt0.o (__libc_init_array)
/opt/st/stm32cubeide_1.5.1/plugins/com.st.stm32cube.ide.mcu.externaltools.gnu-tools-for-stm32.7-2018-q2-update.linux64_1.5.0.202011040924/tools/bin/../lib/gcc/arm-none-eabi/7.3.1/../../../../arm-none-eabi/lib/thumb/v7e-m/fpv4-sp/hard/libc_nano.a(lib_a-memset.o)
                              /opt/st/stm32cubeide_1.5.1/plugins/com.st.stm32cube.ide.mcu.externaltools.gnu-tools-for-stm32.7-2018-q2-update.linux64_1.5.0.202011040924/tools/bin/../lib/gcc/arm-none-eabi/7.3.1/../../../../arm-none-eabi/lib/thumb/v7e-m/fpv4-sp/hard/crt0.o (memset)
/opt/st/stm32cubeide_1.5.1/plugins/com.st.stm32cube.ide.mcu.externaltools.gnu-tools-for-stm32.7-2018-q2-update.linux64_1.5.0.202011040924/tools/bin/../lib/gcc/arm-none-eabi/7.3.1/../../../../arm-none-eabi/lib/thumb/v7e-m/fpv4-sp/hard/libc_nano.a(lib_a-rand.o)
                              Core/Src/stm32f3xx_it.o (srand)
/opt/st/stm32cubeide_1.5.1/plugins/com.st.stm32cube.ide.mcu.externaltools.gnu-tools-for-stm32.7-2018-q2-update.linux64_1.5.0.202011040924/tools/bin/../lib/gcc/arm-none-eabi/7.3.1/../../../../arm-none-eabi/lib/thumb/v7e-m/fpv4-sp/hard/libc_nano.a(lib_a-sprintf.o)
                              Core/Src/stm32f3xx_it.o (sprintf)
/opt/st/stm32cubeide_1.5.1/plugins/com.st.stm32cube.ide.mcu.externaltools.gnu-tools-for-stm32.7-2018-q2-update.linux64_1.5.0.202011040924/tools/bin/../lib/gcc/arm-none-eabi/7.3.1/../../../../arm-none-eabi/lib/thumb/v7e-m/fpv4-sp/hard/libc_nano.a(lib_a-strlen.o)
                              Core/Src/LiquidCrystal.o (strlen)
/opt/st/stm32cubeide_1.5.1/plugins/com.st.stm32cube.ide.mcu.externaltools.gnu-tools-for-stm32.7-2018-q2-update.linux64_1.5.0.202011040924/tools/bin/../lib/gcc/arm-none-eabi/7.3.1/../../../../arm-none-eabi/lib/thumb/v7e-m/fpv4-sp/hard/libc_nano.a(lib_a-time.o)
                              Core/Src/stm32f3xx_it.o (time)
/opt/st/stm32cubeide_1.5.1/plugins/com.st.stm32cube.ide.mcu.externaltools.gnu-tools-for-stm32.7-2018-q2-update.linux64_1.5.0.202011040924/tools/bin/../lib/gcc/arm-none-eabi/7.3.1/../../../../arm-none-eabi/lib/thumb/v7e-m/fpv4-sp/hard/libc_nano.a(lib_a-gettimeofdayr.o)
                              /opt/st/stm32cubeide_1.5.1/plugins/com.st.stm32cube.ide.mcu.externaltools.gnu-tools-for-stm32.7-2018-q2-update.linux64_1.5.0.202011040924/tools/bin/../lib/gcc/arm-none-eabi/7.3.1/../../../../arm-none-eabi/lib/thumb/v7e-m/fpv4-sp/hard/libc_nano.a(lib_a-time.o) (_gettimeofday_r)
/opt/st/stm32cubeide_1.5.1/plugins/com.st.stm32cube.ide.mcu.externaltools.gnu-tools-for-stm32.7-2018-q2-update.linux64_1.5.0.202011040924/tools/bin/../lib/gcc/arm-none-eabi/7.3.1/../../../../arm-none-eabi/lib/thumb/v7e-m/fpv4-sp/hard/libc_nano.a(lib_a-malloc.o)
[...]
Memory Configuration

Name             Origin             Length             Attributes
CCMRAM           0x0000000010000000 0x0000000000002000 xrw
RAM              0x0000000020000000 0x000000000000a000 xrw
FLASH            0x0000000008000000 0x0000000000040000 xr
*default*        0x0000000000000000 0xffffffffffffffff

Linker script and memory map

LOAD /opt/st/stm32cubeide_1.5.1/plugins/com.st.stm32cube.ide.mcu.externaltools.gnu-tools-for-stm32.7-2018-q2-update.linux64_1.5.0.202011040924/tools/bin/../lib/gcc/arm-none-eabi/7.3.1/thumb/v7e-m/fpv4-sp/hard/crti.o
LOAD /opt/st/stm32cubeide_1.5.1/plugins/com.st.stm32cube.ide.mcu.externaltools.gnu-tools-for-stm32.7-2018-q2-update.linux64_1.5.0.202011040924/tools/bin/../lib/gcc/arm-none-eabi/7.3.1/thumb/v7e-m/fpv4-sp/hard/crtbegin.o
LOAD /opt/st/stm32cubeide_1.5.1/plugins/com.st.stm32cube.ide.mcu.externaltools.gnu-tools-for-stm32.7-2018-q2-update.linux64_1.5.0.202011040924/tools/bin/../lib/gcc/arm-none-eabi/7.3.1/../../../../arm-none-eabi/lib/thumb/v7e-m/fpv4-sp/hard/crt0.o
LOAD Core/Src/LiquidCrystal.o
LOAD Core/Src/main.o
LOAD Core/Src/stm32f3xx_hal_msp.o
LOAD Core/Src/stm32f3xx_it.o
LOAD Core/Src/syscalls.o
LOAD Core/Src/sysmem.o
LOAD Core/Src/system_stm32f3xx.o
LOAD Core/Startup/startup_stm32f303vctx.o
LOAD Drivers/STM32F3xx_HAL_Driver/Src/stm32f3xx_hal.o
LOAD Drivers/STM32F3xx_HAL_Driver/Src/stm32f3xx_hal_adc.o
LOAD Drivers/STM32F3xx_HAL_Driver/Src/stm32f3xx_hal_adc_ex.o
LOAD Drivers/STM32F3xx_HAL_Driver/Src/stm32f3xx_hal_cortex.o
LOAD Drivers/STM32F3xx_HAL_Driver/Src/stm32f3xx_hal_dma.o
LOAD Drivers/STM32F3xx_HAL_Driver/Src/stm32f3xx_hal_exti.o
LOAD Drivers/STM32F3xx_HAL_Driver/Src/stm32f3xx_hal_flash.o
LOAD Drivers/STM32F3xx_HAL_Driver/Src/stm32f3xx_hal_flash_ex.o
LOAD Drivers/STM32F3xx_HAL_Driver/Src/stm32f3xx_hal_gpio.o
LOAD Drivers/STM32F3xx_HAL_Driver/Src/stm32f3xx_hal_i2c.o
LOAD Drivers/STM32F3xx_HAL_Driver/Src/stm32f3xx_hal_i2c_ex.o
LOAD Drivers/STM32F3xx_HAL_Driver/Src/stm32f3xx_hal_pcd.o
LOAD Drivers/STM32F3xx_HAL_Driver/Src/stm32f3xx_hal_pcd_ex.o
LOAD Drivers/STM32F3xx_HAL_Driver/Src/stm32f3xx_hal_pwr.o
LOAD Drivers/STM32F3xx_HAL_Driver/Src/stm32f3xx_hal_pwr_ex.o
LOAD Drivers/STM32F3xx_HAL_Driver/Src/stm32f3xx_hal_rcc.o
LOAD Drivers/STM32F3xx_HAL_Driver/Src/stm32f3xx_hal_rcc_ex.o
LOAD Drivers/STM32F3xx_HAL_Driver/Src/stm32f3xx_hal_spi.o
LOAD Drivers/STM32F3xx_HAL_Driver/Src/stm32f3xx_hal_spi_ex.o
LOAD Drivers/STM32F3xx_HAL_Driver/Src/stm32f3xx_hal_tim.o
LOAD Drivers/STM32F3xx_HAL_Driver/Src/stm32f3xx_hal_tim_ex.o
LOAD Drivers/STM32F3xx_HAL_Driver/Src/stm32f3xx_hal_uart.o
LOAD Drivers/STM32F3xx_HAL_Driver/Src/stm32f3xx_hal_uart_ex.o
LOAD Drivers/STM32F3xx_HAL_Driver/Src/stm32f3xx_ll_usb.o
START GROUP
LOAD /opt/st/stm32cubeide_1.5.1/plugins/com.st.stm32cube.ide.mcu.externaltools.gnu-tools-for-stm32.7-2018-q2-update.linux64_1.5.0.202011040924/tools/bin/../lib/gcc/arm-none-eabi/7.3.1/../../../../arm-none-eabi/lib/thumb/v7e-m/fpv4-sp/hard/libc_nano.a
LOAD /opt/st/stm32cubeide_1.5.1/plugins/com.st.stm32cube.ide.mcu.externaltools.gnu-tools-for-stm32.7-2018-q2-update.linux64_1.5.0.202011040924/tools/bin/../lib/gcc/arm-none-eabi/7.3.1/../../../../arm-none-eabi/lib/thumb/v7e-m/fpv4-sp/hard/libm.a
END GROUP
START GROUP
LOAD /opt/st/stm32cubeide_1.5.1/plugins/com.st.stm32cube.ide.mcu.externaltools.gnu-tools-for-stm32.7-2018-q2-update.linux64_1.5.0.202011040924/tools/bin/../lib/gcc/arm-none-eabi/7.3.1/thumb/v7e-m/fpv4-sp/hard/libgcc.a
LOAD /opt/st/stm32cubeide_1.5.1/plugins/com.st.stm32cube.ide.mcu.externaltools.gnu-tools-for-stm32.7-2018-q2-update.linux64_1.5.0.202011040924/tools/bin/../lib/gcc/arm-none-eabi/7.3.1/../../../../arm-none-eabi/lib/thumb/v7e-m/fpv4-sp/hard/libc_nano.a
END GROUP
START GROUP
LOAD /opt/st/stm32cubeide_1.5.1/plugins/com.st.stm32cube.ide.mcu.externaltools.gnu-tools-for-stm32.7-2018-q2-update.linux64_1.5.0.202011040924/tools/bin/../lib/gcc/arm-none-eabi/7.3.1/thumb/v7e-m/fpv4-sp/hard/libgcc.a
LOAD /opt/st/stm32cubeide_1.5.1/plugins/com.st.stm32cube.ide.mcu.externaltools.gnu-tools-for-stm32.7-2018-q2-update.linux64_1.5.0.202011040924/tools/bin/../lib/gcc/arm-none-eabi/7.3.1/../../../../arm-none-eabi/lib/thumb/v7e-m/fpv4-sp/hard/libc_nano.a
LOAD /opt/st/stm32cubeide_1.5.1/plugins/com.st.stm32cube.ide.mcu.externaltools.gnu-tools-for-stm32.7-2018-q2-update.linux64_1.5.0.202011040924/tools/bin/../lib/gcc/arm-none-eabi/7.3.1/../../../../arm-none-eabi/lib/thumb/v7e-m/fpv4-sp/hard/libnosys.a
END GROUP
START GROUP
LOAD /opt/st/stm32cubeide_1.5.1/plugins/com.st.stm32cube.ide.mcu.externaltools.gnu-tools-for-stm32.7-2018-q2-update.linux64_1.5.0.202011040924/tools/bin/../lib/gcc/arm-none-eabi/7.3.1/thumb/v7e-m/fpv4-sp/hard/libgcc.a
LOAD /opt/st/stm32cubeide_1.5.1/plugins/com.st.stm32cube.ide.mcu.externaltools.gnu-tools-for-stm32.7-2018-q2-update.linux64_1.5.0.202011040924/tools/bin/../lib/gcc/arm-none-eabi/7.3.1/../../../../arm-none-eabi/lib/thumb/v7e-m/fpv4-sp/hard/libc_nano.a
LOAD /opt/st/stm32cubeide_1.5.1/plugins/com.st.stm32cube.ide.mcu.externaltools.gnu-tools-for-stm32.7-2018-q2-update.linux64_1.5.0.202011040924/tools/bin/../lib/gcc/arm-none-eabi/7.3.1/../../../../arm-none-eabi/lib/thumb/v7e-m/fpv4-sp/hard/libnosys.a
END GROUP
LOAD /opt/st/stm32cubeide_1.5.1/plugins/com.st.stm32cube.ide.mcu.externaltools.gnu-tools-for-stm32.7-2018-q2-update.linux64_1.5.0.202011040924/tools/bin/../lib/gcc/arm-none-eabi/7.3.1/thumb/v7e-m/fpv4-sp/hard/crtend.o
LOAD /opt/st/stm32cubeide_1.5.1/plugins/com.st.stm32cube.ide.mcu.externaltools.gnu-tools-for-stm32.7-2018-q2-update.linux64_1.5.0.202011040924/tools/bin/../lib/gcc/arm-none-eabi/7.3.1/thumb/v7e-m/fpv4-sp/hard/crtn.o
                0x000000002000a000                _estack = (ORIGIN (RAM) + LENGTH (RAM))
                0x0000000000000200                _Min_Heap_Size = 0x200
                0x0000000000000400                _Min_Stack_Size = 0x400

.isr_vector     0x0000000008000000      0x188
                0x0000000008000000                . = ALIGN (0x4)
 *(.isr_vector)
 .isr_vector    0x0000000008000000      0x188 Core/Startup/startup_stm32f303vctx.o
                0x0000000008000000                g_pfnVectors
                0x0000000008000188                . = ALIGN (0x4)

.text           0x0000000008000190     0x8d68
                0x0000000008000190                . = ALIGN (0x4)
 *(.text)
 .text          0x0000000008000190       0x40 /opt/st/stm32cubeide_1.5.1/plugins/com.st.stm32cube.ide.mcu.externaltools.gnu-tools-for-stm32.7-2018-q2-update.linux64_1.5.0.202011040924/tools/bin/../lib/gcc/arm-none-eabi/7.3.1/thumb/v7e-m/fpv4-sp/hard/crtbegin.o
 .text          0x00000000080001d0       0x10 /opt/st/stm32cubeide_1.5.1/plugins/com.st.stm32cube.ide.mcu.externaltools.gnu-tools-for-stm32.7-2018-q2-update.linux64_1.5.0.202011040924/tools/bin/../lib/gcc/arm-none-eabi/7.3.1/../../../../arm-none-eabi/lib/thumb/v7e-m/fpv4-sp/hard/libc_nano.a(lib_a-strlen.o)
                0x00000000080001d0                strlen
 .text          0x00000000080001e0       0xa0 /opt/st/stm32cubeide_1.5.1/plugins/com.st.stm32cube.ide.mcu.externaltools.gnu-tools-for-stm32.7-2018-q2-update.linux64_1.5.0.202011040924/tools/bin/../lib/gcc/arm-none-eabi/7.3.1/../../../../arm-none-eabi/lib/thumb/v7e-m/fpv4-sp/hard/libc_nano.a(lib_a-memchr.o)
                0x00000000080001e0                memchr
 .text          0x0000000008000280      0x378 /opt/st/stm32cubeide_1.5.1/plugins/com.st.stm32cube.ide.mcu.externaltools.gnu-tools-for-stm32.7-2018-q2-update.linux64_1.5.0.202011040924/tools/bin/../lib/gcc/arm-none-eabi/7.3.1/thumb/v7e-m/fpv4-sp/hard/libgcc.a(_arm_addsubdf3.o)
                0x0000000008000280                __aeabi_drsub
                0x0000000008000288                __aeabi_dsub
                0x0000000008000288                __subdf3
                0x000000000800028c                __adddf3
                0x000000000800028c                __aeabi_dadd
                0x0000000008000504                __aeabi_ui2d
                0x0000000008000504                __floatunsidf
                0x0000000008000524                __floatsidf
                0x0000000008000524                __aeabi_i2d
                0x0000000008000548                __extendsfdf2
                0x0000000008000548                __aeabi_f2d
                0x000000000800058c                __aeabi_ul2d
                0x000000000800058c                __floatundidf
                0x000000000800059c                __floatdidf
                0x000000000800059c                __aeabi_l2d
 .text          0x00000000080005f8      0x424 /opt/st/stm32cubeide_1.5.1/plugins/com.st.stm32cube.ide.mcu.externaltools.gnu-tools-for-stm32.7-2018-q2-update.linux64_1.5.0.202011040924/tools/bin/../lib/gcc/arm-none-eabi/7.3.1/thumb/v7e-m/fpv4-sp/hard/libgcc.a(_arm_muldivdf3.o)
                0x00000000080005f8                __aeabi_dmul
                0x00000000080005f8                __muldf3
                0x000000000800084c                __aeabi_ddiv
                0x000000000800084c                __divdf3
 .text          0x0000000008000a1c       0xa0 /opt/st/stm32cubeide_1.5.1/plugins/com.st.stm32cube.ide.mcu.externaltools.gnu-tools-for-stm32.7-2018-q2-update.linux64_1.5.0.202011040924/tools/bin/../lib/gcc/arm-none-eabi/7.3.1/thumb/v7e-m/fpv4-sp/hard/libgcc.a(_arm_truncdfsf2.o)
                0x0000000008000a1c                __aeabi_d2f
                0x0000000008000a1c                __truncdfsf2
 *(.text*)
 .text.LiquidCrystal
                0x0000000008000abc       0x94 Core/Src/LiquidCrystal.o
                0x0000000008000abc                LiquidCrystal
 .text.init     0x0000000008000b50       0x9c Core/Src/LiquidCrystal.o
                0x0000000008000b50                init
 .text.begin    0x0000000008000bec      0x220 Core/Src/LiquidCrystal.o
                0x0000000008000bec                begin
 .text.enableClock
                0x0000000008000e0c      0x128 Core/Src/LiquidCrystal.o
                0x0000000008000e0c                enableClock
 .text.setRowOffsets
                0x0000000008000f34       0x40 Core/Src/LiquidCrystal.o
                0x0000000008000f34                setRowOffsets
 .text.clear    0x0000000008000f74       0x14 Core/Src/LiquidCrystal.o
                0x0000000008000f74                clear
 .text.setCursor
                0x0000000008000f88       0x64 Core/Src/LiquidCrystal.o
                0x0000000008000f88                setCursor
 .text.display  0x0000000008000fec       0x2c Core/Src/LiquidCrystal.o
                0x0000000008000fec                display
 .text.print    0x0000000008001018       0x56 Core/Src/LiquidCrystal.o
                0x0000000008001018                print
 .text.createChar
                0x000000000800106e       0x50 Core/Src/LiquidCrystal.o
                0x000000000800106e                createChar
 .text.command  0x00000000080010be       0x1c Core/Src/LiquidCrystal.o
                0x00000000080010be                command
 .text.write    0x00000000080010da       0x1e Core/Src/LiquidCrystal.o
                0x00000000080010da                write
 .text.send     0x00000000080010f8       0x7c Core/Src/LiquidCrystal.o
                0x00000000080010f8                send
 .text.pulseEnable
                0x0000000008001174       0x54 Core/Src/LiquidCrystal.o
                0x0000000008001174                pulseEnable
 .text.write4bits
                0x00000000080011c8       0x54 Core/Src/LiquidCrystal.o
                0x00000000080011c8                write4bits
 .text.write8bits
                0x000000000800121c       0x54 Core/Src/LiquidCrystal.o
                0x000000000800121c                write8bits
 .text.main     0x0000000008001270      0x19c Core/Src/main.o
                0x0000000008001270                main
 .text.SystemClock_Config
                0x000000000800140c       0xcc Core/Src/main.o
                0x000000000800140c                SystemClock_Config
 .text.MX_ADC1_Init
                0x00000000080014d8       0xe0 Core/Src/main.o
 .text.MX_I2C1_Init
                0x00000000080015b8       0x80 Core/Src/main.o
 .text.MX_SPI1_Init
                0x0000000008001638       0x7c Core/Src/main.o
 .text.MX_TIM2_Init
                0x00000000080016b4       0x9c Core/Src/main.o
 .text.MX_TIM3_Init
                0x0000000008001750       0xa0 Core/Src/main.o
 .text.MX_USART2_UART_Init
                0x00000000080017f0       0x60 Core/Src/main.o
 .text.MX_USB_PCD_Init
                0x0000000008001850       0x44 Core/Src/main.o
 .text.MX_GPIO_Init
                0x0000000008001894      0x1f4 Core/Src/main.o
 .text.Error_Handler
                0x0000000008001a88        0x8 Core/Src/main.o
                0x0000000008001a88                Error_Handler
 .text.HAL_MspInit
                0x0000000008001a90       0x48 Core/Src/stm32f3xx_hal_msp.o
                0x0000000008001a90                HAL_MspInit
 .text.HAL_ADC_MspInit
                0x0000000008001ad8       0x88 Core/Src/stm32f3xx_hal_msp.o
                0x0000000008001ad8                HAL_ADC_MspInit
 .text.HAL_I2C_MspInit
                0x0000000008001b60       0x88 Core/Src/stm32f3xx_hal_msp.o
                0x0000000008001b60                HAL_I2C_MspInit
 .text.HAL_SPI_MspInit
                0x0000000008001be8       0x84 Core/Src/stm32f3xx_hal_msp.o
                0x0000000008001be8                HAL_SPI_MspInit
 .text.HAL_TIM_Base_MspInit
                0x0000000008001c6c       0x80 Core/Src/stm32f3xx_hal_msp.o
                0x0000000008001c6c                HAL_TIM_Base_MspInit
 .text.HAL_UART_MspInit
                0x0000000008001cec       0x94 Core/Src/stm32f3xx_hal_msp.o
                0x0000000008001cec                HAL_UART_MspInit
 .text.HAL_PCD_MspInit
                0x0000000008001d80       0x88 Core/Src/stm32f3xx_hal_msp.o
                0x0000000008001d80                HAL_PCD_MspInit
 .text.NMI_Handler
                0x0000000008001e08        0x6 Core/Src/stm32f3xx_it.o
                0x0000000008001e08                NMI_Handler
 .text.HardFault_Handler
                0x0000000008001e0e        0x6 Core/Src/stm32f3xx_it.o
                0x0000000008001e0e                HardFault_Handler
 .text.MemManage_Handler
                0x0000000008001e14        0x6 Core/Src/stm32f3xx_it.o
                0x0000000008001e14                MemManage_Handler
 .text.BusFault_Handler
                0x0000000008001e1a        0x6 Core/Src/stm32f3xx_it.o
                0x0000000008001e1a                BusFault_Handler
 .text.UsageFault_Handler
                0x0000000008001e20        0x6 Core/Src/stm32f3xx_it.o
                0x0000000008001e20                UsageFault_Handler
 .text.SVC_Handler
                0x0000000008001e26        0xe Core/Src/stm32f3xx_it.o
                0x0000000008001e26                SVC_Handler
 .text.DebugMon_Handler
                0x0000000008001e34        0xe Core/Src/stm32f3xx_it.o
                0x0000000008001e34                DebugMon_Handler
 .text.PendSV_Handler
                0x0000000008001e42        0xe Core/Src/stm32f3xx_it.o
                0x0000000008001e42                PendSV_Handler
 .text.SysTick_Handler
                0x0000000008001e50        0xc Core/Src/stm32f3xx_it.o
                0x0000000008001e50                SysTick_Handler
 .text.EXTI4_IRQHandler
                0x0000000008001e5c        0xe Core/Src/stm32f3xx_it.o
                0x0000000008001e5c                EXTI4_IRQHandler
 *fill*         0x0000000008001e6a        0x6 
 .text.ADC1_2_IRQHandler
                0x0000000008001e70       0xcc Core/Src/stm32f3xx_it.o
                0x0000000008001e70                ADC1_2_IRQHandler
 .text.TIM2_IRQHandler
                0x0000000008001f3c      0x14c Core/Src/stm32f3xx_it.o
                0x0000000008001f3c                TIM2_IRQHandler
 .text.TIM3_IRQHandler
                0x0000000008002088      0x194 Core/Src/stm32f3xx_it.o
                0x0000000008002088                TIM3_IRQHandler
 .text.USART2_IRQHandler
                0x000000000800221c       0xd8 Core/Src/stm32f3xx_it.o
                0x000000000800221c                USART2_IRQHandler
 .text.EXTI15_10_IRQHandler
                0x00000000080022f4       0x20 Core/Src/stm32f3xx_it.o
                0x00000000080022f4                EXTI15_10_IRQHandler
 .text.updateWindowMarioPosition
                0x0000000008002314      0x17c Core/Src/stm32f3xx_it.o
                0x0000000008002314                updateWindowMarioPosition
 .text.updateMarioPosition
                0x0000000008002490      0x110 Core/Src/stm32f3xx_it.o
                0x0000000008002490                updateMarioPosition
 .text.updateMap
                0x00000000080025a0      0x35c Core/Src/stm32f3xx_it.o
                0x00000000080025a0                updateMap
 .text.showMap  0x00000000080028fc      0x1b8 Core/Src/stm32f3xx_it.o
                0x00000000080028fc                showMap
 .text.createMap
                0x0000000008002ab4      0x188 Core/Src/stm32f3xx_it.o
                0x0000000008002ab4                createMap
 .text.heartMarioPage
                0x0000000008002c3c       0x20 Core/Src/stm32f3xx_it.o
                0x0000000008002c3c                heartMarioPage
 .text.gameOverPage
                0x0000000008002c5c       0xa2 Core/Src/stm32f3xx_it.o
                0x0000000008002c5c                gameOverPage
 *fill*         0x0000000008002cfe        0x2 
 .text.displayLcd
                0x0000000008002d00      0x108 Core/Src/stm32f3xx_it.o
                0x0000000008002d00                displayLcd
 .text.winGamePage
                0x0000000008002e08       0xb8 Core/Src/stm32f3xx_it.o
                0x0000000008002e08                winGamePage
 .text.BCDtoSev
                0x0000000008002ec0       0x94 Core/Src/stm32f3xx_it.o
                0x0000000008002ec0                BCDtoSev
 .text.sevenSeg
                0x0000000008002f54       0x6c Core/Src/stm32f3xx_it.o
                0x0000000008002f54                sevenSeg
 .text.decLed   0x0000000008002fc0       0x4c Core/Src/stm32f3xx_it.o
                0x0000000008002fc0                decLed
 .text.HAL_GPIO_EXTI_Callback
                0x000000000800300c      0x134 Core/Src/stm32f3xx_it.o
                0x000000000800300c                HAL_GPIO_EXTI_Callback
 .text._sbrk    0x0000000008003140       0x6c Core/Src/sysmem.o
                0x0000000008003140                _sbrk
 .text.SystemInit
                0x00000000080031ac       0x24 Core/Src/system_stm32f3xx.o
                0x00000000080031ac                SystemInit
 .text.Reset_Handler
                0x00000000080031d0       0x50 Core/Startup/startup_stm32f303vctx.o
                0x00000000080031d0                Reset_Handler
 .text.Default_Handler
                0x0000000008003220        0x2 Core/Startup/startup_stm32f303vctx.o
                0x0000000008003220                RTC_Alarm_IRQHandler
                0x0000000008003220                TIM8_TRG_COM_IRQHandler
                0x0000000008003220                TIM8_CC_IRQHandler
                0x0000000008003220                TIM1_CC_IRQHandler
                0x0000000008003220                USB_HP_IRQHandler
                0x0000000008003220                PVD_IRQHandler
                0x0000000008003220                TAMP_STAMP_IRQHandler
                0x0000000008003220                EXTI3_IRQHandler
                0x0000000008003220                USB_HP_CAN_TX_IRQHandler
                0x0000000008003220                EXTI0_IRQHandler
                0x0000000008003220                I2C2_EV_IRQHandler
                0x0000000008003220                FPU_IRQHandler
                0x0000000008003220                TIM1_UP_TIM16_IRQHandler
                0x0000000008003220                SPI1_IRQHandler
                0x0000000008003220                CAN_SCE_IRQHandler
                0x0000000008003220                TIM6_DAC_IRQHandler
                0x0000000008003220                TIM8_UP_IRQHandler
                0x0000000008003220                DMA2_Channel2_IRQHandler
                0x0000000008003220                DMA1_Channel4_IRQHandler
                0x0000000008003220                USART3_IRQHandler
                0x0000000008003220                DMA1_Channel7_IRQHandler
                0x0000000008003220                UART5_IRQHandler
                0x0000000008003220                ADC3_IRQHandler
                0x0000000008003220                TIM4_IRQHandler
                0x0000000008003220                CAN_RX1_IRQHandler
                0x0000000008003220                DMA2_Channel1_IRQHandler
                0x0000000008003220                I2C1_EV_IRQHandler
                0x0000000008003220                DMA1_Channel6_IRQHandler
                0x0000000008003220                UART4_IRQHandler
                0x0000000008003220                DMA2_Channel4_IRQHandler
                0x0000000008003220                RCC_IRQHandler
                0x0000000008003220                DMA1_Channel1_IRQHandler
                0x0000000008003220                Default_Handler
                0x0000000008003220                USBWakeUp_RMP_IRQHandler
                0x0000000008003220                TIM7_IRQHandler
                0x0000000008003220                EXTI9_5_IRQHandler
                0x0000000008003220                RTC_WKUP_IRQHandler
                0x0000000008003220                SPI2_IRQHandler
                0x0000000008003220                USB_LP_CAN_RX0_IRQHandler
                0x0000000008003220                DMA2_Channel5_IRQHandler
                0x0000000008003220                DMA1_Channel5_IRQHandler
                0x0000000008003220                USB_LP_IRQHandler
                0x0000000008003220                TIM1_TRG_COM_TIM17_IRQHandler
                0x0000000008003220                DMA1_Channel3_IRQHandler
                0x0000000008003220                ADC4_IRQHandler
                0x0000000008003220                WWDG_IRQHandler
                0x0000000008003220                COMP7_IRQHandler
                0x0000000008003220                COMP1_2_3_IRQHandler
                0x0000000008003220                EXTI1_IRQHandler
                0x0000000008003220                COMP4_5_6_IRQHandler
                0x0000000008003220                I2C2_ER_IRQHandler
                0x0000000008003220                DMA1_Channel2_IRQHandler
                0x0000000008003220                TIM8_BRK_IRQHandler
                0x0000000008003220                FLASH_IRQHandler
                0x0000000008003220                USART1_IRQHandler
                0x0000000008003220                SPI3_IRQHandler
                0x0000000008003220                I2C1_ER_IRQHandler
                0x0000000008003220                USBWakeUp_IRQHandler
                0x0000000008003220                DMA2_Channel3_IRQHandler
                0x0000000008003220                EXTI2_TSC_IRQHandler
                0x0000000008003220                TIM1_BRK_TIM15_IRQHandler
 *fill*         0x0000000008003222        0x2 
 .text.HAL_Init
                0x0000000008003224       0x2c Drivers/STM32F3xx_HAL_Driver/Src/stm32f3xx_hal.o
                0x0000000008003224                HAL_Init
 .text.HAL_InitTick
                0x0000000008003250       0x60 Drivers/STM32F3xx_HAL_Driver/Src/stm32f3xx_hal.o
                0x0000000008003250                HAL_InitTick
 .text.HAL_IncTick
                0x00000000080032b0       0x28 Drivers/STM32F3xx_HAL_Driver/Src/stm32f3xx_hal.o
                0x00000000080032b0                HAL_IncTick
 .text.HAL_GetTick
                0x00000000080032d8       0x18 Drivers/STM32F3xx_HAL_Driver/Src/stm32f3xx_hal.o
                0x00000000080032d8                HAL_GetTick
 .text.HAL_Delay
                0x00000000080032f0       0x44 Drivers/STM32F3xx_HAL_Driver/Src/stm32f3xx_hal.o
                0x00000000080032f0                HAL_Delay
 .text.HAL_ADC_ConvCpltCallback
                0x0000000008003334       0x14 Drivers/STM32F3xx_HAL_Driver/Src/stm32f3xx_hal_adc.o
                0x0000000008003334                HAL_ADC_ConvCpltCallback
 .text.HAL_ADC_LevelOutOfWindowCallback
                0x0000000008003348       0x14 Drivers/STM32F3xx_HAL_Driver/Src/stm32f3xx_hal_adc.o
                0x0000000008003348                HAL_ADC_LevelOutOfWindowCallback
 .text.HAL_ADC_ErrorCallback
                0x000000000800335c       0x14 Drivers/STM32F3xx_HAL_Driver/Src/stm32f3xx_hal_adc.o
                0x000000000800335c                HAL_ADC_ErrorCallback
 .text.HAL_ADC_Init
                0x0000000008003370      0x3c0 Drivers/STM32F3xx_HAL_Driver/Src/stm32f3xx_hal_adc_ex.o
                0x0000000008003370                HAL_ADC_Init
 .text.HAL_ADC_Start_IT
                0x0000000008003730      0x280 Drivers/STM32F3xx_HAL_Driver/Src/stm32f3xx_hal_adc_ex.o
                0x0000000008003730                HAL_ADC_Start_IT
 .text.HAL_ADC_GetValue
                0x00000000080039b0       0x1a Drivers/STM32F3xx_HAL_Driver/Src/stm32f3xx_hal_adc_ex.o
                0x00000000080039b0                HAL_ADC_GetValue
 *fill*         0x00000000080039ca        0x2 
 .text.HAL_ADC_IRQHandler
                0x00000000080039cc      0x618 Drivers/STM32F3xx_HAL_Driver/Src/stm32f3xx_hal_adc_ex.o
                0x00000000080039cc                HAL_ADC_IRQHandler
 .text.HAL_ADCEx_InjectedConvCpltCallback
                0x0000000008003fe4       0x14 Drivers/STM32F3xx_HAL_Driver/Src/stm32f3xx_hal_adc_ex.o
                0x0000000008003fe4                HAL_ADCEx_InjectedConvCpltCallback
 .text.HAL_ADCEx_InjectedQueueOverflowCallback
                0x0000000008003ff8       0x14 Drivers/STM32F3xx_HAL_Driver/Src/stm32f3xx_hal_adc_ex.o
                0x0000000008003ff8                HAL_ADCEx_InjectedQueueOverflowCallback
 .text.HAL_ADCEx_LevelOutOfWindow2Callback
                0x000000000800400c       0x14 Drivers/STM32F3xx_HAL_Driver/Src/stm32f3xx_hal_adc_ex.o
                0x000000000800400c                HAL_ADCEx_LevelOutOfWindow2Callback
 .text.HAL_ADCEx_LevelOutOfWindow3Callback
                0x0000000008004020       0x14 Drivers/STM32F3xx_HAL_Driver/Src/stm32f3xx_hal_adc_ex.o
                0x0000000008004020                HAL_ADCEx_LevelOutOfWindow3Callback
 .text.HAL_ADC_ConfigChannel
                0x0000000008004034      0x5d8 Drivers/STM32F3xx_HAL_Driver/Src/stm32f3xx_hal_adc_ex.o
                0x0000000008004034                HAL_ADC_ConfigChannel
 .text.HAL_ADCEx_MultiModeConfigChannel
                0x000000000800460c      0x1e4 Drivers/STM32F3xx_HAL_Driver/Src/stm32f3xx_hal_adc_ex.o
                0x000000000800460c                HAL_ADCEx_MultiModeConfigChannel
 .text.ADC_Enable
                0x00000000080047f0       0xbc Drivers/STM32F3xx_HAL_Driver/Src/stm32f3xx_hal_adc_ex.o
 .text.ADC_Disable
                0x00000000080048ac       0xbe Drivers/STM32F3xx_HAL_Driver/Src/stm32f3xx_hal_adc_ex.o
 *fill*         0x000000000800496a        0x2 
 .text.__NVIC_SetPriorityGrouping
                0x000000000800496c       0x48 Drivers/STM32F3xx_HAL_Driver/Src/stm32f3xx_hal_cortex.o
 .text.__NVIC_GetPriorityGrouping
                0x00000000080049b4       0x1c Drivers/STM32F3xx_HAL_Driver/Src/stm32f3xx_hal_cortex.o
 .text.__NVIC_EnableIRQ
                0x00000000080049d0       0x3c Drivers/STM32F3xx_HAL_Driver/Src/stm32f3xx_hal_cortex.o
 .text.__NVIC_SetPriority
                0x0000000008004a0c       0x54 Drivers/STM32F3xx_HAL_Driver/Src/stm32f3xx_hal_cortex.o
 .text.NVIC_EncodePriority
                0x0000000008004a60       0x66 Drivers/STM32F3xx_HAL_Driver/Src/stm32f3xx_hal_cortex.o
 *fill*         0x0000000008004ac6        0x2 
 .text.SysTick_Config
                0x0000000008004ac8       0x44 Drivers/STM32F3xx_HAL_Driver/Src/stm32f3xx_hal_cortex.o
 .text.HAL_NVIC_SetPriorityGrouping
                0x0000000008004b0c       0x16 Drivers/STM32F3xx_HAL_Driver/Src/stm32f3xx_hal_cortex.o
                0x0000000008004b0c                HAL_NVIC_SetPriorityGrouping
 .text.HAL_NVIC_SetPriority
                0x0000000008004b22       0x38 Drivers/STM32F3xx_HAL_Driver/Src/stm32f3xx_hal_cortex.o
                0x0000000008004b22                HAL_NVIC_SetPriority
 .text.HAL_NVIC_EnableIRQ
                0x0000000008004b5a       0x1c Drivers/STM32F3xx_HAL_Driver/Src/stm32f3xx_hal_cortex.o
                0x0000000008004b5a                HAL_NVIC_EnableIRQ
 .text.HAL_SYSTICK_Config
                0x0000000008004b76       0x18 Drivers/STM32F3xx_HAL_Driver/Src/stm32f3xx_hal_cortex.o
                0x0000000008004b76                HAL_SYSTICK_Config
 .text.HAL_DMA_Abort
                0x0000000008004b8e       0x72 Drivers/STM32F3xx_HAL_Driver/Src/stm32f3xx_hal_dma.o
                0x0000000008004b8e                HAL_DMA_Abort
 .text.HAL_DMA_Abort_IT
                0x0000000008004c00       0x7c Drivers/STM32F3xx_HAL_Driver/Src/stm32f3xx_hal_dma.o
                0x0000000008004c00                HAL_DMA_Abort_IT
 .text.HAL_GPIO_Init
                0x0000000008004c7c      0x2f4 Drivers/STM32F3xx_HAL_Driver/Src/stm32f3xx_hal_gpio.o
                0x0000000008004c7c                HAL_GPIO_Init
 .text.HAL_GPIO_WritePin
                0x0000000008004f70       0x30 Drivers/STM32F3xx_HAL_Driver/Src/stm32f3xx_hal_gpio.o
                0x0000000008004f70                HAL_GPIO_WritePin
 .text.HAL_GPIO_TogglePin
                0x0000000008004fa0       0x34 Drivers/STM32F3xx_HAL_Driver/Src/stm32f3xx_hal_gpio.o
                0x0000000008004fa0                HAL_GPIO_TogglePin
 .text.HAL_GPIO_EXTI_IRQHandler
                0x0000000008004fd4       0x30 Drivers/STM32F3xx_HAL_Driver/Src/stm32f3xx_hal_gpio.o
                0x0000000008004fd4                HAL_GPIO_EXTI_IRQHandler
 .text.HAL_I2C_Init
                0x0000000008005004      0x11e Drivers/STM32F3xx_HAL_Driver/Src/stm32f3xx_hal_i2c.o
                0x0000000008005004                HAL_I2C_Init
 .text.HAL_I2CEx_ConfigAnalogFilter
                0x0000000008005122       0x96 Drivers/STM32F3xx_HAL_Driver/Src/stm32f3xx_hal_i2c_ex.o
                0x0000000008005122                HAL_I2CEx_ConfigAnalogFilter
 .text.HAL_I2CEx_ConfigDigitalFilter
                0x00000000080051b8       0x98 Drivers/STM32F3xx_HAL_Driver/Src/stm32f3xx_hal_i2c_ex.o
                0x00000000080051b8                HAL_I2CEx_ConfigDigitalFilter
 .text.HAL_PCD_Init
                0x0000000008005250      0x1bc Drivers/STM32F3xx_HAL_Driver/Src/stm32f3xx_hal_pcd.o
                0x0000000008005250                HAL_PCD_Init
 .text.HAL_RCC_OscConfig
                0x000000000800540c      0xe10 Drivers/STM32F3xx_HAL_Driver/Src/stm32f3xx_hal_rcc.o
                0x000000000800540c                HAL_RCC_OscConfig
 .text.HAL_RCC_ClockConfig
                0x000000000800621c      0x2f8 Drivers/STM32F3xx_HAL_Driver/Src/stm32f3xx_hal_rcc.o
                0x000000000800621c                HAL_RCC_ClockConfig
 .text.HAL_RCC_GetSysClockFreq
                0x0000000008006514       0xd4 Drivers/STM32F3xx_HAL_Driver/Src/stm32f3xx_hal_rcc.o
                0x0000000008006514                HAL_RCC_GetSysClockFreq
 .text.HAL_RCC_GetHCLKFreq
                0x00000000080065e8       0x18 Drivers/STM32F3xx_HAL_Driver/Src/stm32f3xx_hal_rcc.o
                0x00000000080065e8                HAL_RCC_GetHCLKFreq
 .text.HAL_RCC_GetPCLK1Freq
                0x0000000008006600       0x44 Drivers/STM32F3xx_HAL_Driver/Src/stm32f3xx_hal_rcc.o
                0x0000000008006600                HAL_RCC_GetPCLK1Freq
 .text.HAL_RCC_GetPCLK2Freq
                0x0000000008006644       0x44 Drivers/STM32F3xx_HAL_Driver/Src/stm32f3xx_hal_rcc.o
                0x0000000008006644                HAL_RCC_GetPCLK2Freq
 .text.HAL_RCCEx_PeriphCLKConfig
                0x0000000008006688      0x360 Drivers/STM32F3xx_HAL_Driver/Src/stm32f3xx_hal_rcc_ex.o
                0x0000000008006688                HAL_RCCEx_PeriphCLKConfig
 .text.HAL_SPI_Init
                0x00000000080069e8      0x156 Drivers/STM32F3xx_HAL_Driver/Src/stm32f3xx_hal_spi.o
                0x00000000080069e8                HAL_SPI_Init
 .text.HAL_TIM_Base_Init
                0x0000000008006b3e       0xae Drivers/STM32F3xx_HAL_Driver/Src/stm32f3xx_hal_tim.o
                0x0000000008006b3e                HAL_TIM_Base_Init
 .text.HAL_TIM_Base_Start_IT
                0x0000000008006bec       0xd4 Drivers/STM32F3xx_HAL_Driver/Src/stm32f3xx_hal_tim.o
                0x0000000008006bec                HAL_TIM_Base_Start_IT
 .text.HAL_TIM_IRQHandler
                0x0000000008006cc0      0x23e Drivers/STM32F3xx_HAL_Driver/Src/stm32f3xx_hal_tim.o
                0x0000000008006cc0                HAL_TIM_IRQHandler
 .text.HAL_TIM_ConfigClockSource
                0x0000000008006efe      0x172 Drivers/STM32F3xx_HAL_Driver/Src/stm32f3xx_hal_tim.o
                0x0000000008006efe                HAL_TIM_ConfigClockSource
 .text.HAL_TIM_PeriodElapsedCallback
                0x0000000008007070       0x14 Drivers/STM32F3xx_HAL_Driver/Src/stm32f3xx_hal_tim.o
                0x0000000008007070                HAL_TIM_PeriodElapsedCallback
 .text.HAL_TIM_OC_DelayElapsedCallback
                0x0000000008007084       0x14 Drivers/STM32F3xx_HAL_Driver/Src/stm32f3xx_hal_tim.o
                0x0000000008007084                HAL_TIM_OC_DelayElapsedCallback
 .text.HAL_TIM_IC_CaptureCallback
                0x0000000008007098       0x14 Drivers/STM32F3xx_HAL_Driver/Src/stm32f3xx_hal_tim.o
                0x0000000008007098                HAL_TIM_IC_CaptureCallback
 .text.HAL_TIM_PWM_PulseFinishedCallback
                0x00000000080070ac       0x14 Drivers/STM32F3xx_HAL_Driver/Src/stm32f3xx_hal_tim.o
                0x00000000080070ac                HAL_TIM_PWM_PulseFinishedCallback
 .text.HAL_TIM_TriggerCallback
                0x00000000080070c0       0x14 Drivers/STM32F3xx_HAL_Driver/Src/stm32f3xx_hal_tim.o
                0x00000000080070c0                HAL_TIM_TriggerCallback
 .text.TIM_Base_SetConfig
                0x00000000080070d4      0x120 Drivers/STM32F3xx_HAL_Driver/Src/stm32f3xx_hal_tim.o
                0x00000000080070d4                TIM_Base_SetConfig
 .text.TIM_TI1_ConfigInputStage
                0x00000000080071f4       0x5e Drivers/STM32F3xx_HAL_Driver/Src/stm32f3xx_hal_tim.o
 .text.TIM_TI2_ConfigInputStage
                0x0000000008007252       0x60 Drivers/STM32F3xx_HAL_Driver/Src/stm32f3xx_hal_tim.o
 .text.TIM_ITRx_SetConfig
                0x00000000080072b2       0x36 Drivers/STM32F3xx_HAL_Driver/Src/stm32f3xx_hal_tim.o
 .text.TIM_ETR_SetConfig
                0x00000000080072e8       0x40 Drivers/STM32F3xx_HAL_Driver/Src/stm32f3xx_hal_tim.o
                0x00000000080072e8                TIM_ETR_SetConfig
 .text.HAL_TIMEx_MasterConfigSynchronization
                0x0000000008007328      0x100 Drivers/STM32F3xx_HAL_Driver/Src/stm32f3xx_hal_tim_ex.o
                0x0000000008007328                HAL_TIMEx_MasterConfigSynchronization
 .text.HAL_TIMEx_CommutCallback
                0x0000000008007428       0x14 Drivers/STM32F3xx_HAL_Driver/Src/stm32f3xx_hal_tim_ex.o
                0x0000000008007428                HAL_TIMEx_CommutCallback
 .text.HAL_TIMEx_BreakCallback
                0x000000000800743c       0x14 Drivers/STM32F3xx_HAL_Driver/Src/stm32f3xx_hal_tim_ex.o
                0x000000000800743c                HAL_TIMEx_BreakCallback
 .text.HAL_TIMEx_Break2Callback
                0x0000000008007450       0x14 Drivers/STM32F3xx_HAL_Driver/Src/stm32f3xx_hal_tim_ex.o
                0x0000000008007450                HAL_TIMEx_Break2Callback
 .text.HAL_UART_Init
                0x0000000008007464       0x9c Drivers/STM32F3xx_HAL_Driver/Src/stm32f3xx_hal_uart.o
                0x0000000008007464                HAL_UART_Init
 .text.HAL_UART_Transmit
                0x0000000008007500      0x128 Drivers/STM32F3xx_HAL_Driver/Src/stm32f3xx_hal_uart.o
                0x0000000008007500                HAL_UART_Transmit
 .text.HAL_UART_Receive_IT
                0x0000000008007628       0x7a Drivers/STM32F3xx_HAL_Driver/Src/stm32f3xx_hal_uart.o
                0x0000000008007628                HAL_UART_Receive_IT
 *fill*         0x00000000080076a2        0x2 
 .text.HAL_UART_IRQHandler
                0x00000000080076a4      0x400 Drivers/STM32F3xx_HAL_Driver/Src/stm32f3xx_hal_uart.o
                0x00000000080076a4                HAL_UART_IRQHandler
 .text.HAL_UART_TxCpltCallback
                0x0000000008007aa4       0x14 Drivers/STM32F3xx_HAL_Driver/Src/stm32f3xx_hal_uart.o
                0x0000000008007aa4                HAL_UART_TxCpltCallback
 .text.HAL_UART_RxCpltCallback
                0x0000000008007ab8       0x14 Drivers/STM32F3xx_HAL_Driver/Src/stm32f3xx_hal_uart.o
                0x0000000008007ab8                HAL_UART_RxCpltCallback
 .text.HAL_UART_ErrorCallback
                0x0000000008007acc       0x14 Drivers/STM32F3xx_HAL_Driver/Src/stm32f3xx_hal_uart.o
                0x0000000008007acc                HAL_UART_ErrorCallback
 .text.HAL_UARTEx_RxEventCallback
                0x0000000008007ae0       0x18 Drivers/STM32F3xx_HAL_Driver/Src/stm32f3xx_hal_uart.o
                0x0000000008007ae0                HAL_UARTEx_RxEventCallback
 .text.UART_SetConfig
                0x0000000008007af8      0x3a4 Drivers/STM32F3xx_HAL_Driver/Src/stm32f3xx_hal_uart.o
                0x0000000008007af8                UART_SetConfig
 .text.UART_AdvFeatureConfig
                0x0000000008007e9c      0x144 Drivers/STM32F3xx_HAL_Driver/Src/stm32f3xx_hal_uart.o
                0x0000000008007e9c                UART_AdvFeatureConfig
 .text.UART_CheckIdleState
                0x0000000008007fe0       0x92 Drivers/STM32F3xx_HAL_Driver/Src/stm32f3xx_hal_uart.o
                0x0000000008007fe0                UART_CheckIdleState
 .text.UART_WaitOnFlagUntilTimeout
                0x0000000008008072       0xf8 Drivers/STM32F3xx_HAL_Driver/Src/stm32f3xx_hal_uart.o
                0x0000000008008072                UART_WaitOnFlagUntilTimeout
 *fill*         0x000000000800816a        0x2 
 .text.UART_Start_Receive_IT
                0x000000000800816c       0xec Drivers/STM32F3xx_HAL_Driver/Src/stm32f3xx_hal_uart.o
                0x000000000800816c                UART_Start_Receive_IT
 .text.UART_EndRxTransfer
                0x0000000008008258       0x5e Drivers/STM32F3xx_HAL_Driver/Src/stm32f3xx_hal_uart.o
 .text.UART_DMAAbortOnError
                0x00000000080082b6       0x2c Drivers/STM32F3xx_HAL_Driver/Src/stm32f3xx_hal_uart.o
 .text.UART_EndTransmit_IT
                0x00000000080082e2       0x32 Drivers/STM32F3xx_HAL_Driver/Src/stm32f3xx_hal_uart.o
 .text.UART_RxISR_8BIT
                0x0000000008008314       0xd4 Drivers/STM32F3xx_HAL_Driver/Src/stm32f3xx_hal_uart.o
 .text.UART_RxISR_16BIT
                0x00000000080083e8       0xd4 Drivers/STM32F3xx_HAL_Driver/Src/stm32f3xx_hal_uart.o
 .text.HAL_UARTEx_WakeupCallback
                0x00000000080084bc       0x14 Drivers/STM32F3xx_HAL_Driver/Src/stm32f3xx_hal_uart_ex.o
                0x00000000080084bc                HAL_UARTEx_WakeupCallback
 .text.USB_DisableGlobalInt
                0x00000000080084d0       0x36 Drivers/STM32F3xx_HAL_Driver/Src/stm32f3xx_ll_usb.o
                0x00000000080084d0                USB_DisableGlobalInt
 .text.USB_DevInit
                0x0000000008008506       0x42 Drivers/STM32F3xx_HAL_Driver/Src/stm32f3xx_ll_usb.o
                0x0000000008008506                USB_DevInit
 .text.__errno  0x0000000008008548        0xc /opt/st/stm32cubeide_1.5.1/plugins/com.st.stm32cube.ide.mcu.externaltools.gnu-tools-for-stm32.7-2018-q2-update.linux64_1.5.0.202011040924/tools/bin/../lib/gcc/arm-none-eabi/7.3.1/../../../../arm-none-eabi/lib/thumb/v7e-m/fpv4-sp/hard/libc_nano.a(lib_a-errno.o)
                0x0000000008008548                __errno
 .text.__libc_init_array
                0x0000000008008554       0x48 /opt/st/stm32cubeide_1.5.1/plugins/com.st.stm32cube.ide.mcu.externaltools.gnu-tools-for-stm32.7-2018-q2-update.linux64_1.5.0.202011040924/tools/bin/../lib/gcc/arm-none-eabi/7.3.1/../../../../arm-none-eabi/lib/thumb/v7e-m/fpv4-sp/hard/libc_nano.a(lib_a-init.o)
                0x0000000008008554                __libc_init_array
 .text.memset   0x000000000800859c       0x10 /opt/st/stm32cubeide_1.5.1/plugins/com.st.stm32cube.ide.mcu.externaltools.gnu-tools-for-stm32.7-2018-q2-update.linux64_1.5.0.202011040924/tools/bin/../lib/gcc/arm-none-eabi/7.3.1/../../../../arm-none-eabi/lib/thumb/v7e-m/fpv4-sp/hard/libc_nano.a(lib_a-memset.o)
                0x000000000800859c                memset
 .text.srand    0x00000000080085ac       0x48 /opt/st/stm32cubeide_1.5.1/plugins/com.st.stm32cube.ide.mcu.externaltools.gnu-tools-for-stm32.7-2018-q2-update.linux64_1.5.0.202011040924/tools/bin/../lib/gcc/arm-none-eabi/7.3.1/../../../../arm-none-eabi/lib/thumb/v7e-m/fpv4-sp/hard/libc_nano.a(lib_a-rand.o)
                0x00000000080085ac                srand
 .text.rand     0x00000000080085f4       0x68 /opt/st/stm32cubeide_1.5.1/plugins/com.st.stm32cube.ide.mcu.externaltools.gnu-tools-for-stm32.7-2018-q2-update.linux64_1.5.0.202011040924/tools/bin/../lib/gcc/arm-none-eabi/7.3.1/../../../../arm-none-eabi/lib/thumb/v7e-m/fpv4-sp/hard/libc_nano.a(lib_a-rand.o)
                0x00000000080085f4                rand
 .text.sprintf  0x000000000800865c       0x40 /opt/st/stm32cubeide_1.5.1/plugins/com.st.stm32cube.ide.mcu.externaltools.gnu-tools-for-stm32.7-2018-q2-update.linux64_1.5.0.202011040924/tools/bin/../lib/gcc/arm-none-eabi/7.3.1/../../../../arm-none-eabi/lib/thumb/v7e-m/fpv4-sp/hard/libc_nano.a(lib_a-sprintf.o)
                0x000000000800865c                sprintf
                0x000000000800865c                siprintf
 .text.time     0x000000000800869c       0x34 /opt/st/stm32cubeide_1.5.1/plugins/com.st.stm32cube.ide.mcu.externaltools.gnu-tools-for-stm32.7-2018-q2-update.linux64_1.5.0.202011040924/tools/bin/../lib/gcc/arm-none-eabi/7.3.1/../../../../arm-none-eabi/lib/thumb/v7e-m/fpv4-sp/hard/libc_nano.a(lib_a-time.o)
                0x000000000800869c                time
 .text._gettimeofday_r
                0x00000000080086d0       0x24 /opt/st/stm32cubeide_1.5.1/plugins/com.st.stm32cube.ide.mcu.externaltools.gnu-tools-for-stm32.7-2018-q2-update.linux64_1.5.0.202011040924/tools/bin/../lib/gcc/arm-none-eabi/7.3.1/../../../../arm-none-eabi/lib/thumb/v7e-m/fpv4-sp/hard/libc_nano.a(lib_a-gettimeofdayr.o)
                0x00000000080086d0                _gettimeofday_r
 .text.malloc   0x00000000080086f4       0x10 /opt/st/stm32cubeide_1.5.1/plugins/com.st.stm32cube.ide.mcu.externaltools.gnu-tools-for-stm32.7-2018-q2-update.linux64_1.5.0.202011040924/tools/bin/../lib/gcc/arm-none-eabi/7.3.1/../../../../arm-none-eabi/lib/thumb/v7e-m/fpv4-sp/hard/libc_nano.a(lib_a-malloc.o)
                0x00000000080086f4                malloc
 .text._free_r  0x0000000008008704       0x9c /opt/st/stm32cubeide_1.5.1/plugins/com.st.stm32cube.ide.mcu.externaltools.gnu-tools-for-stm32.7-2018-q2-update.linux64_1.5.0.202011040924/tools/bin/../lib/gcc/arm-none-eabi/7.3.1/../../../../arm-none-eabi/lib/thumb/v7e-m/fpv4-sp/hard/libc_nano.a(lib_a-nano-freer.o)
                0x0000000008008704                _free_r
 .text._malloc_r
                0x00000000080087a0       0xb4 /opt/st/stm32cubeide_1.5.1/plugins/com.st.stm32cube.ide.mcu.externaltools.gnu-tools-for-stm32.7-2018-q2-update.linux64_1.5.0.202011040924/tools/bin/../lib/gcc/arm-none-eabi/7.3.1/../../../../arm-none-eabi/lib/thumb/v7e-m/fpv4-sp/hard/libc_nano.a(lib_a-nano-mallocr.o)
                0x00000000080087a0                _malloc_r
 .text.__ssputs_r
                0x0000000008008854       0xb4 /opt/st/stm32cubeide_1.5.1/plugins/com.st.stm32cube.ide.mcu.externaltools.gnu-tools-for-stm32.7-2018-q2-update.linux64_1.5.0.202011040924/tools/bin/../lib/gcc/arm-none-eabi/7.3.1/../../../../arm-none-eabi/lib/thumb/v7e-m/fpv4-sp/hard/libc_nano.a(lib_a-nano-svfprintf.o)
                0x0000000008008854                __ssputs_r
 .text._svfprintf_r
                0x0000000008008908      0x1f0 /opt/st/stm32cubeide_1.5.1/plugins/com.st.stm32cube.ide.mcu.externaltools.gnu-tools-for-stm32.7-2018-q2-update.linux64_1.5.0.202011040924/tools/bin/../lib/gcc/arm-none-eabi/7.3.1/../../../../arm-none-eabi/lib/thumb/v7e-m/fpv4-sp/hard/libc_nano.a(lib_a-nano-svfprintf.o)
                0x0000000008008908                _svfprintf_r
                0x0000000008008908                _svfiprintf_r
 .text._printf_common
                0x0000000008008af8       0xea /opt/st/stm32cubeide_1.5.1/plugins/com.st.stm32cube.ide.mcu.externaltools.gnu-tools-for-stm32.7-2018-q2-update.linux64_1.5.0.202011040924/tools/bin/../lib/gcc/arm-none-eabi/7.3.1/../../../../arm-none-eabi/lib/thumb/v7e-m/fpv4-sp/hard/libc_nano.a(lib_a-nano-vfprintf_i.o)
                0x0000000008008af8                _printf_common
 *fill*         0x0000000008008be2        0x2 
 .text._printf_i
                0x0000000008008be4      0x224 /opt/st/stm32cubeide_1.5.1/plugins/com.st.stm32cube.ide.mcu.externaltools.gnu-tools-for-stm32.7-2018-q2-update.linux64_1.5.0.202011040924/tools/bin/../lib/gcc/arm-none-eabi/7.3.1/../../../../arm-none-eabi/lib/thumb/v7e-m/fpv4-sp/hard/libc_nano.a(lib_a-nano-vfprintf_i.o)
                0x0000000008008be4                _printf_i
 .text._sbrk_r  0x0000000008008e08       0x20 /opt/st/stm32cubeide_1.5.1/plugins/com.st.stm32cube.ide.mcu.externaltools.gnu-tools-for-stm32.7-2018-q2-update.linux64_1.5.0.202011040924/tools/bin/../lib/gcc/arm-none-eabi/7.3.1/../../../../arm-none-eabi/lib/thumb/v7e-m/fpv4-sp/hard/libc_nano.a(lib_a-sbrkr.o)
                0x0000000008008e08                _sbrk_r
 .text.memcpy   0x0000000008008e28       0x16 /opt/st/stm32cubeide_1.5.1/plugins/com.st.stm32cube.ide.mcu.externaltools.gnu-tools-for-stm32.7-2018-q2-update.linux64_1.5.0.202011040924/tools/bin/../lib/gcc/arm-none-eabi/7.3.1/../../../../arm-none-eabi/lib/thumb/v7e-m/fpv4-sp/hard/libc_nano.a(lib_a-memcpy-stub.o)
                0x0000000008008e28                memcpy
 .text.memmove  0x0000000008008e3e       0x32 /opt/st/stm32cubeide_1.5.1/plugins/com.st.stm32cube.ide.mcu.externaltools.gnu-tools-for-stm32.7-2018-q2-update.linux64_1.5.0.202011040924/tools/bin/../lib/gcc/arm-none-eabi/7.3.1/../../../../arm-none-eabi/lib/thumb/v7e-m/fpv4-sp/hard/libc_nano.a(lib_a-memmove.o)
                0x0000000008008e3e                memmove
 .text.__malloc_lock
                0x0000000008008e70        0x2 /opt/st/stm32cubeide_1.5.1/plugins/com.st.stm32cube.ide.mcu.externaltools.gnu-tools-for-stm32.7-2018-q2-update.linux64_1.5.0.202011040924/tools/bin/../lib/gcc/arm-none-eabi/7.3.1/../../../../arm-none-eabi/lib/thumb/v7e-m/fpv4-sp/hard/libc_nano.a(lib_a-mlock.o)
                0x0000000008008e70                __malloc_lock
 .text.__malloc_unlock
                0x0000000008008e72        0x2 /opt/st/stm32cubeide_1.5.1/plugins/com.st.stm32cube.ide.mcu.externaltools.gnu-tools-for-stm32.7-2018-q2-update.linux64_1.5.0.202011040924/tools/bin/../lib/gcc/arm-none-eabi/7.3.1/../../../../arm-none-eabi/lib/thumb/v7e-m/fpv4-sp/hard/libc_nano.a(lib_a-mlock.o)
                0x0000000008008e72                __malloc_unlock
 .text._realloc_r
                0x0000000008008e74       0x4c /opt/st/stm32cubeide_1.5.1/plugins/com.st.stm32cube.ide.mcu.externaltools.gnu-tools-for-stm32.7-2018-q2-update.linux64_1.5.0.202011040924/tools/bin/../lib/gcc/arm-none-eabi/7.3.1/../../../../arm-none-eabi/lib/thumb/v7e-m/fpv4-sp/hard/libc_nano.a(lib_a-nano-reallocr.o)
                0x0000000008008e74                _realloc_r
 .text._malloc_usable_size_r
                0x0000000008008ec0       0x10 /opt/st/stm32cubeide_1.5.1/plugins/com.st.stm32cube.ide.mcu.externaltools.gnu-tools-for-stm32.7-2018-q2-update.linux64_1.5.0.202011040924/tools/bin/../lib/gcc/arm-none-eabi/7.3.1/../../../../arm-none-eabi/lib/thumb/v7e-m/fpv4-sp/hard/libc_nano.a(lib_a-nano-msizer.o)
                0x0000000008008ec0                _malloc_usable_size_r
 .text._gettimeofday
                0x0000000008008ed0       0x10 /opt/st/stm32cubeide_1.5.1/plugins/com.st.stm32cube.ide.mcu.externaltools.gnu-tools-for-stm32.7-2018-q2-update.linux64_1.5.0.202011040924/tools/bin/../lib/gcc/arm-none-eabi/7.3.1/../../../../arm-none-eabi/lib/thumb/v7e-m/fpv4-sp/hard/libnosys.a(gettod.o)
                0x0000000008008ed0                _gettimeofday
 *(.glue_7)
 .glue_7        0x0000000008008ee0        0x0 linker stubs
 *(.glue_7t)
 .glue_7t       0x0000000008008ee0        0x0 linker stubs
 *(.eh_frame)
 .eh_frame      0x0000000008008ee0        0x0 /opt/st/stm32cubeide_1.5.1/plugins/com.st.stm32cube.ide.mcu.externaltools.gnu-tools-for-stm32.7-2018-q2-update.linux64_1.5.0.202011040924/tools/bin/../lib/gcc/arm-none-eabi/7.3.1/thumb/v7e-m/fpv4-sp/hard/crtbegin.o
 *(.init)
 .init          0x0000000008008ee0        0x4 /opt/st/stm32cubeide_1.5.1/plugins/com.st.stm32cube.ide.mcu.externaltools.gnu-tools-for-stm32.7-2018-q2-update.linux64_1.5.0.202011040924/tools/bin/../lib/gcc/arm-none-eabi/7.3.1/thumb/v7e-m/fpv4-sp/hard/crti.o
                0x0000000008008ee0                _init
 .init          0x0000000008008ee4        0x8 /opt/st/stm32cubeide_1.5.1/plugins/com.st.stm32cube.ide.mcu.externaltools.gnu-tools-for-stm32.7-2018-q2-update.linux64_1.5.0.202011040924/tools/bin/../lib/gcc/arm-none-eabi/7.3.1/thumb/v7e-m/fpv4-sp/hard/crtn.o
 *(.fini)
 .fini          0x0000000008008eec        0x4 /opt/st/stm32cubeide_1.5.1/plugins/com.st.stm32cube.ide.mcu.externaltools.gnu-tools-for-stm32.7-2018-q2-update.linux64_1.5.0.202011040924/tools/bin/../lib/gcc/arm-none-eabi/7.3.1/thumb/v7e-m/fpv4-sp/hard/crti.o
                0x0000000008008eec                _fini
 .fini          0x0000000008008ef0        0x8 /opt/st/stm32cubeide_1.5.1/plugins/com.st.stm32cube.ide.mcu.externaltools.gnu-tools-for-stm32.7-2018-q2-update.linux64_1.5.0.202011040924/tools/bin/../lib/gcc/arm-none-eabi/7.3.1/thumb/v7e-m/fpv4-sp/hard/crtn.o
                0x0000000008008ef8                . = ALIGN (0x4)
                0x0000000008008ef8                _etext = .

.vfp11_veneer   0x0000000008008ef8        0x0
 .vfp11_veneer  0x0000000008008ef8        0x0 linker stubs

.v4_bx          0x0000000008008ef8        0x0
 .v4_bx         0x0000000008008ef8        0x0 linker stubs

.iplt           0x0000000008008ef8        0x0
 .iplt          0x0000000008008ef8        0x0 /opt/st/stm32cubeide_1.5.1/plugins/com.st.stm32cube.ide.mcu.externaltools.gnu-tools-for-stm32.7-2018-q2-update.linux64_1.5.0.202011040924/tools/bin/../lib/gcc/arm-none-eabi/7.3.1/thumb/v7e-m/fpv4-sp/hard/crtbegin.o

.rodata         0x0000000008008ef8      0x124
                0x0000000008008ef8                . = ALIGN (0x4)
 *(.rodata)
 .rodata        0x0000000008008ef8       0x38 Core/Src/main.o
 .rodata        0x0000000008008f30       0x80 Core/Src/stm32f3xx_it.o
 *(.rodata*)
 .rodata.AHBPrescTable
                0x0000000008008fb0       0x10 Core/Src/system_stm32f3xx.o
                0x0000000008008fb0                AHBPrescTable
 .rodata.APBPrescTable
                0x0000000008008fc0        0x8 Core/Src/system_stm32f3xx.o
                0x0000000008008fc0                APBPrescTable
 .rodata.aPLLMULFactorTable
                0x0000000008008fc8       0x10 Drivers/STM32F3xx_HAL_Driver/Src/stm32f3xx_hal_rcc.o
                0x0000000008008fc8                aPLLMULFactorTable
 .rodata.aPredivFactorTable
                0x0000000008008fd8       0x10 Drivers/STM32F3xx_HAL_Driver/Src/stm32f3xx_hal_rcc.o
                0x0000000008008fd8                aPredivFactorTable
 .rodata._svfprintf_r.str1.1
                0x0000000008008fe8       0x11 /opt/st/stm32cubeide_1.5.1/plugins/com.st.stm32cube.ide.mcu.externaltools.gnu-tools-for-stm32.7-2018-q2-update.linux64_1.5.0.202011040924/tools/bin/../lib/gcc/arm-none-eabi/7.3.1/../../../../arm-none-eabi/lib/thumb/v7e-m/fpv4-sp/hard/libc_nano.a(lib_a-nano-svfprintf.o)
 .rodata._printf_i.str1.1
                0x0000000008008ff9       0x22 /opt/st/stm32cubeide_1.5.1/plugins/com.st.stm32cube.ide.mcu.externaltools.gnu-tools-for-stm32.7-2018-q2-update.linux64_1.5.0.202011040924/tools/bin/../lib/gcc/arm-none-eabi/7.3.1/../../../../arm-none-eabi/lib/thumb/v7e-m/fpv4-sp/hard/libc_nano.a(lib_a-nano-vfprintf_i.o)
                0x000000000800901c                . = ALIGN (0x4)
 *fill*         0x000000000800901b        0x1 

.rel.dyn        0x000000000800901c        0x0
 .rel.iplt      0x000000000800901c        0x0 /opt/st/stm32cubeide_1.5.1/plugins/com.st.stm32cube.ide.mcu.externaltools.gnu-tools-for-stm32.7-2018-q2-update.linux64_1.5.0.202011040924/tools/bin/../lib/gcc/arm-none-eabi/7.3.1/thumb/v7e-m/fpv4-sp/hard/crtbegin.o

.ARM.extab      0x000000000800901c        0x0
                0x000000000800901c                . = ALIGN (0x4)
 *(.ARM.extab* .gnu.linkonce.armextab.*)
                0x000000000800901c                . = ALIGN (0x4)

.ARM            0x000000000800901c        0x0
                0x000000000800901c                . = ALIGN (0x4)
                0x000000000800901c                __exidx_start = .
 *(.ARM.exidx*)
                0x000000000800901c                __exidx_end = .
                0x000000000800901c                . = ALIGN (0x4)

.preinit_array  0x000000000800901c        0x0
                0x000000000800901c                . = ALIGN (0x4)
                0x000000000800901c                PROVIDE (__preinit_array_start = .)
 *(.preinit_array*)
                0x000000000800901c                PROVIDE (__preinit_array_end = .)
                0x000000000800901c                . = ALIGN (0x4)

.init_array     0x000000000800901c        0x4
                0x000000000800901c                . = ALIGN (0x4)
                0x000000000800901c                PROVIDE (__init_array_start = .)
 *(SORT_BY_NAME(.init_array.*))
 *(.init_array*)
 .init_array    0x000000000800901c        0x4 /opt/st/stm32cubeide_1.5.1/plugins/com.st.stm32cube.ide.mcu.externaltools.gnu-tools-for-stm32.7-2018-q2-update.linux64_1.5.0.202011040924/tools/bin/../lib/gcc/arm-none-eabi/7.3.1/thumb/v7e-m/fpv4-sp/hard/crtbegin.o
                0x0000000008009020                PROVIDE (__init_array_end = .)
                0x0000000008009020                . = ALIGN (0x4)

.fini_array     0x0000000008009020        0x4
                0x0000000008009020                . = ALIGN (0x4)
                [!provide]                        PROVIDE (__fini_array_start = .)
 *(SORT_BY_NAME(.fini_array.*))
 *(.fini_array*)
 .fini_array    0x0000000008009020        0x4 /opt/st/stm32cubeide_1.5.1/plugins/com.st.stm32cube.ide.mcu.externaltools.gnu-tools-for-stm32.7-2018-q2-update.linux64_1.5.0.202011040924/tools/bin/../lib/gcc/arm-none-eabi/7.3.1/thumb/v7e-m/fpv4-sp/hard/crtbegin.o
                [!provide]                        PROVIDE (__fini_array_end = .)
                0x0000000008009024                . = ALIGN (0x4)
                0x0000000008009024                _sidata = LOADADDR (.data)

.data           0x0000000020000000       0x90 load address 0x0000000008009024
                0x0000000020000000                . = ALIGN (0x4)
                0x0000000020000000                _sdata = .
 *(.data)
 *(.data*)
 .data._fourbit_mode
                0x0000000020000000        0x1 Core/Src/LiquidCrystal.o
                0x0000000020000000                _fourbit_mode
 *fill*         0x0000000020000001        0x3 
 .data.gameMode
                0x0000000020000004        0x4 Core/Src/stm32f3xx_it.o
                0x0000000020000004                gameMode
 .data.gameSpeed
                0x0000000020000008        0x4 Core/Src/stm32f3xx_it.o
                0x0000000020000008                gameSpeed
 .data.heart    0x000000002000000c        0x4 Core/Src/stm32f3xx_it.o
                0x000000002000000c                heart
 .data.windowEnd
                0x0000000020000010        0x4 Core/Src/stm32f3xx_it.o
                0x0000000020000010                windowEnd
 .data.jump     0x0000000020000014        0x4 Core/Src/stm32f3xx_it.o
                0x0000000020000014                jump
 .data.jumpLimit
                0x0000000020000018        0x4 Core/Src/stm32f3xx_it.o
                0x0000000020000018                jumpLimit
 .data.windowDir
                0x000000002000001c        0x4 Core/Src/stm32f3xx_it.o
                0x000000002000001c                windowDir
 .data.SystemCoreClock
                0x0000000020000020        0x4 Core/Src/system_stm32f3xx.o
                0x0000000020000020                SystemCoreClock
 .data.uwTickPrio
                0x0000000020000024        0x4 Drivers/STM32F3xx_HAL_Driver/Src/stm32f3xx_hal.o
                0x0000000020000024                uwTickPrio
 .data.uwTickFreq
                0x0000000020000028        0x1 Drivers/STM32F3xx_HAL_Driver/Src/stm32f3xx_hal.o
                0x0000000020000028                uwTickFreq
 *fill*         0x0000000020000029        0x3 
 .data._impure_ptr
                0x000000002000002c        0x4 /opt/st/stm32cubeide_1.5.1/plugins/com.st.stm32cube.ide.mcu.externaltools.gnu-tools-for-stm32.7-2018-q2-update.linux64_1.5.0.202011040924/tools/bin/../lib/gcc/arm-none-eabi/7.3.1/../../../../arm-none-eabi/lib/thumb/v7e-m/fpv4-sp/hard/libc_nano.a(lib_a-impure.o)
                0x000000002000002c                _impure_ptr
 .data.impure_data
                0x0000000020000030       0x60 /opt/st/stm32cubeide_1.5.1/plugins/com.st.stm32cube.ide.mcu.externaltools.gnu-tools-for-stm32.7-2018-q2-update.linux64_1.5.0.202011040924/tools/bin/../lib/gcc/arm-none-eabi/7.3.1/../../../../arm-none-eabi/lib/thumb/v7e-m/fpv4-sp/hard/libc_nano.a(lib_a-impure.o)
 *(.RamFunc)
 *(.RamFunc*)
                0x0000000020000090                . = ALIGN (0x4)
                0x0000000020000090                _edata = .

.igot.plt       0x0000000020000090        0x0 load address 0x00000000080090b4
 .igot.plt      0x0000000020000090        0x0 /opt/st/stm32cubeide_1.5.1/plugins/com.st.stm32cube.ide.mcu.externaltools.gnu-tools-for-stm32.7-2018-q2-update.linux64_1.5.0.202011040924/tools/bin/../lib/gcc/arm-none-eabi/7.3.1/thumb/v7e-m/fpv4-sp/hard/crtbegin.o
                0x0000000020000090                . = ALIGN (0x4)

.bss            0x0000000020000090      0xbd8 load address 0x00000000080090b4
                0x0000000020000090                _sbss = .
                0x0000000020000090                __bss_start__ = _sbss
 *(.bss)
 .bss           0x0000000020000090       0x1c /opt/st/stm32cubeide_1.5.1/plugins/com.st.stm32cube.ide.mcu.externaltools.gnu-tools-for-stm32.7-2018-q2-update.linux64_1.5.0.202011040924/tools/bin/../lib/gcc/arm-none-eabi/7.3.1/thumb/v7e-m/fpv4-sp/hard/crtbegin.o
 *(.bss*)
 .bss.dotsize   0x00000000200000ac        0x1 Core/Src/LiquidCrystal.o
                0x00000000200000ac                dotsize
 *fill*         0x00000000200000ad        0x3 
 .bss.x         0x00000000200000b0        0x4 Core/Src/stm32f3xx_it.o
                0x00000000200000b0                x
 .bss.windowStart
                0x00000000200000b4        0x4 Core/Src/stm32f3xx_it.o
                0x00000000200000b4                windowStart
 .bss.score     0x00000000200000b8        0x4 Core/Src/stm32f3xx_it.o
                0x00000000200000b8                score
 .bss.marioX    0x00000000200000bc        0x4 Core/Src/stm32f3xx_it.o
                0x00000000200000bc                marioX
 .bss.marioY    0x00000000200000c0        0x4 Core/Src/stm32f3xx_it.o
                0x00000000200000c0                marioY
 .bss.timer     0x00000000200000c4        0x4 Core/Src/stm32f3xx_it.o
                0x00000000200000c4                timer
 .bss.dir       0x00000000200000c8        0x4 Core/Src/stm32f3xx_it.o
                0x00000000200000c8                dir
 .bss.marioYTmp
                0x00000000200000cc        0x4 Core/Src/stm32f3xx_it.o
                0x00000000200000cc                marioYTmp
 .bss.marioLeftRight
                0x00000000200000d0        0x4 Core/Src/stm32f3xx_it.o
                0x00000000200000d0                marioLeftRight
 .bss.w         0x00000000200000d4        0x4 Core/Src/stm32f3xx_it.o
                0x00000000200000d4                w
 .bss.willChangeMario
                0x00000000200000d8        0x4 Core/Src/stm32f3xx_it.o
                0x00000000200000d8                willChangeMario
 .bss.lastTime  0x00000000200000dc        0x4 Core/Src/stm32f3xx_it.o
                0x00000000200000dc                lastTime
 .bss.__sbrk_heap_end
                0x00000000200000e0        0x4 Core/Src/sysmem.o
 .bss.__malloc_free_list
                0x00000000200000e4        0x4 /opt/st/stm32cubeide_1.5.1/plugins/com.st.stm32cube.ide.mcu.externaltools.gnu-tools-for-stm32.7-2018-q2-update.linux64_1.5.0.202011040924/tools/bin/../lib/gcc/arm-none-eabi/7.3.1/../../../../arm-none-eabi/lib/thumb/v7e-m/fpv4-sp/hard/libc_nano.a(lib_a-nano-mallocr.o)
                0x00000000200000e4                __malloc_free_list
 .bss.__malloc_sbrk_start
                0x00000000200000e8        0x4 /opt/st/stm32cubeide_1.5.1/plugins/com.st.stm32cube.ide.mcu.externaltools.gnu-tools-for-stm32.7-2018-q2-update.linux64_1.5.0.202011040924/tools/bin/../lib/gcc/arm-none-eabi/7.3.1/../../../../arm-none-eabi/lib/thumb/v7e-m/fpv4-sp/hard/libc_nano.a(lib_a-nano-mallocr.o)
                0x00000000200000e8                __malloc_sbrk_start
 *(COMMON)
 COMMON         0x00000000200000ec       0x27 Core/Src/LiquidCrystal.o
                0x00000000200000ec                _row_offsets
                0x00000000200000f0                _rw_pin
                0x00000000200000f4                _port
                0x00000000200000f8                _displaycontrol
                0x00000000200000f9                _numlines
                0x00000000200000fc                _data_pins
                0x000000002000010c                _displaymode
                0x000000002000010d                _displayfunction
                0x000000002000010e                _enable_pin
                0x0000000020000110                _rs_pin
                0x0000000020000112                _initialized
 *fill*         0x0000000020000113        0x1 
 COMMON         0x0000000020000114      0x64c Core/Src/main.o
                0x0000000020000114                hi2c1
                0x0000000020000160                welcomePage
                0x00000000200002a0                htim3
                0x00000000200002ec                hadc1
                0x000000002000033c                data
                0x0000000020000340                hspi1
                0x00000000200003a4                htim2
                0x00000000200003f0                huart2
                0x0000000020000474                hpcd_USB_FS
 COMMON         0x0000000020000760      0x500 Core/Src/stm32f3xx_it.o
                0x0000000020000760                map
                0x0000000020000b20                lastLcd
 COMMON         0x0000000020000c60        0x4 Drivers/STM32F3xx_HAL_Driver/Src/stm32f3xx_hal.o
                0x0000000020000c60                uwTick
 COMMON         0x0000000020000c64        0x4 /opt/st/stm32cubeide_1.5.1/plugins/com.st.stm32cube.ide.mcu.externaltools.gnu-tools-for-stm32.7-2018-q2-update.linux64_1.5.0.202011040924/tools/bin/../lib/gcc/arm-none-eabi/7.3.1/../../../../arm-none-eabi/lib/thumb/v7e-m/fpv4-sp/hard/libc_nano.a(lib_a-reent.o)
                0x0000000020000c64                errno
                0x0000000020000c68                . = ALIGN (0x4)
                0x0000000020000c68                _ebss = .
                0x0000000020000c68                __bss_end__ = _ebss

._user_heap_stack
                0x0000000020000c68      0x600 load address 0x00000000080090b4
                0x0000000020000c68                . = ALIGN (0x8)
                [!provide]                        PROVIDE (end = .)
                0x0000000020000c68                PROVIDE (_end = .)
                0x0000000020000e68                . = (. + _Min_Heap_Size)
 *fill*         0x0000000020000c68      0x200 
                0x0000000020001268                . = (. + _Min_Stack_Size)
 *fill*         0x0000000020000e68      0x400 
                0x0000000020001268                . = ALIGN (0x8)

/DISCARD/
 libc.a(*)
 libm.a(*)
 libgcc.a(*)

.ARM.attributes
                0x0000000000000000       0x30
 *(.ARM.attributes)
 .ARM.attributes
                0x0000000000000000       0x22 /opt/st/stm32cubeide_1.5.1/plugins/com.st.stm32cube.ide.mcu.externaltools.gnu-tools-for-stm32.7-2018-q2-update.linux64_1.5.0.202011040924/tools/bin/../lib/gcc/arm-none-eabi/7.3.1/thumb/v7e-m/fpv4-sp/hard/crti.o
 .ARM.attributes
                0x0000000000000022       0x34 /opt/st/stm32cubeide_1.5.1/plugins/com.st.stm32cube.ide.mcu.externaltools.gnu-tools-for-stm32.7-2018-q2-update.linux64_1.5.0.202011040924/tools/bin/../lib/gcc/arm-none-eabi/7.3.1/thumb/v7e-m/fpv4-sp/hard/crtbegin.o
 .ARM.attributes
                0x0000000000000056       0x39 Core/Src/LiquidCrystal.o
 .ARM.attributes
                0x000000000000008f       0x39 Core/Src/main.o
 .ARM.attributes
                0x00000000000000c8       0x39 Core/Src/stm32f3xx_hal_msp.o
 .ARM.attributes
                0x0000000000000101       0x39 Core/Src/stm32f3xx_it.o
 .ARM.attributes
                0x000000000000013a       0x39 Core/Src/sysmem.o
 .ARM.attributes
                0x0000000000000173       0x39 Core/Src/system_stm32f3xx.o
 .ARM.attributes
                0x00000000000001ac       0x21 Core/Startup/startup_stm32f303vctx.o
 .ARM.attributes
                0x00000000000001cd       0x39 Drivers/STM32F3xx_HAL_Driver/Src/stm32f3xx_hal.o
 .ARM.attributes
                0x0000000000000206       0x39 Drivers/STM32F3xx_HAL_Driver/Src/stm32f3xx_hal_adc.o
 .ARM.attributes
                0x000000000000023f       0x39 Drivers/STM32F3xx_HAL_Driver/Src/stm32f3xx_hal_adc_ex.o
 .ARM.attributes
                0x0000000000000278       0x39 Drivers/STM32F3xx_HAL_Driver/Src/stm32f3xx_hal_cortex.o
 .ARM.attributes
                0x00000000000002b1       0x39 Drivers/STM32F3xx_HAL_Driver/Src/stm32f3xx_hal_dma.o
 .ARM.attributes
                0x00000000000002ea       0x39 Drivers/STM32F3xx_HAL_Driver/Src/stm32f3xx_hal_gpio.o
 .ARM.attributes
                0x0000000000000323       0x39 Drivers/STM32F3xx_HAL_Driver/Src/stm32f3xx_hal_i2c.o
 .ARM.attributes
                0x000000000000035c       0x39 Drivers/STM32F3xx_HAL_Driver/Src/stm32f3xx_hal_i2c_ex.o
 .ARM.attributes
                0x0000000000000395       0x39 Drivers/STM32F3xx_HAL_Driver/Src/stm32f3xx_hal_pcd.o
 .ARM.attributes
                0x00000000000003ce       0x39 Drivers/STM32F3xx_HAL_Driver/Src/stm32f3xx_hal_rcc.o
 .ARM.attributes
                0x0000000000000407       0x39 Drivers/STM32F3xx_HAL_Driver/Src/stm32f3xx_hal_rcc_ex.o
 .ARM.attributes
                0x0000000000000440       0x39 Drivers/STM32F3xx_HAL_Driver/Src/stm32f3xx_hal_spi.o
 .ARM.attributes
                0x0000000000000479       0x39 Drivers/STM32F3xx_HAL_Driver/Src/stm32f3xx_hal_tim.o
 .ARM.attributes
                0x00000000000004b2       0x39 Drivers/STM32F3xx_HAL_Driver/Src/stm32f3xx_hal_tim_ex.o
 .ARM.attributes
                0x00000000000004eb       0x39 Drivers/STM32F3xx_HAL_Driver/Src/stm32f3xx_hal_uart.o
 .ARM.attributes
                0x0000000000000524       0x39 Drivers/STM32F3xx_HAL_Driver/Src/stm32f3xx_hal_uart_ex.o
 .ARM.attributes
                0x000000000000055d       0x39 Drivers/STM32F3xx_HAL_Driver/Src/stm32f3xx_ll_usb.o
 .ARM.attributes
                0x0000000000000596       0x34 /opt/st/stm32cubeide_1.5.1/plugins/com.st.stm32cube.ide.mcu.externaltools.gnu-tools-for-stm32.7-2018-q2-update.linux64_1.5.0.202011040924/tools/bin/../lib/gcc/arm-none-eabi/7.3.1/../../../../arm-none-eabi/lib/thumb/v7e-m/fpv4-sp/hard/libc_nano.a(lib_a-errno.o)
 .ARM.attributes
                0x00000000000005ca       0x34 /opt/st/stm32cubeide_1.5.1/plugins/com.st.stm32cube.ide.mcu.externaltools.gnu-tools-for-stm32.7-2018-q2-update.linux64_1.5.0.202011040924/tools/bin/../lib/gcc/arm-none-eabi/7.3.1/../../../../arm-none-eabi/lib/thumb/v7e-m/fpv4-sp/hard/libc_nano.a(lib_a-impure.o)
 .ARM.attributes
                0x00000000000005fe       0x34 /opt/st/stm32cubeide_1.5.1/plugins/com.st.stm32cube.ide.mcu.externaltools.gnu-tools-for-stm32.7-2018-q2-update.linux64_1.5.0.202011040924/tools/bin/../lib/gcc/arm-none-eabi/7.3.1/../../../../arm-none-eabi/lib/thumb/v7e-m/fpv4-sp/hard/libc_nano.a(lib_a-init.o)
 .ARM.attributes
                0x0000000000000632       0x34 /opt/st/stm32cubeide_1.5.1/plugins/com.st.stm32cube.ide.mcu.externaltools.gnu-tools-for-stm32.7-2018-q2-update.linux64_1.5.0.202011040924/tools/bin/../lib/gcc/arm-none-eabi/7.3.1/../../../../arm-none-eabi/lib/thumb/v7e-m/fpv4-sp/hard/libc_nano.a(lib_a-memset.o)
 .ARM.attributes
                0x0000000000000666       0x34 /opt/st/stm32cubeide_1.5.1/plugins/com.st.stm32cube.ide.mcu.externaltools.gnu-tools-for-stm32.7-2018-q2-update.linux64_1.5.0.202011040924/tools/bin/../lib/gcc/arm-none-eabi/7.3.1/../../../../arm-none-eabi/lib/thumb/v7e-m/fpv4-sp/hard/libc_nano.a(lib_a-rand.o)
 .ARM.attributes
                0x000000000000069a       0x34 /opt/st/stm32cubeide_1.5.1/plugins/com.st.stm32cube.ide.mcu.externaltools.gnu-tools-for-stm32.7-2018-q2-update.linux64_1.5.0.202011040924/tools/bin/../lib/gcc/arm-none-eabi/7.3.1/../../../../arm-none-eabi/lib/thumb/v7e-m/fpv4-sp/hard/libc_nano.a(lib_a-sprintf.o)
 .ARM.attributes
                0x00000000000006ce       0x1b /opt/st/stm32cubeide_1.5.1/plugins/com.st.stm32cube.ide.mcu.externaltools.gnu-tools-for-stm32.7-2018-q2-update.linux64_1.5.0.202011040924/tools/bin/../lib/gcc/arm-none-eabi/7.3.1/../../../../arm-none-eabi/lib/thumb/v7e-m/fpv4-sp/hard/libc_nano.a(lib_a-strlen.o)
 .ARM.attributes
                0x00000000000006e9       0x34 /opt/st/stm32cubeide_1.5.1/plugins/com.st.stm32cube.ide.mcu.externaltools.gnu-tools-for-stm32.7-2018-q2-update.linux64_1.5.0.202011040924/tools/bin/../lib/gcc/arm-none-eabi/7.3.1/../../../../arm-none-eabi/lib/thumb/v7e-m/fpv4-sp/hard/libc_nano.a(lib_a-time.o)
 .ARM.attributes
                0x000000000000071d       0x34 /opt/st/stm32cubeide_1.5.1/plugins/com.st.stm32cube.ide.mcu.externaltools.gnu-tools-for-stm32.7-2018-q2-update.linux64_1.5.0.202011040924/tools/bin/../lib/gcc/arm-none-eabi/7.3.1/../../../../arm-none-eabi/lib/thumb/v7e-m/fpv4-sp/hard/libc_nano.a(lib_a-gettimeofdayr.o)
 .ARM.attributes
                0x0000000000000751       0x34 /opt/st/stm32cubeide_1.5.1/plugins/com.st.stm32cube.ide.mcu.externaltools.gnu-tools-for-stm32.7-2018-q2-update.linux64_1.5.0.202011040924/tools/bin/../lib/gcc/arm-none-eabi/7.3.1/../../../../arm-none-eabi/lib/thumb/v7e-m/fpv4-sp/hard/libc_nano.a(lib_a-malloc.o)
 .ARM.attributes
                0x0000000000000785       0x34 /opt/st/stm32cubeide_1.5.1/plugins/com.st.stm32cube.ide.mcu.externaltools.gnu-tools-for-stm32.7-2018-q2-update.linux64_1.5.0.202011040924/tools/bin/../lib/gcc/arm-none-eabi/7.3.1/../../../../arm-none-eabi/lib/thumb/v7e-m/fpv4-sp/hard/libc_nano.a(lib_a-nano-freer.o)
 .ARM.attributes
                0x00000000000007b9       0x34 /opt/st/stm32cubeide_1.5.1/plugins/com.st.stm32cube.ide.mcu.externaltools.gnu-tools-for-stm32.7-2018-q2-update.linux64_1.5.0.202011040924/tools/bin/../lib/gcc/arm-none-eabi/7.3.1/../../../../arm-none-eabi/lib/thumb/v7e-m/fpv4-sp/hard/libc_nano.a(lib_a-nano-mallocr.o)
 .ARM.attributes
                0x00000000000007ed       0x34 /opt/st/stm32cubeide_1.5.1/plugins/com.st.stm32cube.ide.mcu.externaltools.gnu-tools-for-stm32.7-2018-q2-update.linux64_1.5.0.202011040924/tools/bin/../lib/gcc/arm-none-eabi/7.3.1/../../../../arm-none-eabi/lib/thumb/v7e-m/fpv4-sp/hard/libc_nano.a(lib_a-nano-svfprintf.o)
 .ARM.attributes
                0x0000000000000821       0x34 /opt/st/stm32cubeide_1.5.1/plugins/com.st.stm32cube.ide.mcu.externaltools.gnu-tools-for-stm32.7-2018-q2-update.linux64_1.5.0.202011040924/tools/bin/../lib/gcc/arm-none-eabi/7.3.1/../../../../arm-none-eabi/lib/thumb/v7e-m/fpv4-sp/hard/libc_nano.a(lib_a-nano-vfprintf_i.o)
 .ARM.attributes
                0x0000000000000855       0x34 /opt/st/stm32cubeide_1.5.1/plugins/com.st.stm32cube.ide.mcu.externaltools.gnu-tools-for-stm32.7-2018-q2-update.linux64_1.5.0.202011040924/tools/bin/../lib/gcc/arm-none-eabi/7.3.1/../../../../arm-none-eabi/lib/thumb/v7e-m/fpv4-sp/hard/libc_nano.a(lib_a-reent.o)
 .ARM.attributes
                0x0000000000000889       0x34 /opt/st/stm32cubeide_1.5.1/plugins/com.st.stm32cube.ide.mcu.externaltools.gnu-tools-for-stm32.7-2018-q2-update.linux64_1.5.0.202011040924/tools/bin/../lib/gcc/arm-none-eabi/7.3.1/../../../../arm-none-eabi/lib/thumb/v7e-m/fpv4-sp/hard/libc_nano.a(lib_a-sbrkr.o)
 .ARM.attributes
                0x00000000000008bd       0x20 /opt/st/stm32cubeide_1.5.1/plugins/com.st.stm32cube.ide.mcu.externaltools.gnu-tools-for-stm32.7-2018-q2-update.linux64_1.5.0.202011040924/tools/bin/../lib/gcc/arm-none-eabi/7.3.1/../../../../arm-none-eabi/lib/thumb/v7e-m/fpv4-sp/hard/libc_nano.a(lib_a-memchr.o)
 .ARM.attributes
                0x00000000000008dd       0x34 /opt/st/stm32cubeide_1.5.1/plugins/com.st.stm32cube.ide.mcu.externaltools.gnu-tools-for-stm32.7-2018-q2-update.linux64_1.5.0.202011040924/tools/bin/../lib/gcc/arm-none-eabi/7.3.1/../../../../arm-none-eabi/lib/thumb/v7e-m/fpv4-sp/hard/libc_nano.a(lib_a-memcpy-stub.o)
 .ARM.attributes
                0x0000000000000911       0x34 /opt/st/stm32cubeide_1.5.1/plugins/com.st.stm32cube.ide.mcu.externaltools.gnu-tools-for-stm32.7-2018-q2-update.linux64_1.5.0.202011040924/tools/bin/../lib/gcc/arm-none-eabi/7.3.1/../../../../arm-none-eabi/lib/thumb/v7e-m/fpv4-sp/hard/libc_nano.a(lib_a-memmove.o)
 .ARM.attributes
                0x0000000000000945       0x34 /opt/st/stm32cubeide_1.5.1/plugins/com.st.stm32cube.ide.mcu.externaltools.gnu-tools-for-stm32.7-2018-q2-update.linux64_1.5.0.202011040924/tools/bin/../lib/gcc/arm-none-eabi/7.3.1/../../../../arm-none-eabi/lib/thumb/v7e-m/fpv4-sp/hard/libc_nano.a(lib_a-mlock.o)
 .ARM.attributes
                0x0000000000000979       0x34 /opt/st/stm32cubeide_1.5.1/plugins/com.st.stm32cube.ide.mcu.externaltools.gnu-tools-for-stm32.7-2018-q2-update.linux64_1.5.0.202011040924/tools/bin/../lib/gcc/arm-none-eabi/7.3.1/../../../../arm-none-eabi/lib/thumb/v7e-m/fpv4-sp/hard/libc_nano.a(lib_a-nano-reallocr.o)
 .ARM.attributes
                0x00000000000009ad       0x34 /opt/st/stm32cubeide_1.5.1/plugins/com.st.stm32cube.ide.mcu.externaltools.gnu-tools-for-stm32.7-2018-q2-update.linux64_1.5.0.202011040924/tools/bin/../lib/gcc/arm-none-eabi/7.3.1/../../../../arm-none-eabi/lib/thumb/v7e-m/fpv4-sp/hard/libc_nano.a(lib_a-nano-msizer.o)
 .ARM.attributes
                0x00000000000009e1       0x22 /opt/st/stm32cubeide_1.5.1/plugins/com.st.stm32cube.ide.mcu.externaltools.gnu-tools-for-stm32.7-2018-q2-update.linux64_1.5.0.202011040924/tools/bin/../lib/gcc/arm-none-eabi/7.3.1/thumb/v7e-m/fpv4-sp/hard/libgcc.a(_arm_addsubdf3.o)
 .ARM.attributes
                0x0000000000000a03       0x22 /opt/st/stm32cubeide_1.5.1/plugins/com.st.stm32cube.ide.mcu.externaltools.gnu-tools-for-stm32.7-2018-q2-update.linux64_1.5.0.202011040924/tools/bin/../lib/gcc/arm-none-eabi/7.3.1/thumb/v7e-m/fpv4-sp/hard/libgcc.a(_arm_muldivdf3.o)
 .ARM.attributes
                0x0000000000000a25       0x22 /opt/st/stm32cubeide_1.5.1/plugins/com.st.stm32cube.ide.mcu.externaltools.gnu-tools-for-stm32.7-2018-q2-update.linux64_1.5.0.202011040924/tools/bin/../lib/gcc/arm-none-eabi/7.3.1/thumb/v7e-m/fpv4-sp/hard/libgcc.a(_arm_truncdfsf2.o)
 .ARM.attributes
                0x0000000000000a47       0x34 /opt/st/stm32cubeide_1.5.1/plugins/com.st.stm32cube.ide.mcu.externaltools.gnu-tools-for-stm32.7-2018-q2-update.linux64_1.5.0.202011040924/tools/bin/../lib/gcc/arm-none-eabi/7.3.1/../../../../arm-none-eabi/lib/thumb/v7e-m/fpv4-sp/hard/libnosys.a(gettod.o)
 .ARM.attributes
                0x0000000000000a7b       0x22 /opt/st/stm32cubeide_1.5.1/plugins/com.st.stm32cube.ide.mcu.externaltools.gnu-tools-for-stm32.7-2018-q2-update.linux64_1.5.0.202011040924/tools/bin/../lib/gcc/arm-none-eabi/7.3.1/thumb/v7e-m/fpv4-sp/hard/crtn.o
OUTPUT(super_mario.elf elf32-littlearm)

.debug_info     0x0000000000000000    0x1aba7
 .debug_info    0x0000000000000000     0x1221 Core/Src/LiquidCrystal.o
 .debug_info    0x0000000000001221     0x20f4 Core/Src/main.o
 .debug_info    0x0000000000003315     0x1e0b Core/Src/stm32f3xx_hal_msp.o
 .debug_info    0x0000000000005120     0x228d Core/Src/stm32f3xx_it.o
 .debug_info    0x00000000000073ad      0x985 Core/Src/sysmem.o
 .debug_info    0x0000000000007d32      0x45c Core/Src/system_stm32f3xx.o
 .debug_info    0x000000000000818e       0x22 Core/Startup/startup_stm32f303vctx.o
 .debug_info    0x00000000000081b0      0x7e2 Drivers/STM32F3xx_HAL_Driver/Src/stm32f3xx_hal.o
 .debug_info    0x0000000000008992      0xbce Drivers/STM32F3xx_HAL_Driver/Src/stm32f3xx_hal_adc.o
 .debug_info    0x0000000000009560     0x1571 Drivers/STM32F3xx_HAL_Driver/Src/stm32f3xx_hal_adc_ex.o
 .debug_info    0x000000000000aad1      0xd99 Drivers/STM32F3xx_HAL_Driver/Src/stm32f3xx_hal_cortex.o
 .debug_info    0x000000000000b86a      0x7cb Drivers/STM32F3xx_HAL_Driver/Src/stm32f3xx_hal_dma.o
 .debug_info    0x000000000000c035      0x70b Drivers/STM32F3xx_HAL_Driver/Src/stm32f3xx_hal_gpio.o
 .debug_info    0x000000000000c740     0x1fe5 Drivers/STM32F3xx_HAL_Driver/Src/stm32f3xx_hal_i2c.o
 .debug_info    0x000000000000e725      0x8de Drivers/STM32F3xx_HAL_Driver/Src/stm32f3xx_hal_i2c_ex.o
 .debug_info    0x000000000000f003     0x124b Drivers/STM32F3xx_HAL_Driver/Src/stm32f3xx_hal_pcd.o
 .debug_info    0x000000000001024e     0x180f Drivers/STM32F3xx_HAL_Driver/Src/stm32f3xx_hal_rcc.o
 .debug_info    0x0000000000011a5d      0x6ad Drivers/STM32F3xx_HAL_Driver/Src/stm32f3xx_hal_rcc_ex.o
 .debug_info    0x000000000001210a     0x167f Drivers/STM32F3xx_HAL_Driver/Src/stm32f3xx_hal_spi.o
 .debug_info    0x0000000000013789     0x2901 Drivers/STM32F3xx_HAL_Driver/Src/stm32f3xx_hal_tim.o
 .debug_info    0x000000000001608a     0x144c Drivers/STM32F3xx_HAL_Driver/Src/stm32f3xx_hal_tim_ex.o
 .debug_info    0x00000000000174d6     0x16a2 Drivers/STM32F3xx_HAL_Driver/Src/stm32f3xx_hal_uart.o
 .debug_info    0x0000000000018b78      0xa11 Drivers/STM32F3xx_HAL_Driver/Src/stm32f3xx_hal_uart_ex.o
 .debug_info    0x0000000000019589     0x161e Drivers/STM32F3xx_HAL_Driver/Src/stm32f3xx_ll_usb.o

.debug_abbrev   0x0000000000000000     0x3145
 .debug_abbrev  0x0000000000000000      0x2ca Core/Src/LiquidCrystal.o
 .debug_abbrev  0x00000000000002ca      0x260 Core/Src/main.o
 .debug_abbrev  0x000000000000052a      0x205 Core/Src/stm32f3xx_hal_msp.o
 .debug_abbrev  0x000000000000072f      0x35a Core/Src/stm32f3xx_it.o
 .debug_abbrev  0x0000000000000a89      0x19b Core/Src/sysmem.o
 .debug_abbrev  0x0000000000000c24      0x12b Core/Src/system_stm32f3xx.o
 .debug_abbrev  0x0000000000000d4f       0x12 Core/Startup/startup_stm32f303vctx.o
 .debug_abbrev  0x0000000000000d61      0x1c7 Drivers/STM32F3xx_HAL_Driver/Src/stm32f3xx_hal.o
 .debug_abbrev  0x0000000000000f28      0x187 Drivers/STM32F3xx_HAL_Driver/Src/stm32f3xx_hal_adc.o
 .debug_abbrev  0x00000000000010af      0x225 Drivers/STM32F3xx_HAL_Driver/Src/stm32f3xx_hal_adc_ex.o
 .debug_abbrev  0x00000000000012d4      0x2fa Drivers/STM32F3xx_HAL_Driver/Src/stm32f3xx_hal_cortex.o
 .debug_abbrev  0x00000000000015ce      0x1fe Drivers/STM32F3xx_HAL_Driver/Src/stm32f3xx_hal_dma.o
 .debug_abbrev  0x00000000000017cc      0x1c0 Drivers/STM32F3xx_HAL_Driver/Src/stm32f3xx_hal_gpio.o
 .debug_abbrev  0x000000000000198c      0x22a Drivers/STM32F3xx_HAL_Driver/Src/stm32f3xx_hal_i2c.o
 .debug_abbrev  0x0000000000001bb6      0x1b9 Drivers/STM32F3xx_HAL_Driver/Src/stm32f3xx_hal_i2c_ex.o
 .debug_abbrev  0x0000000000001d6f      0x282 Drivers/STM32F3xx_HAL_Driver/Src/stm32f3xx_hal_pcd.o
 .debug_abbrev  0x0000000000001ff1      0x28c Drivers/STM32F3xx_HAL_Driver/Src/stm32f3xx_hal_rcc.o
 .debug_abbrev  0x000000000000227d      0x219 Drivers/STM32F3xx_HAL_Driver/Src/stm32f3xx_hal_rcc_ex.o
 .debug_abbrev  0x0000000000002496      0x228 Drivers/STM32F3xx_HAL_Driver/Src/stm32f3xx_hal_spi.o
 .debug_abbrev  0x00000000000026be      0x230 Drivers/STM32F3xx_HAL_Driver/Src/stm32f3xx_hal_tim.o
 .debug_abbrev  0x00000000000028ee      0x236 Drivers/STM32F3xx_HAL_Driver/Src/stm32f3xx_hal_tim_ex.o
 .debug_abbrev  0x0000000000002b24      0x215 Drivers/STM32F3xx_HAL_Driver/Src/stm32f3xx_hal_uart.o
 .debug_abbrev  0x0000000000002d39      0x1e2 Drivers/STM32F3xx_HAL_Driver/Src/stm32f3xx_hal_uart_ex.o
 .debug_abbrev  0x0000000000002f1b      0x22a Drivers/STM32F3xx_HAL_Driver/Src/stm32f3xx_ll_usb.o

.debug_aranges  0x0000000000000000     0x17a0
 .debug_aranges
                0x0000000000000000       0xf8 Core/Src/LiquidCrystal.o
 .debug_aranges
                0x00000000000000f8       0x70 Core/Src/main.o
 .debug_aranges
                0x0000000000000168       0x80 Core/Src/stm32f3xx_hal_msp.o
 .debug_aranges
                0x00000000000001e8      0x100 Core/Src/stm32f3xx_it.o
 .debug_aranges
                0x00000000000002e8       0x20 Core/Src/sysmem.o
 .debug_aranges
                0x0000000000000308       0x28 Core/Src/system_stm32f3xx.o
 .debug_aranges
                0x0000000000000330       0x28 Core/Startup/startup_stm32f303vctx.o
 .debug_aranges
                0x0000000000000358       0xe0 Drivers/STM32F3xx_HAL_Driver/Src/stm32f3xx_hal.o
 .debug_aranges
                0x0000000000000438       0xc8 Drivers/STM32F3xx_HAL_Driver/Src/stm32f3xx_hal_adc.o
 .debug_aranges
                0x0000000000000500      0x168 Drivers/STM32F3xx_HAL_Driver/Src/stm32f3xx_hal_adc_ex.o
 .debug_aranges
                0x0000000000000668      0x118 Drivers/STM32F3xx_HAL_Driver/Src/stm32f3xx_hal_cortex.o
 .debug_aranges
                0x0000000000000780       0x88 Drivers/STM32F3xx_HAL_Driver/Src/stm32f3xx_hal_dma.o
 .debug_aranges
                0x0000000000000808       0x58 Drivers/STM32F3xx_HAL_Driver/Src/stm32f3xx_hal_gpio.o
 .debug_aranges
                0x0000000000000860      0x290 Drivers/STM32F3xx_HAL_Driver/Src/stm32f3xx_hal_i2c.o
 .debug_aranges
                0x0000000000000af0       0x48 Drivers/STM32F3xx_HAL_Driver/Src/stm32f3xx_hal_i2c_ex.o
 .debug_aranges
                0x0000000000000b38      0x138 Drivers/STM32F3xx_HAL_Driver/Src/stm32f3xx_hal_pcd.o
 .debug_aranges
                0x0000000000000c70       0x88 Drivers/STM32F3xx_HAL_Driver/Src/stm32f3xx_hal_rcc.o
 .debug_aranges
                0x0000000000000cf8       0x38 Drivers/STM32F3xx_HAL_Driver/Src/stm32f3xx_hal_rcc_ex.o
 .debug_aranges
                0x0000000000000d30      0x1d8 Drivers/STM32F3xx_HAL_Driver/Src/stm32f3xx_hal_spi.o
 .debug_aranges
                0x0000000000000f08      0x3e0 Drivers/STM32F3xx_HAL_Driver/Src/stm32f3xx_hal_tim.o
 .debug_aranges
                0x00000000000012e8      0x178 Drivers/STM32F3xx_HAL_Driver/Src/stm32f3xx_hal_tim_ex.o
 .debug_aranges
                0x0000000000001460      0x228 Drivers/STM32F3xx_HAL_Driver/Src/stm32f3xx_hal_uart.o
 .debug_aranges
                0x0000000000001688       0x68 Drivers/STM32F3xx_HAL_Driver/Src/stm32f3xx_hal_uart_ex.o
 .debug_aranges
                0x00000000000016f0       0xb0 Drivers/STM32F3xx_HAL_Driver/Src/stm32f3xx_ll_usb.o

.debug_ranges   0x0000000000000000     0x1658
 .debug_ranges  0x0000000000000000       0xe8 Core/Src/LiquidCrystal.o
 .debug_ranges  0x00000000000000e8       0x60 Core/Src/main.o
 .debug_ranges  0x0000000000000148       0x70 Core/Src/stm32f3xx_hal_msp.o
 .debug_ranges  0x00000000000001b8       0xf0 Core/Src/stm32f3xx_it.o
 .debug_ranges  0x00000000000002a8       0x10 Core/Src/sysmem.o
 .debug_ranges  0x00000000000002b8       0x18 Core/Src/system_stm32f3xx.o
 .debug_ranges  0x00000000000002d0       0x20 Core/Startup/startup_stm32f303vctx.o
 .debug_ranges  0x00000000000002f0       0xd0 Drivers/STM32F3xx_HAL_Driver/Src/stm32f3xx_hal.o
 .debug_ranges  0x00000000000003c0       0xb8 Drivers/STM32F3xx_HAL_Driver/Src/stm32f3xx_hal_adc.o
 .debug_ranges  0x0000000000000478      0x158 Drivers/STM32F3xx_HAL_Driver/Src/stm32f3xx_hal_adc_ex.o
 .debug_ranges  0x00000000000005d0      0x108 Drivers/STM32F3xx_HAL_Driver/Src/stm32f3xx_hal_cortex.o
 .debug_ranges  0x00000000000006d8       0x78 Drivers/STM32F3xx_HAL_Driver/Src/stm32f3xx_hal_dma.o
 .debug_ranges  0x0000000000000750       0x48 Drivers/STM32F3xx_HAL_Driver/Src/stm32f3xx_hal_gpio.o
 .debug_ranges  0x0000000000000798      0x280 Drivers/STM32F3xx_HAL_Driver/Src/stm32f3xx_hal_i2c.o
 .debug_ranges  0x0000000000000a18       0x38 Drivers/STM32F3xx_HAL_Driver/Src/stm32f3xx_hal_i2c_ex.o
 .debug_ranges  0x0000000000000a50      0x128 Drivers/STM32F3xx_HAL_Driver/Src/stm32f3xx_hal_pcd.o
 .debug_ranges  0x0000000000000b78       0x78 Drivers/STM32F3xx_HAL_Driver/Src/stm32f3xx_hal_rcc.o
 .debug_ranges  0x0000000000000bf0       0x28 Drivers/STM32F3xx_HAL_Driver/Src/stm32f3xx_hal_rcc_ex.o
 .debug_ranges  0x0000000000000c18      0x1c8 Drivers/STM32F3xx_HAL_Driver/Src/stm32f3xx_hal_spi.o
 .debug_ranges  0x0000000000000de0      0x3d0 Drivers/STM32F3xx_HAL_Driver/Src/stm32f3xx_hal_tim.o
 .debug_ranges  0x00000000000011b0      0x168 Drivers/STM32F3xx_HAL_Driver/Src/stm32f3xx_hal_tim_ex.o
 .debug_ranges  0x0000000000001318      0x248 Drivers/STM32F3xx_HAL_Driver/Src/stm32f3xx_hal_uart.o
 .debug_ranges  0x0000000000001560       0x58 Drivers/STM32F3xx_HAL_Driver/Src/stm32f3xx_hal_uart_ex.o
 .debug_ranges  0x00000000000015b8       0xa0 Drivers/STM32F3xx_HAL_Driver/Src/stm32f3xx_ll_usb.o

.debug_macro    0x0000000000000000    0x20cda
 .debug_macro   0x0000000000000000      0x3b8 Core/Src/LiquidCrystal.o
 .debug_macro   0x00000000000003b8      0xa5a Core/Src/LiquidCrystal.o
 .debug_macro   0x0000000000000e12      0x169 Core/Src/LiquidCrystal.o
 .debug_macro   0x0000000000000f7b       0x2e Core/Src/LiquidCrystal.o
 .debug_macro   0x0000000000000fa9       0x28 Core/Src/LiquidCrystal.o
 .debug_macro   0x0000000000000fd1       0x22 Core/Src/LiquidCrystal.o
 .debug_macro   0x0000000000000ff3       0x8e Core/Src/LiquidCrystal.o
 .debug_macro   0x0000000000001081       0x51 Core/Src/LiquidCrystal.o
 .debug_macro   0x00000000000010d2       0xef Core/Src/LiquidCrystal.o
 .debug_macro   0x00000000000011c1       0x6a Core/Src/LiquidCrystal.o
 .debug_macro   0x000000000000122b      0x1df Core/Src/LiquidCrystal.o
 .debug_macro   0x000000000000140a       0x1c Core/Src/LiquidCrystal.o
 .debug_macro   0x0000000000001426       0x22 Core/Src/LiquidCrystal.o
 .debug_macro   0x0000000000001448       0xdf Core/Src/LiquidCrystal.o
 .debug_macro   0x0000000000001527     0x102d Core/Src/LiquidCrystal.o
 .debug_macro   0x0000000000002554      0x11f Core/Src/LiquidCrystal.o
 .debug_macro   0x0000000000002673    0x12a33 Core/Src/LiquidCrystal.o
 .debug_macro   0x00000000000150a6       0x43 Core/Src/LiquidCrystal.o
 .debug_macro   0x00000000000150e9     0x35e9 Core/Src/LiquidCrystal.o
 .debug_macro   0x00000000000186d2      0x174 Core/Src/LiquidCrystal.o
 .debug_macro   0x0000000000018846       0x55 Core/Src/LiquidCrystal.o
 .debug_macro   0x000000000001889b      0x962 Core/Src/LiquidCrystal.o
 .debug_macro   0x00000000000191fd      0x5fe Core/Src/LiquidCrystal.o
 .debug_macro   0x00000000000197fb      0x12f Core/Src/LiquidCrystal.o
 .debug_macro   0x000000000001992a      0x1fb Core/Src/LiquidCrystal.o
 .debug_macro   0x0000000000019b25      0x1dc Core/Src/LiquidCrystal.o
 .debug_macro   0x0000000000019d01      0x1bc Core/Src/LiquidCrystal.o
 .debug_macro   0x0000000000019ebd       0x30 Core/Src/LiquidCrystal.o
 .debug_macro   0x0000000000019eed       0x3c Core/Src/LiquidCrystal.o
 .debug_macro   0x0000000000019f29      0x236 Core/Src/LiquidCrystal.o
 .debug_macro   0x000000000001a15f      0x9b1 Core/Src/LiquidCrystal.o
 .debug_macro   0x000000000001ab10       0x77 Core/Src/LiquidCrystal.o
 .debug_macro   0x000000000001ab87       0xc5 Core/Src/LiquidCrystal.o
 .debug_macro   0x000000000001ac4c      0x21d Core/Src/LiquidCrystal.o
 .debug_macro   0x000000000001ae69      0x22c Core/Src/LiquidCrystal.o
 .debug_macro   0x000000000001b095       0x5b Core/Src/LiquidCrystal.o
 .debug_macro   0x000000000001b0f0       0xa5 Core/Src/LiquidCrystal.o
 .debug_macro   0x000000000001b195       0x65 Core/Src/LiquidCrystal.o
 .debug_macro   0x000000000001b1fa      0x249 Core/Src/LiquidCrystal.o
 .debug_macro   0x000000000001b443       0x81 Core/Src/LiquidCrystal.o
 .debug_macro   0x000000000001b4c4       0xd3 Core/Src/LiquidCrystal.o
 .debug_macro   0x000000000001b597      0x2fe Core/Src/LiquidCrystal.o
 .debug_macro   0x000000000001b895      0xa3d Core/Src/LiquidCrystal.o
 .debug_macro   0x000000000001c2d2       0x89 Core/Src/LiquidCrystal.o
 .debug_macro   0x000000000001c35b      0x5a5 Core/Src/LiquidCrystal.o
 .debug_macro   0x000000000001c900       0x3e Core/Src/LiquidCrystal.o
 .debug_macro   0x000000000001c93e      0x275 Core/Src/LiquidCrystal.o
 .debug_macro   0x000000000001cbb3       0xb2 Core/Src/LiquidCrystal.o
 .debug_macro   0x000000000001cc65       0x46 Core/Src/LiquidCrystal.o
 .debug_macro   0x000000000001ccab       0x18 Core/Src/LiquidCrystal.o
 .debug_macro   0x000000000001ccc3       0x3c Core/Src/LiquidCrystal.o
 .debug_macro   0x000000000001ccff       0x34 Core/Src/LiquidCrystal.o
 .debug_macro   0x000000000001cd33       0x16 Core/Src/LiquidCrystal.o
 .debug_macro   0x000000000001cd49       0x35 Core/Src/LiquidCrystal.o
 .debug_macro   0x000000000001cd7e      0x32a Core/Src/LiquidCrystal.o
 .debug_macro   0x000000000001d0a8       0x10 Core/Src/LiquidCrystal.o
 .debug_macro   0x000000000001d0b8       0x52 Core/Src/LiquidCrystal.o
 .debug_macro   0x000000000001d10a       0x1f Core/Src/LiquidCrystal.o
 .debug_macro   0x000000000001d129       0x43 Core/Src/LiquidCrystal.o
 .debug_macro   0x000000000001d16c       0x20 Core/Src/LiquidCrystal.o
 .debug_macro   0x000000000001d18c      0x1a3 Core/Src/LiquidCrystal.o
 .debug_macro   0x000000000001d32f       0x10 Core/Src/LiquidCrystal.o
 .debug_macro   0x000000000001d33f       0x1c Core/Src/LiquidCrystal.o
 .debug_macro   0x000000000001d35b       0x52 Core/Src/LiquidCrystal.o
 .debug_macro   0x000000000001d3ad       0x40 Core/Src/LiquidCrystal.o
 .debug_macro   0x000000000001d3ed       0x10 Core/Src/LiquidCrystal.o
 .debug_macro   0x000000000001d3fd       0x40 Core/Src/LiquidCrystal.o
 .debug_macro   0x000000000001d43d       0xd7 Core/Src/LiquidCrystal.o
 .debug_macro   0x000000000001d514       0x1c Core/Src/LiquidCrystal.o
 .debug_macro   0x000000000001d530       0x3d Core/Src/LiquidCrystal.o
 .debug_macro   0x000000000001d56d       0x16 Core/Src/LiquidCrystal.o
 .debug_macro   0x000000000001d583      0x145 Core/Src/LiquidCrystal.o
 .debug_macro   0x000000000001d6c8       0x16 Core/Src/LiquidCrystal.o
 .debug_macro   0x000000000001d6de       0x20 Core/Src/LiquidCrystal.o
 .debug_macro   0x000000000001d6fe      0x241 Core/Src/main.o
 .debug_macro   0x000000000001d93f      0x13c Core/Src/main.o
 .debug_macro   0x000000000001da7b      0x238 Core/Src/stm32f3xx_hal_msp.o
 .debug_macro   0x000000000001dcb3      0x3c0 Core/Src/stm32f3xx_it.o
 .debug_macro   0x000000000001e073       0x10 Core/Src/stm32f3xx_it.o
 .debug_macro   0x000000000001e083       0x10 Core/Src/stm32f3xx_it.o
 .debug_macro   0x000000000001e093       0x10 Core/Src/stm32f3xx_it.o
 .debug_macro   0x000000000001e0a3       0x35 Core/Src/stm32f3xx_it.o
 .debug_macro   0x000000000001e0d8       0x16 Core/Src/stm32f3xx_it.o
 .debug_macro   0x000000000001e0ee       0x16 Core/Src/stm32f3xx_it.o
 .debug_macro   0x000000000001e104       0x29 Core/Src/stm32f3xx_it.o
 .debug_macro   0x000000000001e12d       0xee Core/Src/sysmem.o
 .debug_macro   0x000000000001e21b      0x23b Core/Src/sysmem.o
 .debug_macro   0x000000000001e456      0x229 Core/Src/system_stm32f3xx.o
 .debug_macro   0x000000000001e67f      0x24d Drivers/STM32F3xx_HAL_Driver/Src/stm32f3xx_hal.o
 .debug_macro   0x000000000001e8cc      0x22a Drivers/STM32F3xx_HAL_Driver/Src/stm32f3xx_hal_adc.o
 .debug_macro   0x000000000001eaf6      0x253 Drivers/STM32F3xx_HAL_Driver/Src/stm32f3xx_hal_adc_ex.o
 .debug_macro   0x000000000001ed49      0x229 Drivers/STM32F3xx_HAL_Driver/Src/stm32f3xx_hal_cortex.o
 .debug_macro   0x000000000001ef72      0x229 Drivers/STM32F3xx_HAL_Driver/Src/stm32f3xx_hal_dma.o
 .debug_macro   0x000000000001f19b      0x261 Drivers/STM32F3xx_HAL_Driver/Src/stm32f3xx_hal_gpio.o
 .debug_macro   0x000000000001f3fc      0x2ee Drivers/STM32F3xx_HAL_Driver/Src/stm32f3xx_hal_i2c.o
 .debug_macro   0x000000000001f6ea      0x229 Drivers/STM32F3xx_HAL_Driver/Src/stm32f3xx_hal_i2c_ex.o
 .debug_macro   0x000000000001f913      0x235 Drivers/STM32F3xx_HAL_Driver/Src/stm32f3xx_hal_pcd.o
 .debug_macro   0x000000000001fb48      0x24d Drivers/STM32F3xx_HAL_Driver/Src/stm32f3xx_hal_rcc.o
 .debug_macro   0x000000000001fd95      0x229 Drivers/STM32F3xx_HAL_Driver/Src/stm32f3xx_hal_rcc_ex.o
 .debug_macro   0x000000000001ffbe      0x231 Drivers/STM32F3xx_HAL_Driver/Src/stm32f3xx_hal_spi.o
 .debug_macro   0x00000000000201ef      0x22a Drivers/STM32F3xx_HAL_Driver/Src/stm32f3xx_hal_tim.o
 .debug_macro   0x0000000000020419      0x229 Drivers/STM32F3xx_HAL_Driver/Src/stm32f3xx_hal_tim_ex.o
 .debug_macro   0x0000000000020642      0x246 Drivers/STM32F3xx_HAL_Driver/Src/stm32f3xx_hal_uart.o
 .debug_macro   0x0000000000020888      0x229 Drivers/STM32F3xx_HAL_Driver/Src/stm32f3xx_hal_uart_ex.o
 .debug_macro   0x0000000000020ab1      0x229 Drivers/STM32F3xx_HAL_Driver/Src/stm32f3xx_ll_usb.o

.debug_line     0x0000000000000000    0x14694
 .debug_line    0x0000000000000000      0xc34 Core/Src/LiquidCrystal.o
 .debug_line    0x0000000000000c34      0x922 Core/Src/main.o
 .debug_line    0x0000000000001556      0x89c Core/Src/stm32f3xx_hal_msp.o
 .debug_line    0x0000000000001df2      0xea7 Core/Src/stm32f3xx_it.o
 .debug_line    0x0000000000002c99      0x49a Core/Src/sysmem.o
 .debug_line    0x0000000000003133      0x78e Core/Src/system_stm32f3xx.o
 .debug_line    0x00000000000038c1       0x88 Core/Startup/startup_stm32f303vctx.o
 .debug_line    0x0000000000003949      0x94c Drivers/STM32F3xx_HAL_Driver/Src/stm32f3xx_hal.o
 .debug_line    0x0000000000004295      0x8fb Drivers/STM32F3xx_HAL_Driver/Src/stm32f3xx_hal_adc.o
 .debug_line    0x0000000000004b90     0x1a4a Drivers/STM32F3xx_HAL_Driver/Src/stm32f3xx_hal_adc_ex.o
 .debug_line    0x00000000000065da      0xa81 Drivers/STM32F3xx_HAL_Driver/Src/stm32f3xx_hal_cortex.o