stm32f3xx_it.c:96:6:NMI_Handler	4	static
stm32f3xx_it.c:110:6:HardFault_Handler	4	static
stm32f3xx_it.c:125:6:MemManage_Handler	4	static
stm32f3xx_it.c:140:6:BusFault_Handler	4	static
stm32f3xx_it.c:155:6:UsageFault_Handler	4	static
stm32f3xx_it.c:170:6:SVC_Handler	4	static
stm32f3xx_it.c:183:6:DebugMon_Handler	4	static
stm32f3xx_it.c:196:6:PendSV_Handler	4	static
stm32f3xx_it.c:209:6:SysTick_Handler	8	static
stm32f3xx_it.c:230:6:EXTI4_IRQHandler	8	static
stm32f3xx_it.c:244:6:ADC1_2_IRQHandler	24	static
stm32f3xx_it.c:272:6:TIM2_IRQHandler	8	static
stm32f3xx_it.c:312:6:TIM3_IRQHandler	16	static
stm32f3xx_it.c:393:6:USART2_IRQHandler	8	static
stm32f3xx_it.c:437:6:EXTI15_10_IRQHandler	8	static
stm32f3xx_it.c:451:6:updateWindowMarioPosition	16	static
stm32f3xx_it.c:503:6:updateMarioPosition	16	static
stm32f3xx_it.c:528:6:updateMap	456	static
stm32f3xx_it.c:601:6:showMap	352	static
stm32f3xx_it.c:633:6:fillTestMap	24	static
stm32f3xx_it.c:663:6:createMap	40	static
stm32f3xx_it.c:706:6:heartMarioPage	8	static
stm32f3xx_it.c:713:6:gameOverPage	336	static
stm32f3xx_it.c:734:6:displayLcd	40	static
stm32f3xx_it.c:756:6:winGamePage	120	static
stm32f3xx_it.c:770:6:BCDtoSev	32	static
stm32f3xx_it.c:784:6:sevenSeg	16	static
stm32f3xx_it.c:801:6:decLed	8	static
stm32f3xx_it.c:816:6:HAL_GPIO_EXTI_Callback	24	static
