stm32f3xx_it.c:87:6:NMI_Handler	4	static
stm32f3xx_it.c:100:6:HardFault_Handler	4	static
stm32f3xx_it.c:113:6:MemManage_Handler	4	static
stm32f3xx_it.c:126:6:BusFault_Handler	4	static
stm32f3xx_it.c:139:6:UsageFault_Handler	4	static
stm32f3xx_it.c:152:6:SVC_Handler	4	static
stm32f3xx_it.c:164:6:DebugMon_Handler	4	static
stm32f3xx_it.c:176:6:PendSV_Handler	4	static
stm32f3xx_it.c:188:6:SysTick_Handler	8	static
stm32f3xx_it.c:208:6:TIM3_IRQHandler	8	static
stm32f3xx_it.c:259:6:USART2_IRQHandler	8	static
stm32f3xx_it.c:286:6:updateWindowMarioPosition	16	static
stm32f3xx_it.c:325:6:updateMarioPosition	16	static
stm32f3xx_it.c:335:6:updateMap	352	static
stm32f3xx_it.c:370:6:showMap	352	static
stm32f3xx_it.c:397:6:fillTestMap	24	static
