stm32f3xx_it.c:94:6:NMI_Handler	4	static
stm32f3xx_it.c:108:6:HardFault_Handler	4	static
stm32f3xx_it.c:123:6:MemManage_Handler	4	static
stm32f3xx_it.c:138:6:BusFault_Handler	4	static
stm32f3xx_it.c:153:6:UsageFault_Handler	4	static
stm32f3xx_it.c:168:6:SVC_Handler	4	static
stm32f3xx_it.c:181:6:DebugMon_Handler	4	static
stm32f3xx_it.c:194:6:PendSV_Handler	4	static
stm32f3xx_it.c:207:6:SysTick_Handler	8	static
stm32f3xx_it.c:228:6:ADC1_2_IRQHandler	24	static
stm32f3xx_it.c:256:6:TIM2_IRQHandler	8	static
stm32f3xx_it.c:296:6:TIM3_IRQHandler	16	static
stm32f3xx_it.c:377:6:USART2_IRQHandler	8	static
stm32f3xx_it.c:421:6:updateWindowMarioPosition	16	static
stm32f3xx_it.c:473:6:updateMarioPosition	16	static
stm32f3xx_it.c:498:6:updateMap	456	static
stm32f3xx_it.c:571:6:showMap	352	static
stm32f3xx_it.c:603:6:fillTestMap	24	static
stm32f3xx_it.c:633:6:createMap	40	static
stm32f3xx_it.c:676:6:heartMarioPage	8	static
stm32f3xx_it.c:683:6:gameOverPage	336	static
stm32f3xx_it.c:704:6:displayLcd	40	static
stm32f3xx_it.c:726:6:winGamePage	120	static
stm32f3xx_it.c:740:6:BCDtoSev	32	static
stm32f3xx_it.c:754:6:sevenSeg	16	static
stm32f3xx_it.c:771:6:decLed	8	static
